Java HotSpot(TM) 64-Bit Server VM (25.65-b01) for windows-amd64 JRE (1.8.0_65-b17), built on Oct  6 2015 16:39:20 by "java_re" with MS VC++ 10.0 (VS2010)
Memory: 4k page, physical 8370208k(2364640k free), swap 13102512k(2316016k free)
CommandLine flags: -XX:CMSInitiatingOccupancyFraction=50 -XX:CMSMaxAbortablePrecleanTime=6000 -XX:+CMSParallelRemarkEnabled -XX:+CMSScavengeBeforeRemark -XX:ConcGCThreads=4 -XX:InitialHeapSize=536870912 -XX:MaxHeapSize=536870912 -XX:MaxTenuringThreshold=8 -XX:NewRatio=3 -XX:OldPLABSize=16 -XX:ParallelGCThreads=4 -XX:+ParallelRefProcEnabled -XX:PretenureSizeThreshold=67108864 -XX:+PrintGC -XX:+PrintGCApplicationStoppedTime -XX:+PrintGCDateStamps -XX:+PrintGCDetails -XX:+PrintGCTimeStamps -XX:+PrintHeapAtGC -XX:+PrintTenuringDistribution -XX:SurvivorRatio=4 -XX:TargetSurvivorRatio=90 -XX:ThreadStackSize=256 -XX:+UseCMSInitiatingOccupancyOnly -XX:+UseCompressedClassPointers -XX:+UseCompressedOops -XX:+UseConcMarkSweepGC -XX:-UseLargePagesIndividualAllocation -XX:+UseParNewGC 
2016-05-30T21:28:05.229+0200: 0.191: Total time for which application threads were stopped: 0.0010601 seconds, Stopping threads took: 0.0000154 seconds
2016-05-30T21:28:05.697+0200: 0.659: Total time for which application threads were stopped: 0.0000918 seconds, Stopping threads took: 0.0000154 seconds
2016-05-30T21:28:06.252+0200: 1.214: Total time for which application threads were stopped: 0.0001192 seconds, Stopping threads took: 0.0000154 seconds
2016-05-30T21:28:06.629+0200: 1.590: Total time for which application threads were stopped: 0.0001373 seconds, Stopping threads took: 0.0000257 seconds
2016-05-30T21:28:06.732+0200: 1.694: Total time for which application threads were stopped: 0.0001491 seconds, Stopping threads took: 0.0000163 seconds
2016-05-30T21:28:07.071+0200: 2.033: Total time for which application threads were stopped: 0.0002267 seconds, Stopping threads took: 0.0000229 seconds
2016-05-30T21:28:07.543+0200: 2.504: Total time for which application threads were stopped: 0.0003852 seconds, Stopping threads took: 0.0000634 seconds
2016-05-30T21:28:07.544+0200: 2.506: Total time for which application threads were stopped: 0.0002065 seconds, Stopping threads took: 0.0000148 seconds
2016-05-30T21:28:07.546+0200: 2.508: Total time for which application threads were stopped: 0.0002339 seconds, Stopping threads took: 0.0000220 seconds
2016-05-30T21:28:08.546+0200: 3.508: Total time for which application threads were stopped: 0.0001138 seconds, Stopping threads took: 0.0000278 seconds
2016-05-30T21:28:09.119+0200: 4.081: Total time for which application threads were stopped: 0.0001621 seconds, Stopping threads took: 0.0000169 seconds
2016-05-30T21:28:12.417+0200: 7.379: Total time for which application threads were stopped: 0.0001026 seconds, Stopping threads took: 0.0000534 seconds
2016-05-30T21:28:12.417+0200: 7.379: Total time for which application threads were stopped: 0.0000872 seconds, Stopping threads took: 0.0000435 seconds
2016-05-30T21:28:12.473+0200: 7.435: Total time for which application threads were stopped: 0.0002216 seconds, Stopping threads took: 0.0000184 seconds
2016-05-30T21:28:12.504+0200: 7.466: Total time for which application threads were stopped: 0.0001204 seconds, Stopping threads took: 0.0000335 seconds
2016-05-30T21:28:12.504+0200: 7.466: Total time for which application threads were stopped: 0.0000555 seconds, Stopping threads took: 0.0000220 seconds
2016-05-30T21:28:12.512+0200: 7.473: Total time for which application threads were stopped: 0.0000996 seconds, Stopping threads took: 0.0000241 seconds
{Heap before GC invocations=0 (full 0):
 par new generation   total 109248K, used 87424K [0x00000000e0000000, 0x00000000e8000000, 0x00000000e8000000)
  eden space 87424K, 100% used [0x00000000e0000000, 0x00000000e5560000, 0x00000000e5560000)
  from space 21824K,   0% used [0x00000000e5560000, 0x00000000e5560000, 0x00000000e6ab0000)
  to   space 21824K,   0% used [0x00000000e6ab0000, 0x00000000e6ab0000, 0x00000000e8000000)
 concurrent mark-sweep generation total 393216K, used 0K [0x00000000e8000000, 0x0000000100000000, 0x0000000100000000)
 Metaspace       used 17396K, capacity 17694K, committed 17920K, reserved 1064960K
  class space    used 2103K, capacity 2235K, committed 2304K, reserved 1048576K
2016-05-30T21:28:12.520+0200: 7.482: [GC (Allocation Failure) 2016-05-30T21:28:12.520+0200: 7.482: [ParNew
Desired survivor size 20112992 bytes, new threshold 8 (max 8)
- age   1:   10826224 bytes,   10826224 total
: 87424K->10671K(109248K), 0.0094555 secs] 87424K->10671K(502464K), 0.0095231 secs] [Times: user=0.00 sys=0.00, real=0.01 secs] 
Heap after GC invocations=1 (full 0):
 par new generation   total 109248K, used 10671K [0x00000000e0000000, 0x00000000e8000000, 0x00000000e8000000)
  eden space 87424K,   0% used [0x00000000e0000000, 0x00000000e0000000, 0x00000000e5560000)
  from space 21824K,  48% used [0x00000000e6ab0000, 0x00000000e751be70, 0x00000000e8000000)
  to   space 21824K,   0% used [0x00000000e5560000, 0x00000000e5560000, 0x00000000e6ab0000)
 concurrent mark-sweep generation total 393216K, used 0K [0x00000000e8000000, 0x0000000100000000, 0x0000000100000000)
 Metaspace       used 17396K, capacity 17694K, committed 17920K, reserved 1064960K
  class space    used 2103K, capacity 2235K, committed 2304K, reserved 1048576K
}
2016-05-30T21:28:12.530+0200: 7.492: Total time for which application threads were stopped: 0.0097812 seconds, Stopping threads took: 0.0000175 seconds
2016-05-30T21:28:12.744+0200: 7.706: Total time for which application threads were stopped: 0.0001241 seconds, Stopping threads took: 0.0000254 seconds
2016-05-30T21:28:12.781+0200: 7.744: Total time for which application threads were stopped: 0.0000667 seconds, Stopping threads took: 0.0000251 seconds
2016-05-30T21:28:13.885+0200: 8.846: Total time for which application threads were stopped: 0.0000673 seconds, Stopping threads took: 0.0000235 seconds
2016-05-30T21:28:13.885+0200: 8.847: Total time for which application threads were stopped: 0.0000377 seconds, Stopping threads took: 0.0000148 seconds
2016-05-30T21:28:13.885+0200: 8.847: Total time for which application threads were stopped: 0.0000251 seconds, Stopping threads took: 0.0000085 seconds
2016-05-30T21:28:14.107+0200: 9.069: Total time for which application threads were stopped: 0.0002690 seconds, Stopping threads took: 0.0000178 seconds
2016-05-30T21:28:14.131+0200: 9.092: Total time for which application threads were stopped: 0.0002994 seconds, Stopping threads took: 0.0000275 seconds
2016-05-30T21:28:14.149+0200: 9.110: Total time for which application threads were stopped: 0.0002376 seconds, Stopping threads took: 0.0000199 seconds
2016-05-30T21:28:14.397+0200: 9.358: Total time for which application threads were stopped: 0.0001549 seconds, Stopping threads took: 0.0000287 seconds
2016-05-30T21:28:14.397+0200: 9.359: Total time for which application threads were stopped: 0.0000679 seconds, Stopping threads took: 0.0000450 seconds
2016-05-30T21:28:14.397+0200: 9.359: Total time for which application threads were stopped: 0.0000601 seconds, Stopping threads took: 0.0000190 seconds
2016-05-30T21:28:14.398+0200: 9.359: Total time for which application threads were stopped: 0.0000377 seconds, Stopping threads took: 0.0000085 seconds
2016-05-30T21:28:14.398+0200: 9.359: Total time for which application threads were stopped: 0.0000528 seconds, Stopping threads took: 0.0000196 seconds
2016-05-30T21:28:14.398+0200: 9.359: Total time for which application threads were stopped: 0.0000441 seconds, Stopping threads took: 0.0000127 seconds
2016-05-30T21:28:14.421+0200: 9.383: Total time for which application threads were stopped: 0.0000694 seconds, Stopping threads took: 0.0000187 seconds
2016-05-30T21:28:14.456+0200: 9.418: Total time for which application threads were stopped: 0.0002025 seconds, Stopping threads took: 0.0001464 seconds
2016-05-30T21:28:14.456+0200: 9.418: Total time for which application threads were stopped: 0.0002261 seconds, Stopping threads took: 0.0000172 seconds
2016-05-30T21:28:14.457+0200: 9.419: Total time for which application threads were stopped: 0.0001564 seconds, Stopping threads took: 0.0001192 seconds
2016-05-30T21:28:14.479+0200: 9.440: Total time for which application threads were stopped: 0.0000939 seconds, Stopping threads took: 0.0000272 seconds
2016-05-30T21:28:14.479+0200: 9.441: Total time for which application threads were stopped: 0.0000601 seconds, Stopping threads took: 0.0000072 seconds
2016-05-30T21:28:14.479+0200: 9.441: Total time for which application threads were stopped: 0.0000447 seconds, Stopping threads took: 0.0000097 seconds
2016-05-30T21:28:14.483+0200: 9.444: Total time for which application threads were stopped: 0.0006433 seconds, Stopping threads took: 0.0005886 seconds
2016-05-30T21:28:14.486+0200: 9.448: Total time for which application threads were stopped: 0.0001174 seconds, Stopping threads took: 0.0000740 seconds
2016-05-30T21:28:14.487+0200: 9.448: Total time for which application threads were stopped: 0.0000649 seconds, Stopping threads took: 0.0000389 seconds
2016-05-30T21:28:14.487+0200: 9.448: Total time for which application threads were stopped: 0.0000438 seconds, Stopping threads took: 0.0000241 seconds
2016-05-30T21:28:14.487+0200: 9.448: Total time for which application threads were stopped: 0.0000435 seconds, Stopping threads took: 0.0000187 seconds
{Heap before GC invocations=1 (full 0):
 par new generation   total 109248K, used 98095K [0x00000000e0000000, 0x00000000e8000000, 0x00000000e8000000)
  eden space 87424K, 100% used [0x00000000e0000000, 0x00000000e5560000, 0x00000000e5560000)
  from space 21824K,  48% used [0x00000000e6ab0000, 0x00000000e751be70, 0x00000000e8000000)
  to   space 21824K,   0% used [0x00000000e5560000, 0x00000000e5560000, 0x00000000e6ab0000)
 concurrent mark-sweep generation total 393216K, used 0K [0x00000000e8000000, 0x0000000100000000, 0x0000000100000000)
 Metaspace       used 21264K, capacity 21520K, committed 21884K, reserved 1069056K
  class space    used 2608K, capacity 2720K, committed 2764K, reserved 1048576K
2016-05-30T21:28:14.491+0200: 9.453: [GC (Allocation Failure) 2016-05-30T21:28:14.491+0200: 9.453: [ParNew
Desired survivor size 20112992 bytes, new threshold 8 (max 8)
- age   1:    5264224 bytes,    5264224 total
- age   2:    5454256 bytes,   10718480 total
: 98095K->13369K(109248K), 0.0085384 secs] 98095K->13369K(502464K), 0.0086350 secs] [Times: user=0.02 sys=0.05, real=0.01 secs] 
Heap after GC invocations=2 (full 0):
 par new generation   total 109248K, used 13369K [0x00000000e0000000, 0x00000000e8000000, 0x00000000e8000000)
  eden space 87424K,   0% used [0x00000000e0000000, 0x00000000e0000000, 0x00000000e5560000)
  from space 21824K,  61% used [0x00000000e5560000, 0x00000000e626e580, 0x00000000e6ab0000)
  to   space 21824K,   0% used [0x00000000e6ab0000, 0x00000000e6ab0000, 0x00000000e8000000)
 concurrent mark-sweep generation total 393216K, used 0K [0x00000000e8000000, 0x0000000100000000, 0x0000000100000000)
 Metaspace       used 21264K, capacity 21520K, committed 21884K, reserved 1069056K
  class space    used 2608K, capacity 2720K, committed 2764K, reserved 1048576K
}
2016-05-30T21:28:14.500+0200: 9.462: Total time for which application threads were stopped: 0.0088656 seconds, Stopping threads took: 0.0000661 seconds
2016-05-30T21:28:14.501+0200: 9.462: Total time for which application threads were stopped: 0.0001337 seconds, Stopping threads took: 0.0000785 seconds
2016-05-30T21:28:14.501+0200: 9.462: [GC (CMS Initial Mark) [1 CMS-initial-mark: 0K(393216K)] 15131K(502464K), 0.0025595 secs] [Times: user=0.00 sys=0.00, real=0.00 secs] 
2016-05-30T21:28:14.504+0200: 9.465: Total time for which application threads were stopped: 0.0027192 seconds, Stopping threads took: 0.0000700 seconds
2016-05-30T21:28:14.504+0200: 9.465: [CMS-concurrent-mark-start]
2016-05-30T21:28:14.504+0200: 9.465: [CMS-concurrent-mark: 0.000/0.000 secs] [Times: user=0.00 sys=0.00, real=0.00 secs] 
2016-05-30T21:28:14.504+0200: 9.465: [CMS-concurrent-preclean-start]
2016-05-30T21:28:14.505+0200: 9.466: [CMS-concurrent-preclean: 0.001/0.001 secs] [Times: user=0.00 sys=0.00, real=0.00 secs] 
2016-05-30T21:28:14.505+0200: 9.466: Total time for which application threads were stopped: 0.0001289 seconds, Stopping threads took: 0.0000471 seconds
2016-05-30T21:28:14.505+0200: 9.466: [CMS-concurrent-abortable-preclean-start]
2016-05-30T21:28:14.506+0200: 9.467: Total time for which application threads were stopped: 0.0001147 seconds, Stopping threads took: 0.0000235 seconds
2016-05-30T21:28:14.509+0200: 9.471: Total time for which application threads were stopped: 0.0001349 seconds, Stopping threads took: 0.0000887 seconds
2016-05-30T21:28:14.525+0200: 9.487: Total time for which application threads were stopped: 0.0001093 seconds, Stopping threads took: 0.0000241 seconds
2016-05-30T21:28:14.527+0200: 9.489: Total time for which application threads were stopped: 0.0001271 seconds, Stopping threads took: 0.0000616 seconds
2016-05-30T21:28:14.527+0200: 9.489: Total time for which application threads were stopped: 0.0000890 seconds, Stopping threads took: 0.0000350 seconds
2016-05-30T21:28:14.528+0200: 9.489: Total time for which application threads were stopped: 0.0000761 seconds, Stopping threads took: 0.0000347 seconds
2016-05-30T21:28:14.529+0200: 9.490: Total time for which application threads were stopped: 0.0000628 seconds, Stopping threads took: 0.0000127 seconds
2016-05-30T21:28:14.529+0200: 9.490: Total time for which application threads were stopped: 0.0000498 seconds, Stopping threads took: 0.0000115 seconds
2016-05-30T21:28:14.531+0200: 9.492: Total time for which application threads were stopped: 0.0000640 seconds, Stopping threads took: 0.0000260 seconds
2016-05-30T21:28:14.532+0200: 9.493: Total time for which application threads were stopped: 0.0000957 seconds, Stopping threads took: 0.0000444 seconds
2016-05-30T21:28:14.532+0200: 9.494: Total time for which application threads were stopped: 0.0001005 seconds, Stopping threads took: 0.0000513 seconds
2016-05-30T21:28:14.534+0200: 9.495: Total time for which application threads were stopped: 0.0000676 seconds, Stopping threads took: 0.0000281 seconds
2016-05-30T21:28:14.535+0200: 9.496: Total time for which application threads were stopped: 0.0001684 seconds, Stopping threads took: 0.0000474 seconds
2016-05-30T21:28:14.540+0200: 9.501: Total time for which application threads were stopped: 0.0009521 seconds, Stopping threads took: 0.0008851 seconds
2016-05-30T21:28:14.566+0200: 9.528: Total time for which application threads were stopped: 0.0001210 seconds, Stopping threads took: 0.0000347 seconds
2016-05-30T21:28:14.574+0200: 9.535: Total time for which application threads were stopped: 0.0002490 seconds, Stopping threads took: 0.0001820 seconds
2016-05-30T21:28:14.596+0200: 9.558: Total time for which application threads were stopped: 0.0001543 seconds, Stopping threads took: 0.0000897 seconds
2016-05-30T21:28:14.621+0200: 9.583: Total time for which application threads were stopped: 0.0001123 seconds, Stopping threads took: 0.0000465 seconds
2016-05-30T21:28:14.621+0200: 9.583: [CMS-concurrent-abortable-preclean: 0.068/0.116 secs] [Times: user=0.27 sys=0.00, real=0.12 secs] 
2016-05-30T21:28:14.621+0200: 9.583: [GC (CMS Final Remark) [YG occupancy: 77184 K (109248 K)]{Heap before GC invocations=2 (full 1):
 par new generation   total 109248K, used 77184K [0x00000000e0000000, 0x00000000e8000000, 0x00000000e8000000)
  eden space 87424K,  72% used [0x00000000e0000000, 0x00000000e3e51a90, 0x00000000e5560000)
  from space 21824K,  61% used [0x00000000e5560000, 0x00000000e626e580, 0x00000000e6ab0000)
  to   space 21824K,   0% used [0x00000000e6ab0000, 0x00000000e6ab0000, 0x00000000e8000000)
 concurrent mark-sweep generation total 393216K, used 0K [0x00000000e8000000, 0x0000000100000000, 0x0000000100000000)
 Metaspace       used 22122K, capacity 22440K, committed 22880K, reserved 1069056K
  class space    used 2711K, capacity 2852K, committed 2916K, reserved 1048576K
2016-05-30T21:28:14.621+0200: 9.583: [GC (CMS Final Remark) 2016-05-30T21:28:14.621+0200: 9.583: [ParNew
Desired survivor size 20112992 bytes, new threshold 8 (max 8)
- age   1:    1263696 bytes,    1263696 total
- age   2:    1743720 bytes,    3007416 total
- age   3:    5452640 bytes,    8460056 total
: 77184K->9521K(109248K), 0.0073512 secs] 77184K->9521K(502464K), 0.0073959 secs] [Times: user=0.06 sys=0.00, real=0.01 secs] 
Heap after GC invocations=3 (full 1):
 par new generation   total 109248K, used 9521K [0x00000000e0000000, 0x00000000e8000000, 0x00000000e8000000)
  eden space 87424K,   0% used [0x00000000e0000000, 0x00000000e0000000, 0x00000000e5560000)
  from space 21824K,  43% used [0x00000000e6ab0000, 0x00000000e73fc6a0, 0x00000000e8000000)
  to   space 21824K,   0% used [0x00000000e5560000, 0x00000000e5560000, 0x00000000e6ab0000)
 concurrent mark-sweep generation total 393216K, used 0K [0x00000000e8000000, 0x0000000100000000, 0x0000000100000000)
 Metaspace       used 22122K, capacity 22440K, committed 22880K, reserved 1069056K
  class space    used 2711K, capacity 2852K, committed 2916K, reserved 1048576K
}
2016-05-30T21:28:14.629+0200: 9.590: [Rescan (parallel) , 0.0027252 secs]2016-05-30T21:28:14.631+0200: 9.593: [weak refs processing, 0.0003145 secs]2016-05-30T21:28:14.632+0200: 9.593: [class unloading, 0.0029815 secs]2016-05-30T21:28:14.635+0200: 9.596: [scrub symbol table, 0.0026678 secs]2016-05-30T21:28:14.637+0200: 9.599: [scrub string table, 0.0003106 secs][1 CMS-remark: 0K(393216K)] 9521K(502464K), 0.0172139 secs] [Times: user=0.06 sys=0.00, real=0.02 secs] 
2016-05-30T21:28:14.638+0200: 9.600: Total time for which application threads were stopped: 0.0172872 seconds, Stopping threads took: 0.0000205 seconds
2016-05-30T21:28:14.638+0200: 9.600: [CMS-concurrent-sweep-start]
2016-05-30T21:28:14.638+0200: 9.600: [CMS-concurrent-sweep: 0.000/0.000 secs] [Times: user=0.00 sys=0.00, real=0.00 secs] 
2016-05-30T21:28:14.639+0200: 9.600: [CMS-concurrent-reset-start]
2016-05-30T21:28:14.640+0200: 9.602: [CMS-concurrent-reset: 0.002/0.002 secs] [Times: user=0.01 sys=0.02, real=0.00 secs] 
2016-05-30T21:28:14.673+0200: 9.635: Total time for which application threads were stopped: 0.0000884 seconds, Stopping threads took: 0.0000178 seconds
2016-05-30T21:28:14.765+0200: 9.727: Total time for which application threads were stopped: 0.0001383 seconds, Stopping threads took: 0.0000561 seconds
2016-05-30T21:28:14.766+0200: 9.727: Total time for which application threads were stopped: 0.0000543 seconds, Stopping threads took: 0.0000124 seconds
2016-05-30T21:28:14.766+0200: 9.727: Total time for which application threads were stopped: 0.0000377 seconds, Stopping threads took: 0.0000078 seconds
2016-05-30T21:28:14.766+0200: 9.727: Total time for which application threads were stopped: 0.0000408 seconds, Stopping threads took: 0.0000075 seconds
2016-05-30T21:28:14.766+0200: 9.727: Total time for which application threads were stopped: 0.0000501 seconds, Stopping threads took: 0.0000139 seconds
2016-05-30T21:28:14.766+0200: 9.728: Total time for which application threads were stopped: 0.0000468 seconds, Stopping threads took: 0.0000148 seconds
2016-05-30T21:28:14.766+0200: 9.728: Total time for which application threads were stopped: 0.0000438 seconds, Stopping threads took: 0.0000139 seconds
2016-05-30T21:28:14.766+0200: 9.728: Total time for which application threads were stopped: 0.0000374 seconds, Stopping threads took: 0.0000088 seconds
2016-05-30T21:28:14.766+0200: 9.728: Total time for which application threads were stopped: 0.0000374 seconds, Stopping threads took: 0.0000091 seconds
2016-05-30T21:28:14.766+0200: 9.728: Total time for which application threads were stopped: 0.0000465 seconds, Stopping threads took: 0.0000172 seconds
2016-05-30T21:28:14.767+0200: 9.728: Total time for which application threads were stopped: 0.0006318 seconds, Stopping threads took: 0.0005980 seconds
2016-05-30T21:28:14.767+0200: 9.729: Total time for which application threads were stopped: 0.0000389 seconds, Stopping threads took: 0.0000085 seconds
2016-05-30T21:28:14.767+0200: 9.729: Total time for which application threads were stopped: 0.0000356 seconds, Stopping threads took: 0.0000094 seconds
2016-05-30T21:28:14.767+0200: 9.729: Total time for which application threads were stopped: 0.0000444 seconds, Stopping threads took: 0.0000100 seconds
2016-05-30T21:28:14.767+0200: 9.729: Total time for which application threads were stopped: 0.0000347 seconds, Stopping threads took: 0.0000078 seconds
2016-05-30T21:28:14.767+0200: 9.729: Total time for which application threads were stopped: 0.0000371 seconds, Stopping threads took: 0.0000072 seconds
2016-05-30T21:28:14.767+0200: 9.729: Total time for which application threads were stopped: 0.0001183 seconds, Stopping threads took: 0.0000082 seconds
2016-05-30T21:28:14.781+0200: 9.742: Total time for which application threads were stopped: 0.0000857 seconds, Stopping threads took: 0.0000293 seconds
2016-05-30T21:28:14.787+0200: 9.749: Total time for which application threads were stopped: 0.0000715 seconds, Stopping threads took: 0.0000193 seconds
2016-05-30T21:28:14.790+0200: 9.752: Total time for which application threads were stopped: 0.0000685 seconds, Stopping threads took: 0.0000187 seconds
2016-05-30T21:28:14.790+0200: 9.752: Total time for which application threads were stopped: 0.0000477 seconds, Stopping threads took: 0.0000127 seconds
2016-05-30T21:28:14.812+0200: 9.774: Total time for which application threads were stopped: 0.0000827 seconds, Stopping threads took: 0.0000172 seconds
2016-05-30T21:28:14.884+0200: 9.846: Total time for which application threads were stopped: 0.0000703 seconds, Stopping threads took: 0.0000223 seconds
2016-05-30T21:28:14.947+0200: 9.909: Total time for which application threads were stopped: 0.0002934 seconds, Stopping threads took: 0.0000214 seconds
2016-05-30T21:28:15.209+0200: 10.170: Total time for which application threads were stopped: 0.0001174 seconds, Stopping threads took: 0.0000272 seconds
2016-05-30T21:28:15.209+0200: 10.171: Total time for which application threads were stopped: 0.0000299 seconds, Stopping threads took: 0.0000091 seconds
2016-05-30T21:28:15.251+0200: 10.212: Total time for which application threads were stopped: 0.0000752 seconds, Stopping threads took: 0.0000226 seconds
2016-05-30T21:28:15.300+0200: 10.261: Total time for which application threads were stopped: 0.0000857 seconds, Stopping threads took: 0.0000223 seconds
2016-05-30T21:28:15.397+0200: 10.359: Total time for which application threads were stopped: 0.0003601 seconds, Stopping threads took: 0.0000800 seconds
2016-05-30T21:28:15.399+0200: 10.361: Total time for which application threads were stopped: 0.0000432 seconds, Stopping threads took: 0.0000235 seconds
2016-05-30T21:28:15.424+0200: 10.385: Total time for which application threads were stopped: 0.0003737 seconds, Stopping threads took: 0.0000232 seconds
2016-05-30T21:28:15.469+0200: 10.431: Total time for which application threads were stopped: 0.0001301 seconds, Stopping threads took: 0.0000504 seconds
2016-05-30T21:28:15.470+0200: 10.432: Total time for which application threads were stopped: 0.0000534 seconds, Stopping threads took: 0.0000109 seconds
2016-05-30T21:28:15.471+0200: 10.432: Total time for which application threads were stopped: 0.0000383 seconds, Stopping threads took: 0.0000118 seconds
2016-05-30T21:28:15.473+0200: 10.435: Total time for which application threads were stopped: 0.0000549 seconds, Stopping threads took: 0.0000154 seconds
{Heap before GC invocations=3 (full 1):
 par new generation   total 109248K, used 96945K [0x00000000e0000000, 0x00000000e8000000, 0x00000000e8000000)
  eden space 87424K, 100% used [0x00000000e0000000, 0x00000000e5560000, 0x00000000e5560000)
  from space 21824K,  43% used [0x00000000e6ab0000, 0x00000000e73fc6a0, 0x00000000e8000000)
  to   space 21824K,   0% used [0x00000000e5560000, 0x00000000e5560000, 0x00000000e6ab0000)
 concurrent mark-sweep generation total 393216K, used 0K [0x00000000e8000000, 0x0000000100000000, 0x0000000100000000)
 Metaspace       used 25698K, capacity 26080K, committed 26336K, reserved 1073152K
  class space    used 3168K, capacity 3300K, committed 3300K, reserved 1048576K
2016-05-30T21:28:15.553+0200: 10.515: [GC (Allocation Failure) 2016-05-30T21:28:15.553+0200: 10.515: [ParNew
Desired survivor size 20112992 bytes, new threshold 8 (max 8)
- age   1:    3752072 bytes,    3752072 total
- age   2:     191776 bytes,    3943848 total
- age   3:    1144200 bytes,    5088048 total
- age   4:    5445248 bytes,   10533296 total
: 96945K->17153K(109248K), 0.0071242 secs] 96945K->17153K(502464K), 0.0072078 secs] [Times: user=0.00 sys=0.00, real=0.01 secs] 
Heap after GC invocations=4 (full 1):
 par new generation   total 109248K, used 17153K [0x00000000e0000000, 0x00000000e8000000, 0x00000000e8000000)
  eden space 87424K,   0% used [0x00000000e0000000, 0x00000000e0000000, 0x00000000e5560000)
  from space 21824K,  78% used [0x00000000e5560000, 0x00000000e6620500, 0x00000000e6ab0000)
  to   space 21824K,   0% used [0x00000000e6ab0000, 0x00000000e6ab0000, 0x00000000e8000000)
 concurrent mark-sweep generation total 393216K, used 0K [0x00000000e8000000, 0x0000000100000000, 0x0000000100000000)
 Metaspace       used 25698K, capacity 26080K, committed 26336K, reserved 1073152K
  class space    used 3168K, capacity 3300K, committed 3300K, reserved 1048576K
}
2016-05-30T21:28:15.560+0200: 10.522: Total time for which application threads were stopped: 0.0073829 seconds, Stopping threads took: 0.0000202 seconds
2016-05-30T21:28:15.726+0200: 10.687: Total time for which application threads were stopped: 0.0001443 seconds, Stopping threads took: 0.0000341 seconds
2016-05-30T21:28:16.726+0200: 11.687: Total time for which application threads were stopped: 0.0001026 seconds, Stopping threads took: 0.0000341 seconds
2016-05-30T21:28:20.268+0200: 15.230: Total time for which application threads were stopped: 0.0000613 seconds, Stopping threads took: 0.0000208 seconds
2016-05-30T21:28:20.274+0200: 15.236: Total time for which application threads were stopped: 0.0000607 seconds, Stopping threads took: 0.0000190 seconds
2016-05-30T21:28:20.291+0200: 15.253: Total time for which application threads were stopped: 0.0000851 seconds, Stopping threads took: 0.0000263 seconds
2016-05-30T21:28:20.296+0200: 15.258: Total time for which application threads were stopped: 0.0001283 seconds, Stopping threads took: 0.0000187 seconds
2016-05-30T21:28:20.400+0200: 15.362: Total time for which application threads were stopped: 0.0003553 seconds, Stopping threads took: 0.0000166 seconds
2016-05-30T21:28:20.602+0200: 15.564: Total time for which application threads were stopped: 0.0003194 seconds, Stopping threads took: 0.0000260 seconds
2016-05-30T21:28:21.492+0200: 16.454: Total time for which application threads were stopped: 0.0001413 seconds, Stopping threads took: 0.0000483 seconds
2016-05-30T21:28:21.492+0200: 16.454: Total time for which application threads were stopped: 0.0000592 seconds, Stopping threads took: 0.0000235 seconds
2016-05-30T21:28:21.618+0200: 16.579: Total time for which application threads were stopped: 0.0000933 seconds, Stopping threads took: 0.0000260 seconds
2016-05-30T21:28:21.618+0200: 16.579: Total time for which application threads were stopped: 0.0000350 seconds, Stopping threads took: 0.0000139 seconds
2016-05-30T21:28:26.875+0200: 21.837: Total time for which application threads were stopped: 0.0000975 seconds, Stopping threads took: 0.0000235 seconds
2016-05-30T21:28:26.875+0200: 21.837: Total time for which application threads were stopped: 0.0000417 seconds, Stopping threads took: 0.0000118 seconds
2016-05-30T21:28:26.875+0200: 21.837: Total time for which application threads were stopped: 0.0000574 seconds, Stopping threads took: 0.0000241 seconds
2016-05-30T21:28:26.876+0200: 21.837: Total time for which application threads were stopped: 0.0000676 seconds, Stopping threads took: 0.0000296 seconds
2016-05-30T21:28:26.876+0200: 21.838: Total time for which application threads were stopped: 0.0001244 seconds, Stopping threads took: 0.0000945 seconds
2016-05-30T21:28:26.876+0200: 21.838: Total time for which application threads were stopped: 0.0000869 seconds, Stopping threads took: 0.0000193 seconds
2016-05-30T21:28:26.876+0200: 21.838: Total time for which application threads were stopped: 0.0000806 seconds, Stopping threads took: 0.0000245 seconds
2016-05-30T21:28:26.876+0200: 21.838: Total time for which application threads were stopped: 0.0000571 seconds, Stopping threads took: 0.0000248 seconds
2016-05-30T21:28:26.876+0200: 21.838: Total time for which application threads were stopped: 0.0000525 seconds, Stopping threads took: 0.0000226 seconds
2016-05-30T21:28:26.876+0200: 21.838: Total time for which application threads were stopped: 0.0001123 seconds, Stopping threads took: 0.0000516 seconds
2016-05-30T21:28:26.877+0200: 21.839: Total time for which application threads were stopped: 0.0000555 seconds, Stopping threads took: 0.0000220 seconds
2016-05-30T21:28:26.877+0200: 21.839: Total time for which application threads were stopped: 0.0000604 seconds, Stopping threads took: 0.0000293 seconds
2016-05-30T21:28:27.199+0200: 22.161: Total time for which application threads were stopped: 0.0001014 seconds, Stopping threads took: 0.0000356 seconds
2016-05-30T21:28:27.201+0200: 22.163: Total time for which application threads were stopped: 0.0001099 seconds, Stopping threads took: 0.0000266 seconds
2016-05-30T21:28:27.201+0200: 22.163: Total time for which application threads were stopped: 0.0000492 seconds, Stopping threads took: 0.0000127 seconds
2016-05-30T21:28:27.201+0200: 22.163: Total time for which application threads were stopped: 0.0000447 seconds, Stopping threads took: 0.0000133 seconds
2016-05-30T21:28:27.201+0200: 22.163: Total time for which application threads were stopped: 0.0000507 seconds, Stopping threads took: 0.0000163 seconds
2016-05-30T21:28:27.201+0200: 22.163: Total time for which application threads were stopped: 0.0000543 seconds, Stopping threads took: 0.0000178 seconds
2016-05-30T21:28:27.202+0200: 22.163: Total time for which application threads were stopped: 0.0000525 seconds, Stopping threads took: 0.0000163 seconds
2016-05-30T21:28:27.202+0200: 22.163: Total time for which application threads were stopped: 0.0000619 seconds, Stopping threads took: 0.0000178 seconds
2016-05-30T21:28:27.202+0200: 22.164: Total time for which application threads were stopped: 0.0000522 seconds, Stopping threads took: 0.0000136 seconds
2016-05-30T21:28:27.202+0200: 22.164: Total time for which application threads were stopped: 0.0000715 seconds, Stopping threads took: 0.0000314 seconds
2016-05-30T21:28:27.202+0200: 22.164: Total time for which application threads were stopped: 0.0000571 seconds, Stopping threads took: 0.0000193 seconds
2016-05-30T21:28:27.203+0200: 22.165: Total time for which application threads were stopped: 0.0000890 seconds, Stopping threads took: 0.0000320 seconds
2016-05-30T21:28:27.204+0200: 22.165: Total time for which application threads were stopped: 0.0000540 seconds, Stopping threads took: 0.0000205 seconds
2016-05-30T21:28:27.208+0200: 22.170: Total time for which application threads were stopped: 0.0032858 seconds, Stopping threads took: 0.0029102 seconds
2016-05-30T21:28:27.232+0200: 22.193: Total time for which application threads were stopped: 0.0001195 seconds, Stopping threads took: 0.0000314 seconds
2016-05-30T21:28:27.843+0200: 22.805: Total time for which application threads were stopped: 0.0000993 seconds, Stopping threads took: 0.0000275 seconds
2016-05-30T21:28:27.844+0200: 22.805: Total time for which application threads were stopped: 0.0000519 seconds, Stopping threads took: 0.0000142 seconds
2016-05-30T21:28:27.844+0200: 22.805: Total time for which application threads were stopped: 0.0000697 seconds, Stopping threads took: 0.0000275 seconds
2016-05-30T21:28:27.844+0200: 22.805: Total time for which application threads were stopped: 0.0000567 seconds, Stopping threads took: 0.0000205 seconds
2016-05-30T21:28:27.844+0200: 22.806: Total time for which application threads were stopped: 0.0000567 seconds, Stopping threads took: 0.0000196 seconds
2016-05-30T21:28:27.844+0200: 22.806: Total time for which application threads were stopped: 0.0000616 seconds, Stopping threads took: 0.0000175 seconds
2016-05-30T21:28:27.845+0200: 22.807: Total time for which application threads were stopped: 0.0000878 seconds, Stopping threads took: 0.0000290 seconds
2016-05-30T21:28:27.845+0200: 22.807: Total time for which application threads were stopped: 0.0000462 seconds, Stopping threads took: 0.0000124 seconds
2016-05-30T21:28:27.845+0200: 22.807: Total time for which application threads were stopped: 0.0000513 seconds, Stopping threads took: 0.0000145 seconds
2016-05-30T21:28:27.845+0200: 22.807: Total time for which application threads were stopped: 0.0000531 seconds, Stopping threads took: 0.0000184 seconds
2016-05-30T21:28:27.845+0200: 22.807: Total time for which application threads were stopped: 0.0000519 seconds, Stopping threads took: 0.0000184 seconds
2016-05-30T21:28:27.846+0200: 22.807: Total time for which application threads were stopped: 0.0000483 seconds, Stopping threads took: 0.0000178 seconds
2016-05-30T21:28:27.846+0200: 22.807: Total time for which application threads were stopped: 0.0000417 seconds, Stopping threads took: 0.0000118 seconds
2016-05-30T21:28:27.846+0200: 22.807: Total time for which application threads were stopped: 0.0000495 seconds, Stopping threads took: 0.0000148 seconds
2016-05-30T21:28:27.877+0200: 22.839: Total time for which application threads were stopped: 0.0000869 seconds, Stopping threads took: 0.0000211 seconds
2016-05-30T21:28:27.877+0200: 22.839: Total time for which application threads were stopped: 0.0000299 seconds, Stopping threads took: 0.0000088 seconds
2016-05-30T21:28:27.877+0200: 22.839: Total time for which application threads were stopped: 0.0000368 seconds, Stopping threads took: 0.0000082 seconds
2016-05-30T21:28:27.877+0200: 22.839: Total time for which application threads were stopped: 0.0000501 seconds, Stopping threads took: 0.0000133 seconds
2016-05-30T21:28:27.877+0200: 22.839: Total time for which application threads were stopped: 0.0000401 seconds, Stopping threads took: 0.0000103 seconds
2016-05-30T21:28:27.878+0200: 22.840: Total time for which application threads were stopped: 0.0000510 seconds, Stopping threads took: 0.0000202 seconds
2016-05-30T21:28:27.878+0200: 22.840: Total time for which application threads were stopped: 0.0001476 seconds, Stopping threads took: 0.0000091 seconds
2016-05-30T21:28:28.879+0200: 23.840: Total time for which application threads were stopped: 0.0001057 seconds, Stopping threads took: 0.0000302 seconds
2016-05-30T21:28:29.493+0200: 24.454: Total time for which application threads were stopped: 0.0001044 seconds, Stopping threads took: 0.0000368 seconds
2016-05-30T21:28:29.493+0200: 24.455: Total time for which application threads were stopped: 0.0000583 seconds, Stopping threads took: 0.0000248 seconds
2016-05-30T21:28:29.493+0200: 24.455: Total time for which application threads were stopped: 0.0000495 seconds, Stopping threads took: 0.0000127 seconds
2016-05-30T21:28:29.493+0200: 24.455: Total time for which application threads were stopped: 0.0000486 seconds, Stopping threads took: 0.0000245 seconds
2016-05-30T21:28:29.493+0200: 24.455: Total time for which application threads were stopped: 0.0000450 seconds, Stopping threads took: 0.0000208 seconds
2016-05-30T21:28:29.493+0200: 24.455: Total time for which application threads were stopped: 0.0000411 seconds, Stopping threads took: 0.0000172 seconds
2016-05-30T21:28:29.493+0200: 24.455: Total time for which application threads were stopped: 0.0000429 seconds, Stopping threads took: 0.0000193 seconds
2016-05-30T21:28:29.493+0200: 24.455: Total time for which application threads were stopped: 0.0000592 seconds, Stopping threads took: 0.0000172 seconds
2016-05-30T21:28:29.496+0200: 24.457: Total time for which application threads were stopped: 0.0001044 seconds, Stopping threads took: 0.0000308 seconds
2016-05-30T21:28:29.496+0200: 24.458: Total time for which application threads were stopped: 0.0001035 seconds, Stopping threads took: 0.0000293 seconds
2016-05-30T21:28:29.499+0200: 24.461: Total time for which application threads were stopped: 0.0001105 seconds, Stopping threads took: 0.0000299 seconds
2016-05-30T21:28:30.500+0200: 25.461: Total time for which application threads were stopped: 0.0000881 seconds, Stopping threads took: 0.0000232 seconds
2016-05-30T21:29:20.514+0200: 75.476: Total time for which application threads were stopped: 0.0000848 seconds, Stopping threads took: 0.0000287 seconds
2016-05-30T21:29:21.514+0200: 76.476: Total time for which application threads were stopped: 0.0000749 seconds, Stopping threads took: 0.0000235 seconds
2016-05-30T21:37:36.658+0200: 571.619: Total time for which application threads were stopped: 0.0000987 seconds, Stopping threads took: 0.0000326 seconds
2016-05-30T21:49:15.839+0200: 1270.801: Total time for which application threads were stopped: 0.0000951 seconds, Stopping threads took: 0.0000314 seconds
2016-05-30T22:03:56.087+0200: 2151.048: Total time for which application threads were stopped: 0.0001177 seconds, Stopping threads took: 0.0000459 seconds
2016-05-30T22:13:47.243+0200: 2742.204: Total time for which application threads were stopped: 0.0003686 seconds, Stopping threads took: 0.0000592 seconds
2016-05-30T22:13:48.243+0200: 2743.204: Total time for which application threads were stopped: 0.0000806 seconds, Stopping threads took: 0.0000251 seconds
2016-05-30T22:17:37.309+0200: 2972.271: Total time for which application threads were stopped: 0.0001349 seconds, Stopping threads took: 0.0000338 seconds
2016-05-30T22:19:19.344+0200: 3074.306: Total time for which application threads were stopped: 0.0071861 seconds, Stopping threads took: 0.0070874 seconds
2016-05-30T22:19:19.642+0200: 3074.604: Total time for which application threads were stopped: 0.0001428 seconds, Stopping threads took: 0.0000377 seconds
2016-05-30T22:19:19.642+0200: 3074.604: Total time for which application threads were stopped: 0.0000332 seconds, Stopping threads took: 0.0000091 seconds
2016-05-30T22:19:19.677+0200: 3074.638: Total time for which application threads were stopped: 0.0000770 seconds, Stopping threads took: 0.0000190 seconds
2016-05-30T22:19:19.677+0200: 3074.638: Total time for which application threads were stopped: 0.0000293 seconds, Stopping threads took: 0.0000075 seconds
2016-05-30T22:19:19.678+0200: 3074.640: Total time for which application threads were stopped: 0.0003387 seconds, Stopping threads took: 0.0003094 seconds
2016-05-30T22:19:19.678+0200: 3074.640: Total time for which application threads were stopped: 0.0001343 seconds, Stopping threads took: 0.0001099 seconds
2016-05-30T22:19:19.687+0200: 3074.649: Total time for which application threads were stopped: 0.0000788 seconds, Stopping threads took: 0.0000214 seconds
2016-05-30T22:19:19.687+0200: 3074.650: Total time for which application threads were stopped: 0.0000335 seconds, Stopping threads took: 0.0000082 seconds
2016-05-30T22:19:19.687+0200: 3074.650: Total time for which application threads were stopped: 0.0000269 seconds, Stopping threads took: 0.0000060 seconds
2016-05-30T22:19:19.687+0200: 3074.650: Total time for which application threads were stopped: 0.0000278 seconds, Stopping threads took: 0.0000078 seconds
2016-05-30T22:19:19.687+0200: 3074.650: Total time for which application threads were stopped: 0.0000263 seconds, Stopping threads took: 0.0000066 seconds
2016-05-30T22:19:19.687+0200: 3074.650: Total time for which application threads were stopped: 0.0000266 seconds, Stopping threads took: 0.0000069 seconds
2016-05-30T22:19:19.687+0200: 3074.650: Total time for which application threads were stopped: 0.0000293 seconds, Stopping threads took: 0.0000078 seconds
2016-05-30T22:19:19.692+0200: 3074.654: Total time for which application threads were stopped: 0.0036045 seconds, Stopping threads took: 0.0035215 seconds
2016-05-30T22:19:19.692+0200: 3074.654: Total time for which application threads were stopped: 0.0000981 seconds, Stopping threads took: 0.0000646 seconds
2016-05-30T22:19:19.692+0200: 3074.654: Total time for which application threads were stopped: 0.0001304 seconds, Stopping threads took: 0.0000987 seconds
2016-05-30T22:19:19.780+0200: 3074.742: Total time for which application threads were stopped: 0.0001485 seconds, Stopping threads took: 0.0000190 seconds
2016-05-30T22:19:19.780+0200: 3074.742: Total time for which application threads were stopped: 0.0000353 seconds, Stopping threads took: 0.0000100 seconds
2016-05-30T22:19:19.791+0200: 3074.753: Total time for which application threads were stopped: 0.0000740 seconds, Stopping threads took: 0.0000193 seconds
2016-05-30T22:19:19.792+0200: 3074.753: Total time for which application threads were stopped: 0.0001567 seconds, Stopping threads took: 0.0000109 seconds
2016-05-30T22:19:19.804+0200: 3074.766: Total time for which application threads were stopped: 0.0000727 seconds, Stopping threads took: 0.0000193 seconds
2016-05-30T22:19:19.805+0200: 3074.766: Total time for which application threads were stopped: 0.0000471 seconds, Stopping threads took: 0.0000100 seconds
2016-05-30T22:19:20.114+0200: 3075.076: Total time for which application threads were stopped: 0.0000915 seconds, Stopping threads took: 0.0000193 seconds
2016-05-30T22:19:20.463+0200: 3075.425: Total time for which application threads were stopped: 0.0002750 seconds, Stopping threads took: 0.0001304 seconds
2016-05-30T22:19:20.465+0200: 3075.427: Total time for which application threads were stopped: 0.0000909 seconds, Stopping threads took: 0.0000263 seconds
2016-05-30T22:19:20.465+0200: 3075.427: Total time for which application threads were stopped: 0.0000537 seconds, Stopping threads took: 0.0000154 seconds
2016-05-30T22:19:20.475+0200: 3075.437: Total time for which application threads were stopped: 0.0001549 seconds, Stopping threads took: 0.0000278 seconds
2016-05-30T22:19:21.475+0200: 3076.437: Total time for which application threads were stopped: 0.0001226 seconds, Stopping threads took: 0.0000314 seconds
2016-05-30T22:19:21.566+0200: 3076.527: Total time for which application threads were stopped: 0.0001087 seconds, Stopping threads took: 0.0000275 seconds
2016-05-30T22:19:21.589+0200: 3076.551: Total time for which application threads were stopped: 0.0000836 seconds, Stopping threads took: 0.0000241 seconds
2016-05-30T22:19:21.622+0200: 3076.583: Total time for which application threads were stopped: 0.0000972 seconds, Stopping threads took: 0.0000257 seconds
2016-05-30T22:19:22.622+0200: 3077.583: Total time for which application threads were stopped: 0.0001132 seconds, Stopping threads took: 0.0000254 seconds
2016-05-30T22:19:23.294+0200: 3078.257: Total time for which application threads were stopped: 0.0001482 seconds, Stopping threads took: 0.0000193 seconds
2016-05-30T22:19:24.295+0200: 3079.256: Total time for which application threads were stopped: 0.0001035 seconds, Stopping threads took: 0.0000398 seconds
{Heap before GC invocations=4 (full 1):
 par new generation   total 109248K, used 104577K [0x00000000e0000000, 0x00000000e8000000, 0x00000000e8000000)
  eden space 87424K, 100% used [0x00000000e0000000, 0x00000000e5560000, 0x00000000e5560000)
  from space 21824K,  78% used [0x00000000e5560000, 0x00000000e6620500, 0x00000000e6ab0000)
  to   space 21824K,   0% used [0x00000000e6ab0000, 0x00000000e6ab0000, 0x00000000e8000000)
 concurrent mark-sweep generation total 393216K, used 0K [0x00000000e8000000, 0x0000000100000000, 0x0000000100000000)
 Metaspace       used 30102K, capacity 30454K, committed 30944K, reserved 1077248K
  class space    used 3594K, capacity 3753K, committed 3812K, reserved 1048576K
2016-05-30T22:19:25.252+0200: 3080.214: [GC (Allocation Failure) 2016-05-30T22:19:25.252+0200: 3080.214: [ParNew
Desired survivor size 20112992 bytes, new threshold 8 (max 8)
- age   1:   11388584 bytes,   11388584 total
- age   2:    1250056 bytes,   12638640 total
- age   3:     184160 bytes,   12822800 total
- age   4:    1107672 bytes,   13930472 total
- age   5:    5356256 bytes,   19286728 total
: 104577K->21295K(109248K), 0.0350970 secs] 104577K->21295K(502464K), 0.0353192 secs] [Times: user=0.08 sys=0.05, real=0.03 secs] 
Heap after GC invocations=5 (full 1):
 par new generation   total 109248K, used 21295K [0x00000000e0000000, 0x00000000e8000000, 0x00000000e8000000)
  eden space 87424K,   0% used [0x00000000e0000000, 0x00000000e0000000, 0x00000000e5560000)
  from space 21824K,  97% used [0x00000000e6ab0000, 0x00000000e7f7bc20, 0x00000000e8000000)
  to   space 21824K,   0% used [0x00000000e5560000, 0x00000000e5560000, 0x00000000e6ab0000)
 concurrent mark-sweep generation total 393216K, used 0K [0x00000000e8000000, 0x0000000100000000, 0x0000000100000000)
 Metaspace       used 30102K, capacity 30454K, committed 30944K, reserved 1077248K
  class space    used 3594K, capacity 3753K, committed 3812K, reserved 1048576K
}
2016-05-30T22:19:25.288+0200: 3080.249: Total time for which application threads were stopped: 0.0355278 seconds, Stopping threads took: 0.0000187 seconds
2016-05-30T22:19:25.288+0200: 3080.250: Total time for which application threads were stopped: 0.0000830 seconds, Stopping threads took: 0.0000347 seconds
2016-05-30T22:19:26.288+0200: 3081.250: Total time for which application threads were stopped: 0.0001914 seconds, Stopping threads took: 0.0001102 seconds
2016-05-30T22:19:27.297+0200: 3082.258: Total time for which application threads were stopped: 0.0081318 seconds, Stopping threads took: 0.0080413 seconds
2016-05-30T22:19:28.297+0200: 3083.259: Total time for which application threads were stopped: 0.0000921 seconds, Stopping threads took: 0.0000257 seconds
2016-05-30T22:19:29.298+0200: 3084.259: Total time for which application threads were stopped: 0.0000990 seconds, Stopping threads took: 0.0000269 seconds
2016-05-30T22:19:34.299+0200: 3089.260: Total time for which application threads were stopped: 0.0001238 seconds, Stopping threads took: 0.0000386 seconds
2016-05-30T22:19:35.299+0200: 3090.260: Total time for which application threads were stopped: 0.0000845 seconds, Stopping threads took: 0.0000281 seconds
2016-05-30T22:19:36.299+0200: 3091.261: Total time for which application threads were stopped: 0.0000878 seconds, Stopping threads took: 0.0000257 seconds
2016-05-30T22:19:37.299+0200: 3092.261: Total time for which application threads were stopped: 0.0001069 seconds, Stopping threads took: 0.0000302 seconds
2016-05-30T22:19:38.299+0200: 3093.261: Total time for which application threads were stopped: 0.0001126 seconds, Stopping threads took: 0.0000311 seconds
2016-05-30T22:19:39.299+0200: 3094.261: Total time for which application threads were stopped: 0.0001226 seconds, Stopping threads took: 0.0000371 seconds
2016-05-30T22:19:40.300+0200: 3095.261: Total time for which application threads were stopped: 0.0000933 seconds, Stopping threads took: 0.0000263 seconds
2016-05-30T22:19:41.300+0200: 3096.262: Total time for which application threads were stopped: 0.0000984 seconds, Stopping threads took: 0.0000335 seconds
2016-05-30T22:19:42.300+0200: 3097.262: Total time for which application threads were stopped: 0.0000881 seconds, Stopping threads took: 0.0000281 seconds
2016-05-30T22:19:43.301+0200: 3098.262: Total time for which application threads were stopped: 0.0000918 seconds, Stopping threads took: 0.0000263 seconds
2016-05-30T22:19:47.302+0200: 3102.263: Total time for which application threads were stopped: 0.0000869 seconds, Stopping threads took: 0.0000257 seconds
2016-05-30T22:19:48.302+0200: 3103.263: Total time for which application threads were stopped: 0.0000921 seconds, Stopping threads took: 0.0000338 seconds
2016-05-30T22:19:49.302+0200: 3104.263: Total time for which application threads were stopped: 0.0001126 seconds, Stopping threads took: 0.0000323 seconds
2016-05-30T22:19:50.302+0200: 3105.263: Total time for which application threads were stopped: 0.0000939 seconds, Stopping threads took: 0.0000305 seconds
2016-05-30T22:19:51.302+0200: 3106.264: Total time for which application threads were stopped: 0.0001078 seconds, Stopping threads took: 0.0000323 seconds
2016-05-30T22:19:52.303+0200: 3107.264: Total time for which application threads were stopped: 0.0000827 seconds, Stopping threads took: 0.0000248 seconds
2016-05-30T22:19:53.303+0200: 3108.265: Total time for which application threads were stopped: 0.0000954 seconds, Stopping threads took: 0.0000356 seconds
{Heap before GC invocations=5 (full 1):
 par new generation   total 109248K, used 108719K [0x00000000e0000000, 0x00000000e8000000, 0x00000000e8000000)
  eden space 87424K, 100% used [0x00000000e0000000, 0x00000000e5560000, 0x00000000e5560000)
  from space 21824K,  97% used [0x00000000e6ab0000, 0x00000000e7f7bc20, 0x00000000e8000000)
  to   space 21824K,   0% used [0x00000000e5560000, 0x00000000e5560000, 0x00000000e6ab0000)
 concurrent mark-sweep generation total 393216K, used 0K [0x00000000e8000000, 0x0000000100000000, 0x0000000100000000)
 Metaspace       used 30408K, capacity 30838K, committed 31200K, reserved 1077248K
  class space    used 3594K, capacity 3753K, committed 3812K, reserved 1048576K
2016-05-30T22:19:53.818+0200: 3108.780: [GC (Allocation Failure) 2016-05-30T22:19:53.818+0200: 3108.780: [ParNew
Desired survivor size 20112992 bytes, new threshold 8 (max 8)
- age   1:    1139936 bytes,    1139936 total
- age   2:    7156744 bytes,    8296680 total
- age   3:    1201032 bytes,    9497712 total
- age   4:     166928 bytes,    9664640 total
- age   5:    1019840 bytes,   10684480 total
- age   6:    4895256 bytes,   15579736 total
: 108719K->20221K(109248K), 0.0140594 secs] 108719K->20221K(502464K), 0.0141476 secs] [Times: user=0.06 sys=0.00, real=0.01 secs] 
Heap after GC invocations=6 (full 1):
 par new generation   total 109248K, used 20221K [0x00000000e0000000, 0x00000000e8000000, 0x00000000e8000000)
  eden space 87424K,   0% used [0x00000000e0000000, 0x00000000e0000000, 0x00000000e5560000)
  from space 21824K,  92% used [0x00000000e5560000, 0x00000000e691f540, 0x00000000e6ab0000)
  to   space 21824K,   0% used [0x00000000e6ab0000, 0x00000000e6ab0000, 0x00000000e8000000)
 concurrent mark-sweep generation total 393216K, used 0K [0x00000000e8000000, 0x0000000100000000, 0x0000000100000000)
 Metaspace       used 30408K, capacity 30838K, committed 31200K, reserved 1077248K
  class space    used 3594K, capacity 3753K, committed 3812K, reserved 1048576K
}
2016-05-30T22:19:53.832+0200: 3108.794: Total time for which application threads were stopped: 0.0144156 seconds, Stopping threads took: 0.0000296 seconds
2016-05-30T22:19:58.833+0200: 3113.795: Total time for which application threads were stopped: 0.0001271 seconds, Stopping threads took: 0.0000235 seconds
2016-05-30T22:19:59.833+0200: 3114.795: Total time for which application threads were stopped: 0.0000951 seconds, Stopping threads took: 0.0000251 seconds
2016-05-30T22:20:00.833+0200: 3115.795: Total time for which application threads were stopped: 0.0001047 seconds, Stopping threads took: 0.0000281 seconds
2016-05-30T22:20:02.834+0200: 3117.795: Total time for which application threads were stopped: 0.0000990 seconds, Stopping threads took: 0.0000308 seconds
2016-05-30T22:20:03.834+0200: 3118.795: Total time for which application threads were stopped: 0.0000848 seconds, Stopping threads took: 0.0000254 seconds
2016-05-30T22:20:06.834+0200: 3121.796: Total time for which application threads were stopped: 0.0001090 seconds, Stopping threads took: 0.0000287 seconds
2016-05-30T22:20:08.835+0200: 3123.796: Total time for which application threads were stopped: 0.0001241 seconds, Stopping threads took: 0.0000377 seconds
2016-05-30T22:20:09.835+0200: 3124.796: Total time for which application threads were stopped: 0.0001060 seconds, Stopping threads took: 0.0000272 seconds
2016-05-30T22:20:14.836+0200: 3129.798: Total time for which application threads were stopped: 0.0000845 seconds, Stopping threads took: 0.0000248 seconds
2016-05-30T22:20:15.837+0200: 3130.798: Total time for which application threads were stopped: 0.0001057 seconds, Stopping threads took: 0.0000302 seconds
2016-05-30T22:20:16.837+0200: 3131.798: Total time for which application threads were stopped: 0.0001153 seconds, Stopping threads took: 0.0000272 seconds
2016-05-30T22:20:17.837+0200: 3132.799: Total time for which application threads were stopped: 0.0001041 seconds, Stopping threads took: 0.0000441 seconds
{Heap before GC invocations=6 (full 1):
 par new generation   total 109248K, used 107645K [0x00000000e0000000, 0x00000000e8000000, 0x00000000e8000000)
  eden space 87424K, 100% used [0x00000000e0000000, 0x00000000e5560000, 0x00000000e5560000)
  from space 21824K,  92% used [0x00000000e5560000, 0x00000000e691f540, 0x00000000e6ab0000)
  to   space 21824K,   0% used [0x00000000e6ab0000, 0x00000000e6ab0000, 0x00000000e8000000)
 concurrent mark-sweep generation total 393216K, used 0K [0x00000000e8000000, 0x0000000100000000, 0x0000000100000000)
 Metaspace       used 30630K, capacity 30966K, committed 31456K, reserved 1077248K
  class space    used 3610K, capacity 3753K, committed 3812K, reserved 1048576K
2016-05-30T22:20:22.027+0200: 3136.988: [GC (Allocation Failure) 2016-05-30T22:20:22.027+0200: 3136.988: [ParNew
Desired survivor size 20112992 bytes, new threshold 8 (max 8)
- age   1:     972336 bytes,     972336 total
- age   2:     307256 bytes,    1279592 total
- age   3:    7155864 bytes,    8435456 total
- age   4:    1201056 bytes,    9636512 total
- age   5:     166896 bytes,    9803408 total
- age   6:    1019792 bytes,   10823200 total
- age   7:    4895184 bytes,   15718384 total
: 107645K->20327K(109248K), 0.0128870 secs] 107645K->20327K(502464K), 0.0129785 secs] [Times: user=0.05 sys=0.02, real=0.01 secs] 
Heap after GC invocations=7 (full 1):
 par new generation   total 109248K, used 20327K [0x00000000e0000000, 0x00000000e8000000, 0x00000000e8000000)
  eden space 87424K,   0% used [0x00000000e0000000, 0x00000000e0000000, 0x00000000e5560000)
  from space 21824K,  93% used [0x00000000e6ab0000, 0x00000000e7e89d90, 0x00000000e8000000)
  to   space 21824K,   0% used [0x00000000e5560000, 0x00000000e5560000, 0x00000000e6ab0000)
 concurrent mark-sweep generation total 393216K, used 0K [0x00000000e8000000, 0x0000000100000000, 0x0000000100000000)
 Metaspace       used 30630K, capacity 30966K, committed 31456K, reserved 1077248K
  class space    used 3610K, capacity 3753K, committed 3812K, reserved 1048576K
}
2016-05-30T22:20:22.040+0200: 3137.001: Total time for which application threads were stopped: 0.0131780 seconds, Stopping threads took: 0.0000251 seconds
2016-05-30T22:20:23.040+0200: 3138.001: Total time for which application threads were stopped: 0.0000818 seconds, Stopping threads took: 0.0000238 seconds
2016-05-30T22:20:28.042+0200: 3143.003: Total time for which application threads were stopped: 0.0001029 seconds, Stopping threads took: 0.0000359 seconds
2016-05-30T22:20:32.042+0200: 3147.004: Total time for which application threads were stopped: 0.0001352 seconds, Stopping threads took: 0.0000374 seconds
2016-05-30T22:20:36.044+0200: 3151.005: Total time for which application threads were stopped: 0.0000972 seconds, Stopping threads took: 0.0000284 seconds
2016-05-30T22:20:43.630+0200: 3158.592: Total time for which application threads were stopped: 0.0001521 seconds, Stopping threads took: 0.0000220 seconds
{Heap before GC invocations=7 (full 1):
 par new generation   total 109248K, used 107751K [0x00000000e0000000, 0x00000000e8000000, 0x00000000e8000000)
  eden space 87424K, 100% used [0x00000000e0000000, 0x00000000e5560000, 0x00000000e5560000)
  from space 21824K,  93% used [0x00000000e6ab0000, 0x00000000e7e89d90, 0x00000000e8000000)
  to   space 21824K,   0% used [0x00000000e5560000, 0x00000000e5560000, 0x00000000e6ab0000)
 concurrent mark-sweep generation total 393216K, used 0K [0x00000000e8000000, 0x0000000100000000, 0x0000000100000000)
 Metaspace       used 30905K, capacity 31254K, committed 31712K, reserved 1077248K
  class space    used 3628K, capacity 3785K, committed 3812K, reserved 1048576K
2016-05-30T22:20:44.159+0200: 3159.121: [GC (Allocation Failure) 2016-05-30T22:20:44.159+0200: 3159.121: [ParNew
Desired survivor size 20112992 bytes, new threshold 8 (max 8)
- age   1:    1059840 bytes,    1059840 total
- age   2:      28824 bytes,    1088664 total
- age   3:     306216 bytes,    1394880 total
- age   4:    7154144 bytes,    8549024 total
- age   5:    1201032 bytes,    9750056 total
- age   6:     166800 bytes,    9916856 total
- age   7:    1019696 bytes,   10936552 total
- age   8:    4895144 bytes,   15831696 total
: 107751K->18396K(109248K), 0.0126564 secs] 107751K->18396K(502464K), 0.0127455 secs] [Times: user=0.02 sys=0.00, real=0.01 secs] 
Heap after GC invocations=8 (full 1):
 par new generation   total 109248K, used 18396K [0x00000000e0000000, 0x00000000e8000000, 0x00000000e8000000)
  eden space 87424K,   0% used [0x00000000e0000000, 0x00000000e0000000, 0x00000000e5560000)
  from space 21824K,  84% used [0x00000000e5560000, 0x00000000e6757278, 0x00000000e6ab0000)
  to   space 21824K,   0% used [0x00000000e6ab0000, 0x00000000e6ab0000, 0x00000000e8000000)
 concurrent mark-sweep generation total 393216K, used 0K [0x00000000e8000000, 0x0000000100000000, 0x0000000100000000)
 Metaspace       used 30905K, capacity 31254K, committed 31712K, reserved 1077248K
  class space    used 3628K, capacity 3785K, committed 3812K, reserved 1048576K
}
2016-05-30T22:20:44.172+0200: 3159.134: Total time for which application threads were stopped: 0.0129498 seconds, Stopping threads took: 0.0000211 seconds
2016-05-30T22:20:45.173+0200: 3160.134: Total time for which application threads were stopped: 0.0000978 seconds, Stopping threads took: 0.0000389 seconds
2016-05-30T22:21:01.177+0200: 3176.139: Total time for which application threads were stopped: 0.0001087 seconds, Stopping threads took: 0.0000365 seconds
2016-05-30T22:21:04.178+0200: 3179.140: Total time for which application threads were stopped: 0.0000897 seconds, Stopping threads took: 0.0000266 seconds
2016-05-30T22:21:05.178+0200: 3180.140: Total time for which application threads were stopped: 0.0001044 seconds, Stopping threads took: 0.0000386 seconds
2016-05-30T22:21:06.178+0200: 3181.140: Total time for which application threads were stopped: 0.0001066 seconds, Stopping threads took: 0.0000308 seconds
2016-05-30T22:21:08.179+0200: 3183.140: Total time for which application threads were stopped: 0.0004652 seconds, Stopping threads took: 0.0003963 seconds
2016-05-30T22:21:09.179+0200: 3184.141: Total time for which application threads were stopped: 0.0000984 seconds, Stopping threads took: 0.0000269 seconds
2016-05-30T22:21:10.180+0200: 3185.141: Total time for which application threads were stopped: 0.0000836 seconds, Stopping threads took: 0.0000238 seconds
2016-05-30T22:21:11.180+0200: 3186.142: Total time for which application threads were stopped: 0.0001153 seconds, Stopping threads took: 0.0000371 seconds
2016-05-30T22:21:15.181+0200: 3190.143: Total time for which application threads were stopped: 0.0001114 seconds, Stopping threads took: 0.0000353 seconds
2016-05-30T22:26:00.259+0200: 3475.221: Total time for which application threads were stopped: 0.0001035 seconds, Stopping threads took: 0.0000278 seconds
2016-05-30T22:26:17.264+0200: 3492.225: Total time for which application threads were stopped: 0.0000921 seconds, Stopping threads took: 0.0000287 seconds
2016-05-30T22:26:25.266+0200: 3500.227: Total time for which application threads were stopped: 0.0000887 seconds, Stopping threads took: 0.0000299 seconds
2016-05-30T22:27:07.278+0200: 3542.239: Total time for which application threads were stopped: 0.0000836 seconds, Stopping threads took: 0.0000272 seconds
2016-05-30T22:27:11.279+0200: 3546.240: Total time for which application threads were stopped: 0.0001041 seconds, Stopping threads took: 0.0000305 seconds
2016-05-30T22:27:14.279+0200: 3549.241: Total time for which application threads were stopped: 0.0001035 seconds, Stopping threads took: 0.0000350 seconds
2016-05-30T22:27:16.279+0200: 3551.241: Total time for which application threads were stopped: 0.0000890 seconds, Stopping threads took: 0.0000226 seconds
2016-05-30T22:27:31.283+0200: 3566.245: Total time for which application threads were stopped: 0.0000954 seconds, Stopping threads took: 0.0000341 seconds
2016-05-30T22:27:40.286+0200: 3575.247: Total time for which application threads were stopped: 0.0001153 seconds, Stopping threads took: 0.0000353 seconds
2016-05-30T22:27:51.291+0200: 3586.252: Total time for which application threads were stopped: 0.0001032 seconds, Stopping threads took: 0.0000447 seconds
2016-05-30T22:28:06.294+0200: 3601.256: Total time for which application threads were stopped: 0.0000912 seconds, Stopping threads took: 0.0000260 seconds
2016-05-30T22:28:07.294+0200: 3602.256: Total time for which application threads were stopped: 0.0001268 seconds, Stopping threads took: 0.0000332 seconds
{Heap before GC invocations=8 (full 1):
 par new generation   total 109248K, used 105820K [0x00000000e0000000, 0x00000000e8000000, 0x00000000e8000000)
  eden space 87424K, 100% used [0x00000000e0000000, 0x00000000e5560000, 0x00000000e5560000)
  from space 21824K,  84% used [0x00000000e5560000, 0x00000000e6757278, 0x00000000e6ab0000)
  to   space 21824K,   0% used [0x00000000e6ab0000, 0x00000000e6ab0000, 0x00000000e8000000)
 concurrent mark-sweep generation total 393216K, used 0K [0x00000000e8000000, 0x0000000100000000, 0x0000000100000000)
 Metaspace       used 31127K, capacity 31446K, committed 31968K, reserved 1077248K
  class space    used 3630K, capacity 3785K, committed 3812K, reserved 1048576K
2016-05-30T22:28:07.745+0200: 3602.707: [GC (Allocation Failure) 2016-05-30T22:28:07.745+0200: 3602.707: [ParNew
Desired survivor size 20112992 bytes, new threshold 8 (max 8)
- age   1:     998856 bytes,     998856 total
- age   2:      27360 bytes,    1026216 total
- age   3:      28096 bytes,    1054312 total
- age   4:     305184 bytes,    1359496 total
- age   5:    7080776 bytes,    8440272 total
- age   6:    1200856 bytes,    9641128 total
- age   7:     166568 bytes,    9807696 total
- age   8:    1019408 bytes,   10827104 total
: 105820K->17648K(109248K), 0.0247710 secs] 105820K->22913K(502464K), 0.0248627 secs] [Times: user=0.13 sys=0.00, real=0.03 secs] 
Heap after GC invocations=9 (full 1):
 par new generation   total 109248K, used 17648K [0x00000000e0000000, 0x00000000e8000000, 0x00000000e8000000)
  eden space 87424K,   0% used [0x00000000e0000000, 0x00000000e0000000, 0x00000000e5560000)
  from space 21824K,  80% used [0x00000000e6ab0000, 0x00000000e7bec2b0, 0x00000000e8000000)
  to   space 21824K,   0% used [0x00000000e5560000, 0x00000000e5560000, 0x00000000e6ab0000)
 concurrent mark-sweep generation total 393216K, used 5264K [0x00000000e8000000, 0x0000000100000000, 0x0000000100000000)
 Metaspace       used 31127K, capacity 31446K, committed 31968K, reserved 1077248K
  class space    used 3630K, capacity 3785K, committed 3812K, reserved 1048576K
}
2016-05-30T22:28:07.770+0200: 3602.732: Total time for which application threads were stopped: 0.0250816 seconds, Stopping threads took: 0.0000284 seconds
2016-05-30T22:28:07.771+0200: 3602.732: Total time for which application threads were stopped: 0.0001986 seconds, Stopping threads took: 0.0000368 seconds
2016-05-30T22:28:09.772+0200: 3604.734: Total time for which application threads were stopped: 0.0002032 seconds, Stopping threads took: 0.0000667 seconds
2016-05-30T22:28:10.773+0200: 3605.734: Total time for which application threads were stopped: 0.0001099 seconds, Stopping threads took: 0.0000275 seconds
2016-05-30T22:28:11.773+0200: 3606.735: Total time for which application threads were stopped: 0.0001177 seconds, Stopping threads took: 0.0000353 seconds
2016-05-30T22:28:12.773+0200: 3607.735: Total time for which application threads were stopped: 0.0000999 seconds, Stopping threads took: 0.0000263 seconds
2016-05-30T22:28:18.775+0200: 3613.737: Total time for which application threads were stopped: 0.0001512 seconds, Stopping threads took: 0.0000558 seconds
2016-05-30T22:28:19.775+0200: 3614.737: Total time for which application threads were stopped: 0.0001072 seconds, Stopping threads took: 0.0000392 seconds
2016-05-30T22:28:20.775+0200: 3615.737: Total time for which application threads were stopped: 0.0000924 seconds, Stopping threads took: 0.0000272 seconds
{Heap before GC invocations=9 (full 1):
 par new generation   total 109248K, used 105072K [0x00000000e0000000, 0x00000000e8000000, 0x00000000e8000000)
  eden space 87424K, 100% used [0x00000000e0000000, 0x00000000e5560000, 0x00000000e5560000)
  from space 21824K,  80% used [0x00000000e6ab0000, 0x00000000e7bec2b0, 0x00000000e8000000)
  to   space 21824K,   0% used [0x00000000e5560000, 0x00000000e5560000, 0x00000000e6ab0000)
 concurrent mark-sweep generation total 393216K, used 5264K [0x00000000e8000000, 0x0000000100000000, 0x0000000100000000)
 Metaspace       used 31247K, capacity 31638K, committed 31968K, reserved 1077248K
  class space    used 3632K, capacity 3785K, committed 3812K, reserved 1048576K
2016-05-30T22:28:24.213+0200: 3619.175: [GC (Allocation Failure) 2016-05-30T22:28:24.213+0200: 3619.175: [ParNew
Desired survivor size 20112992 bytes, new threshold 8 (max 8)
- age   1:     933608 bytes,     933608 total
- age   2:     164080 bytes,    1097688 total
- age   3:      25312 bytes,    1123000 total
- age   4:      26176 bytes,    1149176 total
- age   5:     238552 bytes,    1387728 total
- age   6:    9216768 bytes,   10604496 total
- age   7:    1200768 bytes,   11805264 total
- age   8:     166552 bytes,   11971816 total
: 105072K->15521K(109248K), 0.0085568 secs] 110337K->21801K(502464K), 0.0086830 secs] [Times: user=0.06 sys=0.00, real=0.01 secs] 
Heap after GC invocations=10 (full 1):
 par new generation   total 109248K, used 15521K [0x00000000e0000000, 0x00000000e8000000, 0x00000000e8000000)
  eden space 87424K,   0% used [0x00000000e0000000, 0x00000000e0000000, 0x00000000e5560000)
  from space 21824K,  71% used [0x00000000e5560000, 0x00000000e6488660, 0x00000000e6ab0000)
  to   space 21824K,   0% used [0x00000000e6ab0000, 0x00000000e6ab0000, 0x00000000e8000000)
 concurrent mark-sweep generation total 393216K, used 6279K [0x00000000e8000000, 0x0000000100000000, 0x0000000100000000)
 Metaspace       used 31247K, capacity 31638K, committed 31968K, reserved 1077248K
  class space    used 3632K, capacity 3785K, committed 3812K, reserved 1048576K
}
2016-05-30T22:28:24.221+0200: 3619.184: Total time for which application threads were stopped: 0.0088690 seconds, Stopping threads took: 0.0000214 seconds
2016-05-30T22:28:30.222+0200: 3625.184: Total time for which application threads were stopped: 0.0000933 seconds, Stopping threads took: 0.0000296 seconds
2016-05-30T22:28:32.223+0200: 3627.184: Total time for which application threads were stopped: 0.0000984 seconds, Stopping threads took: 0.0000269 seconds
2016-05-30T22:28:36.224+0200: 3631.186: Total time for which application threads were stopped: 0.0001053 seconds, Stopping threads took: 0.0000293 seconds
2016-05-30T22:28:38.225+0200: 3633.186: Total time for which application threads were stopped: 0.0001029 seconds, Stopping threads took: 0.0000302 seconds
2016-05-30T22:28:45.227+0200: 3640.188: Total time for which application threads were stopped: 0.0000903 seconds, Stopping threads took: 0.0000278 seconds
{Heap before GC invocations=10 (full 1):
 par new generation   total 109248K, used 102945K [0x00000000e0000000, 0x00000000e8000000, 0x00000000e8000000)
  eden space 87424K, 100% used [0x00000000e0000000, 0x00000000e5560000, 0x00000000e5560000)
  from space 21824K,  71% used [0x00000000e5560000, 0x00000000e6488660, 0x00000000e6ab0000)
  to   space 21824K,   0% used [0x00000000e6ab0000, 0x00000000e6ab0000, 0x00000000e8000000)
 concurrent mark-sweep generation total 393216K, used 6279K [0x00000000e8000000, 0x0000000100000000, 0x0000000100000000)
 Metaspace       used 31314K, capacity 31702K, committed 32224K, reserved 1077248K
  class space    used 3632K, capacity 3785K, committed 3812K, reserved 1048576K
2016-05-30T22:28:45.646+0200: 3640.608: [GC (Allocation Failure) 2016-05-30T22:28:45.646+0200: 3640.608: [ParNew
Desired survivor size 20112992 bytes, new threshold 8 (max 8)
- age   1:     864664 bytes,     864664 total
- age   2:     130024 bytes,     994688 total
- age   3:     148216 bytes,    1142904 total
- age   4:      25312 bytes,    1168216 total
- age   5:      26176 bytes,    1194392 total
- age   6:     238552 bytes,    1432944 total
- age   7:    6988400 bytes,    8421344 total
- age   8:    1200768 bytes,    9622112 total
: 102945K->10253K(109248K), 0.0086187 secs] 109225K->16700K(502464K), 0.0087029 secs] [Times: user=0.00 sys=0.00, real=0.01 secs] 
Heap after GC invocations=11 (full 1):
 par new generation   total 109248K, used 10253K [0x00000000e0000000, 0x00000000e8000000, 0x00000000e8000000)
  eden space 87424K,   0% used [0x00000000e0000000, 0x00000000e0000000, 0x00000000e5560000)
  from space 21824K,  46% used [0x00000000e6ab0000, 0x00000000e74b3610, 0x00000000e8000000)
  to   space 21824K,   0% used [0x00000000e5560000, 0x00000000e5560000, 0x00000000e6ab0000)
 concurrent mark-sweep generation total 393216K, used 6447K [0x00000000e8000000, 0x0000000100000000, 0x0000000100000000)
 Metaspace       used 31314K, capacity 31702K, committed 32224K, reserved 1077248K
  class space    used 3632K, capacity 3785K, committed 3812K, reserved 1048576K
}
2016-05-30T22:28:45.655+0200: 3640.616: Total time for which application threads were stopped: 0.0089429 seconds, Stopping threads took: 0.0000302 seconds
2016-05-30T22:28:48.655+0200: 3643.617: Total time for which application threads were stopped: 0.0000957 seconds, Stopping threads took: 0.0000359 seconds
2016-05-30T22:28:50.656+0200: 3645.617: Total time for which application threads were stopped: 0.0000942 seconds, Stopping threads took: 0.0000293 seconds
2016-05-30T22:28:51.656+0200: 3646.618: Total time for which application threads were stopped: 0.0000897 seconds, Stopping threads took: 0.0000269 seconds
2016-05-30T22:28:52.657+0200: 3647.618: Total time for which application threads were stopped: 0.0000927 seconds, Stopping threads took: 0.0000281 seconds
2016-05-30T22:28:54.658+0200: 3649.619: Total time for which application threads were stopped: 0.0000854 seconds, Stopping threads took: 0.0000260 seconds
2016-05-30T22:28:56.658+0200: 3651.619: Total time for which application threads were stopped: 0.0001020 seconds, Stopping threads took: 0.0000272 seconds
{Heap before GC invocations=11 (full 1):
 par new generation   total 109248K, used 97677K [0x00000000e0000000, 0x00000000e8000000, 0x00000000e8000000)
  eden space 87424K, 100% used [0x00000000e0000000, 0x00000000e5560000, 0x00000000e5560000)
  from space 21824K,  46% used [0x00000000e6ab0000, 0x00000000e74b3610, 0x00000000e8000000)
  to   space 21824K,   0% used [0x00000000e5560000, 0x00000000e5560000, 0x00000000e6ab0000)
 concurrent mark-sweep generation total 393216K, used 6447K [0x00000000e8000000, 0x0000000100000000, 0x0000000100000000)
 Metaspace       used 31368K, capacity 31766K, committed 32224K, reserved 1077248K
  class space    used 3632K, capacity 3785K, committed 3812K, reserved 1048576K
2016-05-30T22:29:04.776+0200: 3659.737: [GC (Allocation Failure) 2016-05-30T22:29:04.776+0200: 3659.737: [ParNew
Desired survivor size 20112992 bytes, new threshold 8 (max 8)
- age   1:     838896 bytes,     838896 total
- age   2:       8048 bytes,     846944 total
- age   3:     130024 bytes,     976968 total
- age   4:     147600 bytes,    1124568 total
- age   5:      24256 bytes,    1148824 total
- age   6:      24184 bytes,    1173008 total
- age   7:     238552 bytes,    1411560 total
- age   8:    6988400 bytes,    8399960 total
: 97677K->11510K(109248K), 0.0089088 secs] 104124K->19145K(502464K), 0.0090072 secs] [Times: user=0.06 sys=0.00, real=0.01 secs] 
Heap after GC invocations=12 (full 1):
 par new generation   total 109248K, used 11510K [0x00000000e0000000, 0x00000000e8000000, 0x00000000e8000000)
  eden space 87424K,   0% used [0x00000000e0000000, 0x00000000e0000000, 0x00000000e5560000)
  from space 21824K,  52% used [0x00000000e5560000, 0x00000000e609db60, 0x00000000e6ab0000)
  to   space 21824K,   0% used [0x00000000e6ab0000, 0x00000000e6ab0000, 0x00000000e8000000)
 concurrent mark-sweep generation total 393216K, used 7634K [0x00000000e8000000, 0x0000000100000000, 0x0000000100000000)
 Metaspace       used 31368K, capacity 31766K, committed 32224K, reserved 1077248K
  class space    used 3632K, capacity 3785K, committed 3812K, reserved 1048576K
}
2016-05-30T22:29:04.785+0200: 3659.746: Total time for which application threads were stopped: 0.0092372 seconds, Stopping threads took: 0.0000220 seconds
2016-05-30T22:29:06.785+0200: 3661.747: Total time for which application threads were stopped: 0.0001081 seconds, Stopping threads took: 0.0000332 seconds
2016-05-30T22:29:07.770+0200: 3662.732: Total time for which application threads were stopped: 0.0000903 seconds, Stopping threads took: 0.0000196 seconds
{Heap before GC invocations=12 (full 1):
 par new generation   total 109248K, used 98934K [0x00000000e0000000, 0x00000000e8000000, 0x00000000e8000000)
  eden space 87424K, 100% used [0x00000000e0000000, 0x00000000e5560000, 0x00000000e5560000)
  from space 21824K,  52% used [0x00000000e5560000, 0x00000000e609db60, 0x00000000e6ab0000)
  to   space 21824K,   0% used [0x00000000e6ab0000, 0x00000000e6ab0000, 0x00000000e8000000)
 concurrent mark-sweep generation total 393216K, used 7634K [0x00000000e8000000, 0x0000000100000000, 0x0000000100000000)
 Metaspace       used 31375K, capacity 31766K, committed 32224K, reserved 1077248K
  class space    used 3632K, capacity 3785K, committed 3812K, reserved 1048576K
2016-05-30T22:29:08.377+0200: 3663.339: [GC (Allocation Failure) 2016-05-30T22:29:08.377+0200: 3663.339: [ParNew
Desired survivor size 20112992 bytes, new threshold 8 (max 8)
- age   1:    1028200 bytes,    1028200 total
- age   2:       5232 bytes,    1033432 total
- age   3:       7936 bytes,    1041368 total
- age   4:     130024 bytes,    1171392 total
- age   5:     147568 bytes,    1318960 total
- age   6:      24256 bytes,    1343216 total
- age   7:      24160 bytes,    1367376 total
- age   8:     238552 bytes,    1605928 total
: 98934K->3062K(109248K), 0.0110620 secs] 106569K->17837K(502464K), 0.0111607 secs] [Times: user=0.00 sys=0.00, real=0.01 secs] 
Heap after GC invocations=13 (full 1):
 par new generation   total 109248K, used 3062K [0x00000000e0000000, 0x00000000e8000000, 0x00000000e8000000)
  eden space 87424K,   0% used [0x00000000e0000000, 0x00000000e0000000, 0x00000000e5560000)
  from space 21824K,  14% used [0x00000000e6ab0000, 0x00000000e6dada40, 0x00000000e8000000)
  to   space 21824K,   0% used [0x00000000e5560000, 0x00000000e5560000, 0x00000000e6ab0000)
 concurrent mark-sweep generation total 393216K, used 14774K [0x00000000e8000000, 0x0000000100000000, 0x0000000100000000)
 Metaspace       used 31375K, capacity 31766K, committed 32224K, reserved 1077248K
  class space    used 3632K, capacity 3785K, committed 3812K, reserved 1048576K
}
2016-05-30T22:29:08.388+0200: 3663.350: Total time for which application threads were stopped: 0.0113678 seconds, Stopping threads took: 0.0000275 seconds
{Heap before GC invocations=13 (full 1):
 par new generation   total 109248K, used 90486K [0x00000000e0000000, 0x00000000e8000000, 0x00000000e8000000)
  eden space 87424K, 100% used [0x00000000e0000000, 0x00000000e5560000, 0x00000000e5560000)
  from space 21824K,  14% used [0x00000000e6ab0000, 0x00000000e6dada40, 0x00000000e8000000)
  to   space 21824K,   0% used [0x00000000e5560000, 0x00000000e5560000, 0x00000000e6ab0000)
 concurrent mark-sweep generation total 393216K, used 14774K [0x00000000e8000000, 0x0000000100000000, 0x0000000100000000)
 Metaspace       used 31375K, capacity 31766K, committed 32224K, reserved 1077248K
  class space    used 3632K, capacity 3785K, committed 3812K, reserved 1048576K
2016-05-30T22:29:08.985+0200: 3663.947: [GC (Allocation Failure) 2016-05-30T22:29:08.985+0200: 3663.947: [ParNew
Desired survivor size 20112992 bytes, new threshold 8 (max 8)
- age   1:     744592 bytes,     744592 total
- age   2:     265152 bytes,    1009744 total
- age   3:       5232 bytes,    1014976 total
- age   4:       7936 bytes,    1022912 total
- age   5:     130024 bytes,    1152936 total
- age   6:     147568 bytes,    1300504 total
- age   7:      24256 bytes,    1324760 total
- age   8:      24160 bytes,    1348920 total
: 90486K->1784K(109248K), 0.0052593 secs] 105261K->16792K(502464K), 0.0053396 secs] [Times: user=0.00 sys=0.00, real=0.01 secs] 
Heap after GC invocations=14 (full 1):
 par new generation   total 109248K, used 1784K [0x00000000e0000000, 0x00000000e8000000, 0x00000000e8000000)
  eden space 87424K,   0% used [0x00000000e0000000, 0x00000000e0000000, 0x00000000e5560000)
  from space 21824K,   8% used [0x00000000e5560000, 0x00000000e571e370, 0x00000000e6ab0000)
  to   space 21824K,   0% used [0x00000000e6ab0000, 0x00000000e6ab0000, 0x00000000e8000000)
 concurrent mark-sweep generation total 393216K, used 15007K [0x00000000e8000000, 0x0000000100000000, 0x0000000100000000)
 Metaspace       used 31375K, capacity 31766K, committed 32224K, reserved 1077248K
  class space    used 3632K, capacity 3785K, committed 3812K, reserved 1048576K
}
2016-05-30T22:29:08.991+0200: 3663.952: Total time for which application threads were stopped: 0.0055337 seconds, Stopping threads took: 0.0000248 seconds
2016-05-30T22:29:09.991+0200: 3664.953: Total time for which application threads were stopped: 0.0000993 seconds, Stopping threads took: 0.0000235 seconds
2016-05-30T22:30:22.009+0200: 3736.970: Total time for which application threads were stopped: 0.0001020 seconds, Stopping threads took: 0.0000329 seconds
2016-05-30T22:30:24.010+0200: 3738.971: Total time for which application threads were stopped: 0.0001047 seconds, Stopping threads took: 0.0000444 seconds
2016-05-30T22:30:26.010+0200: 3740.972: Total time for which application threads were stopped: 0.0000987 seconds, Stopping threads took: 0.0000338 seconds
{Heap before GC invocations=14 (full 1):
 par new generation   total 109248K, used 89208K [0x00000000e0000000, 0x00000000e8000000, 0x00000000e8000000)
  eden space 87424K, 100% used [0x00000000e0000000, 0x00000000e5560000, 0x00000000e5560000)
  from space 21824K,   8% used [0x00000000e5560000, 0x00000000e571e370, 0x00000000e6ab0000)
  to   space 21824K,   0% used [0x00000000e6ab0000, 0x00000000e6ab0000, 0x00000000e8000000)
 concurrent mark-sweep generation total 393216K, used 15007K [0x00000000e8000000, 0x0000000100000000, 0x0000000100000000)
 Metaspace       used 31408K, capacity 31766K, committed 32224K, reserved 1077248K
  class space    used 3632K, capacity 3785K, committed 3812K, reserved 1048576K
2016-05-30T22:30:26.695+0200: 3741.657: [GC (Allocation Failure) 2016-05-30T22:30:26.696+0200: 3741.657: [ParNew
Desired survivor size 20112992 bytes, new threshold 8 (max 8)
- age   1:    1178344 bytes,    1178344 total
- age   2:        864 bytes,    1179208 total
- age   3:       2368 bytes,    1181576 total
- age   4:       4112 bytes,    1185688 total
- age   5:       7904 bytes,    1193592 total
- age   6:     130024 bytes,    1323616 total
- age   7:     147568 bytes,    1471184 total
- age   8:      24256 bytes,    1495440 total
: 89208K->1909K(109248K), 0.0052297 secs] 104216K->16941K(502464K), 0.0052955 secs] [Times: user=0.00 sys=0.00, real=0.01 secs] 
Heap after GC invocations=15 (full 1):
 par new generation   total 109248K, used 1909K [0x00000000e0000000, 0x00000000e8000000, 0x00000000e8000000)
  eden space 87424K,   0% used [0x00000000e0000000, 0x00000000e0000000, 0x00000000e5560000)
  from space 21824K,   8% used [0x00000000e6ab0000, 0x00000000e6c8d5e8, 0x00000000e8000000)
  to   space 21824K,   0% used [0x00000000e5560000, 0x00000000e5560000, 0x00000000e6ab0000)
 concurrent mark-sweep generation total 393216K, used 15031K [0x00000000e8000000, 0x0000000100000000, 0x0000000100000000)
 Metaspace       used 31408K, capacity 31766K, committed 32224K, reserved 1077248K
  class space    used 3632K, capacity 3785K, committed 3812K, reserved 1048576K
}
2016-05-30T22:30:26.701+0200: 3741.663: Total time for which application threads were stopped: 0.0054739 seconds, Stopping threads took: 0.0000205 seconds
2016-05-30T22:30:29.702+0200: 3744.663: Total time for which application threads were stopped: 0.0001340 seconds, Stopping threads took: 0.0000564 seconds
2016-05-30T22:31:10.711+0200: 3785.673: Total time for which application threads were stopped: 0.0001075 seconds, Stopping threads took: 0.0000332 seconds
2016-05-30T22:31:15.713+0200: 3790.674: Total time for which application threads were stopped: 0.0000830 seconds, Stopping threads took: 0.0000266 seconds
2016-05-30T22:31:17.713+0200: 3792.674: Total time for which application threads were stopped: 0.0000839 seconds, Stopping threads took: 0.0000257 seconds
2016-05-30T22:31:19.713+0200: 3794.675: Total time for which application threads were stopped: 0.0000842 seconds, Stopping threads took: 0.0000263 seconds
2016-05-30T22:31:20.713+0200: 3795.675: Total time for which application threads were stopped: 0.0001392 seconds, Stopping threads took: 0.0000483 seconds
{Heap before GC invocations=15 (full 1):
 par new generation   total 109248K, used 89333K [0x00000000e0000000, 0x00000000e8000000, 0x00000000e8000000)
  eden space 87424K, 100% used [0x00000000e0000000, 0x00000000e5560000, 0x00000000e5560000)
  from space 21824K,   8% used [0x00000000e6ab0000, 0x00000000e6c8d5e8, 0x00000000e8000000)
  to   space 21824K,   0% used [0x00000000e5560000, 0x00000000e5560000, 0x00000000e6ab0000)
 concurrent mark-sweep generation total 393216K, used 15031K [0x00000000e8000000, 0x0000000100000000, 0x0000000100000000)
 Metaspace       used 31490K, capacity 31894K, committed 32224K, reserved 1077248K
  class space    used 3632K, capacity 3785K, committed 3812K, reserved 1048576K
2016-05-30T22:31:23.676+0200: 3798.637: [GC (Allocation Failure) 2016-05-30T22:31:23.676+0200: 3798.637: [ParNew
Desired survivor size 20112992 bytes, new threshold 8 (max 8)
- age   1:     820280 bytes,     820280 total
- age   2:       2608 bytes,     822888 total
- age   3:        864 bytes,     823752 total
- age   4:       2368 bytes,     826120 total
- age   5:       4112 bytes,     830232 total
- age   6:       7904 bytes,     838136 total
- age   7:     129952 bytes,     968088 total
- age   8:     147520 bytes,    1115608 total
: 89333K->1453K(109248K), 0.0050190 secs] 104365K->16508K(502464K), 0.0051123 secs] [Times: user=0.00 sys=0.00, real=0.00 secs] 
Heap after GC invocations=16 (full 1):
 par new generation   total 109248K, used 1453K [0x00000000e0000000, 0x00000000e8000000, 0x00000000e8000000)
  eden space 87424K,   0% used [0x00000000e0000000, 0x00000000e0000000, 0x00000000e5560000)
  from space 21824K,   6% used [0x00000000e5560000, 0x00000000e56cb450, 0x00000000e6ab0000)
  to   space 21824K,   0% used [0x00000000e6ab0000, 0x00000000e6ab0000, 0x00000000e8000000)
 concurrent mark-sweep generation total 393216K, used 15055K [0x00000000e8000000, 0x0000000100000000, 0x0000000100000000)
 Metaspace       used 31490K, capacity 31894K, committed 32224K, reserved 1077248K
  class space    used 3632K, capacity 3785K, committed 3812K, reserved 1048576K
}
2016-05-30T22:31:23.681+0200: 3798.643: Total time for which application threads were stopped: 0.0053106 seconds, Stopping threads took: 0.0000281 seconds
2016-05-30T22:31:25.681+0200: 3800.643: Total time for which application threads were stopped: 0.0001506 seconds, Stopping threads took: 0.0000537 seconds
2016-05-30T22:31:26.681+0200: 3801.643: Total time for which application threads were stopped: 0.0000833 seconds, Stopping threads took: 0.0000232 seconds
2016-05-30T22:31:27.682+0200: 3802.643: Total time for which application threads were stopped: 0.0001053 seconds, Stopping threads took: 0.0000314 seconds
2016-05-30T22:31:34.683+0200: 3809.645: Total time for which application threads were stopped: 0.0001108 seconds, Stopping threads took: 0.0000305 seconds
2016-05-30T22:31:39.684+0200: 3814.646: Total time for which application threads were stopped: 0.0000872 seconds, Stopping threads took: 0.0000272 seconds
{Heap before GC invocations=16 (full 1):
 par new generation   total 109248K, used 88877K [0x00000000e0000000, 0x00000000e8000000, 0x00000000e8000000)
  eden space 87424K, 100% used [0x00000000e0000000, 0x00000000e5560000, 0x00000000e5560000)
  from space 21824K,   6% used [0x00000000e5560000, 0x00000000e56cb450, 0x00000000e6ab0000)
  to   space 21824K,   0% used [0x00000000e6ab0000, 0x00000000e6ab0000, 0x00000000e8000000)
 concurrent mark-sweep generation total 393216K, used 15055K [0x00000000e8000000, 0x0000000100000000, 0x0000000100000000)
 Metaspace       used 31581K, capacity 31958K, committed 32480K, reserved 1077248K
  class space    used 3632K, capacity 3785K, committed 3812K, reserved 1048576K
2016-05-30T22:31:41.344+0200: 3816.306: [GC (Allocation Failure) 2016-05-30T22:31:41.344+0200: 3816.306: [ParNew
Desired survivor size 20112992 bytes, new threshold 8 (max 8)
- age   1:     852336 bytes,     852336 total
- age   2:       7368 bytes,     859704 total
- age   3:       2608 bytes,     862312 total
- age   4:        864 bytes,     863176 total
- age   5:       2368 bytes,     865544 total
- age   6:       4112 bytes,     869656 total
- age   7:       7904 bytes,     877560 total
- age   8:     129920 bytes,    1007480 total
: 88877K->1425K(109248K), 0.0049544 secs] 103932K->16624K(502464K), 0.0050405 secs] [Times: user=0.00 sys=0.00, real=0.00 secs] 
Heap after GC invocations=17 (full 1):
 par new generation   total 109248K, used 1425K [0x00000000e0000000, 0x00000000e8000000, 0x00000000e8000000)
  eden space 87424K,   0% used [0x00000000e0000000, 0x00000000e0000000, 0x00000000e5560000)
  from space 21824K,   6% used [0x00000000e6ab0000, 0x00000000e6c14400, 0x00000000e8000000)
  to   space 21824K,   0% used [0x00000000e5560000, 0x00000000e5560000, 0x00000000e6ab0000)
 concurrent mark-sweep generation total 393216K, used 15199K [0x00000000e8000000, 0x0000000100000000, 0x0000000100000000)
 Metaspace       used 31581K, capacity 31958K, committed 32480K, reserved 1077248K
  class space    used 3632K, capacity 3785K, committed 3812K, reserved 1048576K
}
2016-05-30T22:31:41.349+0200: 3816.311: Total time for which application threads were stopped: 0.0052494 seconds, Stopping threads took: 0.0000226 seconds
2016-05-30T22:31:42.350+0200: 3817.311: Total time for which application threads were stopped: 0.0001114 seconds, Stopping threads took: 0.0000368 seconds
2016-05-30T22:31:48.351+0200: 3823.313: Total time for which application threads were stopped: 0.0000821 seconds, Stopping threads took: 0.0000266 seconds
2016-05-30T22:31:53.353+0200: 3828.314: Total time for which application threads were stopped: 0.0000809 seconds, Stopping threads took: 0.0000241 seconds
2016-05-30T22:31:56.354+0200: 3831.315: Total time for which application threads were stopped: 0.0001041 seconds, Stopping threads took: 0.0000329 seconds
2016-05-30T22:31:57.354+0200: 3832.315: Total time for which application threads were stopped: 0.0000839 seconds, Stopping threads took: 0.0000254 seconds
{Heap before GC invocations=17 (full 1):
 par new generation   total 109248K, used 88849K [0x00000000e0000000, 0x00000000e8000000, 0x00000000e8000000)
  eden space 87424K, 100% used [0x00000000e0000000, 0x00000000e5560000, 0x00000000e5560000)
  from space 21824K,   6% used [0x00000000e6ab0000, 0x00000000e6c14400, 0x00000000e8000000)
  to   space 21824K,   0% used [0x00000000e5560000, 0x00000000e5560000, 0x00000000e6ab0000)
 concurrent mark-sweep generation total 393216K, used 15199K [0x00000000e8000000, 0x0000000100000000, 0x0000000100000000)
 Metaspace       used 31589K, capacity 31958K, committed 32480K, reserved 1077248K
  class space    used 3632K, capacity 3785K, committed 3812K, reserved 1048576K
2016-05-30T22:31:58.314+0200: 3833.276: [GC (Allocation Failure) 2016-05-30T22:31:58.314+0200: 3833.276: [ParNew
Desired survivor size 20112992 bytes, new threshold 8 (max 8)
- age   1:     851360 bytes,     851360 total
- age   2:       6144 bytes,     857504 total
- age   3:       7368 bytes,     864872 total
- age   4:       2608 bytes,     867480 total
- age   5:        864 bytes,     868344 total
- age   6:       2368 bytes,     870712 total
- age   7:       4112 bytes,     874824 total
- age   8:       7904 bytes,     882728 total
: 88849K->1150K(109248K), 0.0055391 secs] 104048K->16477K(502464K), 0.0056134 secs] [Times: user=0.00 sys=0.00, real=0.01 secs] 
Heap after GC invocations=18 (full 1):
 par new generation   total 109248K, used 1150K [0x00000000e0000000, 0x00000000e8000000, 0x00000000e8000000)
  eden space 87424K,   0% used [0x00000000e0000000, 0x00000000e0000000, 0x00000000e5560000)
  from space 21824K,   5% used [0x00000000e5560000, 0x00000000e567faf0, 0x00000000e6ab0000)
  to   space 21824K,   0% used [0x00000000e6ab0000, 0x00000000e6ab0000, 0x00000000e8000000)
 concurrent mark-sweep generation total 393216K, used 15326K [0x00000000e8000000, 0x0000000100000000, 0x0000000100000000)
 Metaspace       used 31589K, capacity 31958K, committed 32480K, reserved 1077248K
  class space    used 3632K, capacity 3785K, committed 3812K, reserved 1048576K
}
2016-05-30T22:31:58.320+0200: 3833.282: Total time for which application threads were stopped: 0.0058168 seconds, Stopping threads took: 0.0000196 seconds
2016-05-30T22:32:01.321+0200: 3836.282: Total time for which application threads were stopped: 0.0001084 seconds, Stopping threads took: 0.0000290 seconds
2016-05-30T22:32:06.322+0200: 3841.284: Total time for which application threads were stopped: 0.0000912 seconds, Stopping threads took: 0.0000260 seconds
2016-05-30T22:32:08.323+0200: 3843.284: Total time for which application threads were stopped: 0.0001521 seconds, Stopping threads took: 0.0000734 seconds
{Heap before GC invocations=18 (full 1):
 par new generation   total 109248K, used 88574K [0x00000000e0000000, 0x00000000e8000000, 0x00000000e8000000)
  eden space 87424K, 100% used [0x00000000e0000000, 0x00000000e5560000, 0x00000000e5560000)
  from space 21824K,   5% used [0x00000000e5560000, 0x00000000e567faf0, 0x00000000e6ab0000)
  to   space 21824K,   0% used [0x00000000e6ab0000, 0x00000000e6ab0000, 0x00000000e8000000)
 concurrent mark-sweep generation total 393216K, used 15326K [0x00000000e8000000, 0x0000000100000000, 0x0000000100000000)
 Metaspace       used 31595K, capacity 31958K, committed 32480K, reserved 1077248K
  class space    used 3632K, capacity 3785K, committed 3812K, reserved 1048576K
2016-05-30T22:32:08.349+0200: 3843.311: [GC (Allocation Failure) 2016-05-30T22:32:08.349+0200: 3843.311: [ParNew
Desired survivor size 20112992 bytes, new threshold 8 (max 8)
- age   1:    1039880 bytes,    1039880 total
- age   2:       2784 bytes,    1042664 total
- age   3:       5808 bytes,    1048472 total
- age   4:       7336 bytes,    1055808 total
- age   5:       2608 bytes,    1058416 total
- age   6:        864 bytes,    1059280 total
- age   7:       2368 bytes,    1061648 total
- age   8:       4112 bytes,    1065760 total
: 88574K->1322K(109248K), 0.0042837 secs] 103901K->16657K(502464K), 0.0043634 secs] [Times: user=0.00 sys=0.00, real=0.01 secs] 
Heap after GC invocations=19 (full 1):
 par new generation   total 109248K, used 1322K [0x00000000e0000000, 0x00000000e8000000, 0x00000000e8000000)
  eden space 87424K,   0% used [0x00000000e0000000, 0x00000000e0000000, 0x00000000e5560000)
  from space 21824K,   6% used [0x00000000e6ab0000, 0x00000000e6bfabf0, 0x00000000e8000000)
  to   space 21824K,   0% used [0x00000000e5560000, 0x00000000e5560000, 0x00000000e6ab0000)
 concurrent mark-sweep generation total 393216K, used 15334K [0x00000000e8000000, 0x0000000100000000, 0x0000000100000000)
 Metaspace       used 31595K, capacity 31958K, committed 32480K, reserved 1077248K
  class space    used 3632K, capacity 3785K, committed 3812K, reserved 1048576K
}
2016-05-30T22:32:08.354+0200: 3843.315: Total time for which application threads were stopped: 0.0045530 seconds, Stopping threads took: 0.0000232 seconds
{Heap before GC invocations=19 (full 1):
 par new generation   total 109248K, used 88746K [0x00000000e0000000, 0x00000000e8000000, 0x00000000e8000000)
  eden space 87424K, 100% used [0x00000000e0000000, 0x00000000e5560000, 0x00000000e5560000)
  from space 21824K,   6% used [0x00000000e6ab0000, 0x00000000e6bfabf0, 0x00000000e8000000)
  to   space 21824K,   0% used [0x00000000e5560000, 0x00000000e5560000, 0x00000000e6ab0000)
 concurrent mark-sweep generation total 393216K, used 15334K [0x00000000e8000000, 0x0000000100000000, 0x0000000100000000)
 Metaspace       used 31595K, capacity 31958K, committed 32480K, reserved 1077248K
  class space    used 3632K, capacity 3785K, committed 3812K, reserved 1048576K
2016-05-30T22:32:08.920+0200: 3843.881: [GC (Allocation Failure) 2016-05-30T22:32:08.920+0200: 3843.881: [ParNew
Desired survivor size 20112992 bytes, new threshold 8 (max 8)
- age   1:     771064 bytes,     771064 total
- age   2:     278944 bytes,    1050008 total
- age   3:       2784 bytes,    1052792 total
- age   4:       5808 bytes,    1058600 total
- age   5:       7336 bytes,    1065936 total
- age   6:       2608 bytes,    1068544 total
- age   7:        864 bytes,    1069408 total
- age   8:       2368 bytes,    1071776 total
: 88746K->1377K(109248K), 0.0049384 secs] 104081K->16715K(502464K), 0.0050239 secs] [Times: user=0.06 sys=0.00, real=0.00 secs] 
Heap after GC invocations=20 (full 1):
 par new generation   total 109248K, used 1377K [0x00000000e0000000, 0x00000000e8000000, 0x00000000e8000000)
  eden space 87424K,   0% used [0x00000000e0000000, 0x00000000e0000000, 0x00000000e5560000)
  from space 21824K,   6% used [0x00000000e5560000, 0x00000000e56b8540, 0x00000000e6ab0000)
  to   space 21824K,   0% used [0x00000000e6ab0000, 0x00000000e6ab0000, 0x00000000e8000000)
 concurrent mark-sweep generation total 393216K, used 15338K [0x00000000e8000000, 0x0000000100000000, 0x0000000100000000)
 Metaspace       used 31595K, capacity 31958K, committed 32480K, reserved 1077248K
  class space    used 3632K, capacity 3785K, committed 3812K, reserved 1048576K
}
2016-05-30T22:32:08.925+0200: 3843.886: Total time for which application threads were stopped: 0.0052874 seconds, Stopping threads took: 0.0000257 seconds
{Heap before GC invocations=20 (full 1):
 par new generation   total 109248K, used 88801K [0x00000000e0000000, 0x00000000e8000000, 0x00000000e8000000)
  eden space 87424K, 100% used [0x00000000e0000000, 0x00000000e5560000, 0x00000000e5560000)
  from space 21824K,   6% used [0x00000000e5560000, 0x00000000e56b8540, 0x00000000e6ab0000)
  to   space 21824K,   0% used [0x00000000e6ab0000, 0x00000000e6ab0000, 0x00000000e8000000)
 concurrent mark-sweep generation total 393216K, used 15338K [0x00000000e8000000, 0x0000000100000000, 0x0000000100000000)
 Metaspace       used 31595K, capacity 31958K, committed 32480K, reserved 1077248K
  class space    used 3632K, capacity 3785K, committed 3812K, reserved 1048576K
2016-05-30T22:32:09.488+0200: 3844.449: [GC (Allocation Failure) 2016-05-30T22:32:09.488+0200: 3844.450: [ParNew
Desired survivor size 20112992 bytes, new threshold 8 (max 8)
- age   1:     746616 bytes,     746616 total
- age   3:     278944 bytes,    1025560 total
- age   4:       2784 bytes,    1028344 total
- age   5:       5808 bytes,    1034152 total
- age   6:       7336 bytes,    1041488 total
- age   7:       2608 bytes,    1044096 total
- age   8:        864 bytes,    1044960 total
: 88801K->1368K(109248K), 0.0042366 secs] 104139K->16709K(502464K), 0.0043109 secs] [Times: user=0.00 sys=0.00, real=0.00 secs] 
Heap after GC invocations=21 (full 1):
 par new generation   total 109248K, used 1368K [0x00000000e0000000, 0x00000000e8000000, 0x00000000e8000000)
  eden space 87424K,   0% used [0x00000000e0000000, 0x00000000e0000000, 0x00000000e5560000)
  from space 21824K,   6% used [0x00000000e6ab0000, 0x00000000e6c062e0, 0x00000000e8000000)
  to   space 21824K,   0% used [0x00000000e5560000, 0x00000000e5560000, 0x00000000e6ab0000)
 concurrent mark-sweep generation total 393216K, used 15340K [0x00000000e8000000, 0x0000000100000000, 0x0000000100000000)
 Metaspace       used 31595K, capacity 31958K, committed 32480K, reserved 1077248K
  class space    used 3632K, capacity 3785K, committed 3812K, reserved 1048576K
}
2016-05-30T22:32:09.492+0200: 3844.454: Total time for which application threads were stopped: 0.0044962 seconds, Stopping threads took: 0.0000223 seconds
2016-05-30T22:33:21.512+0200: 3916.474: Total time for which application threads were stopped: 0.0001126 seconds, Stopping threads took: 0.0000308 seconds
2016-05-30T22:33:23.512+0200: 3918.474: Total time for which application threads were stopped: 0.0001829 seconds, Stopping threads took: 0.0000975 seconds
2016-05-30T22:33:25.513+0200: 3920.474: Total time for which application threads were stopped: 0.0001063 seconds, Stopping threads took: 0.0000284 seconds
2016-05-30T22:33:27.513+0200: 3922.475: Total time for which application threads were stopped: 0.0000951 seconds, Stopping threads took: 0.0000299 seconds
2016-05-30T22:33:29.520+0200: 3924.482: Total time for which application threads were stopped: 0.0066129 seconds, Stopping threads took: 0.0065253 seconds
{Heap before GC invocations=21 (full 1):
 par new generation   total 109248K, used 88792K [0x00000000e0000000, 0x00000000e8000000, 0x00000000e8000000)
  eden space 87424K, 100% used [0x00000000e0000000, 0x00000000e5560000, 0x00000000e5560000)
  from space 21824K,   6% used [0x00000000e6ab0000, 0x00000000e6c062e0, 0x00000000e8000000)
  to   space 21824K,   0% used [0x00000000e5560000, 0x00000000e5560000, 0x00000000e6ab0000)
 concurrent mark-sweep generation total 393216K, used 15340K [0x00000000e8000000, 0x0000000100000000, 0x0000000100000000)
 Metaspace       used 31609K, capacity 31958K, committed 32480K, reserved 1077248K
  class space    used 3632K, capacity 3785K, committed 3812K, reserved 1048576K
2016-05-30T22:33:29.548+0200: 3924.510: [GC (Allocation Failure) 2016-05-30T22:33:29.548+0200: 3924.510: [ParNew
Desired survivor size 20112992 bytes, new threshold 8 (max 8)
- age   1:     845776 bytes,     845776 total
- age   4:       4408 bytes,     850184 total
- age   5:       2560 bytes,     852744 total
- age   6:       5776 bytes,     858520 total
- age   7:       7336 bytes,     865856 total
- age   8:       2608 bytes,     868464 total
: 88792K->1144K(109248K), 0.0043906 secs] 104133K->16486K(502464K), 0.0044727 secs] [Times: user=0.00 sys=0.00, real=0.00 secs] 
Heap after GC invocations=22 (full 1):
 par new generation   total 109248K, used 1144K [0x00000000e0000000, 0x00000000e8000000, 0x00000000e8000000)
  eden space 87424K,   0% used [0x00000000e0000000, 0x00000000e0000000, 0x00000000e5560000)
  from space 21824K,   5% used [0x00000000e5560000, 0x00000000e567e108, 0x00000000e6ab0000)
  to   space 21824K,   0% used [0x00000000e6ab0000, 0x00000000e6ab0000, 0x00000000e8000000)
 concurrent mark-sweep generation total 393216K, used 15341K [0x00000000e8000000, 0x0000000100000000, 0x0000000100000000)
 Metaspace       used 31609K, capacity 31958K, committed 32480K, reserved 1077248K
  class space    used 3632K, capacity 3785K, committed 3812K, reserved 1048576K
}
2016-05-30T22:33:29.553+0200: 3924.514: Total time for which application threads were stopped: 0.0046722 seconds, Stopping threads took: 0.0000332 seconds
2016-05-30T22:33:30.553+0200: 3925.514: Total time for which application threads were stopped: 0.0000818 seconds, Stopping threads took: 0.0000248 seconds
2016-05-30T22:33:34.554+0200: 3929.515: Total time for which application threads were stopped: 0.0000906 seconds, Stopping threads took: 0.0000293 seconds
{Heap before GC invocations=22 (full 1):
 par new generation   total 109248K, used 88568K [0x00000000e0000000, 0x00000000e8000000, 0x00000000e8000000)
  eden space 87424K, 100% used [0x00000000e0000000, 0x00000000e5560000, 0x00000000e5560000)
  from space 21824K,   5% used [0x00000000e5560000, 0x00000000e567e108, 0x00000000e6ab0000)
  to   space 21824K,   0% used [0x00000000e6ab0000, 0x00000000e6ab0000, 0x00000000e8000000)
 concurrent mark-sweep generation total 393216K, used 15341K [0x00000000e8000000, 0x0000000100000000, 0x0000000100000000)
 Metaspace       used 31614K, capacity 31958K, committed 32480K, reserved 1077248K
  class space    used 3632K, capacity 3785K, committed 3812K, reserved 1048576K
2016-05-30T22:33:43.422+0200: 3938.383: [GC (Allocation Failure) 2016-05-30T22:33:43.422+0200: 3938.383: [ParNew
Desired survivor size 20112992 bytes, new threshold 8 (max 8)
- age   1:    1646656 bytes,    1646656 total
- age   2:       5896 bytes,    1652552 total
- age   5:       4408 bytes,    1656960 total
- age   6:       2560 bytes,    1659520 total
- age   7:       5776 bytes,    1665296 total
- age   8:       7336 bytes,    1672632 total
: 88568K->1883K(109248K), 0.0062497 secs] 103910K->17227K(502464K), 0.0063493 secs] [Times: user=0.00 sys=0.00, real=0.01 secs] 
Heap after GC invocations=23 (full 1):
 par new generation   total 109248K, used 1883K [0x00000000e0000000, 0x00000000e8000000, 0x00000000e8000000)
  eden space 87424K,   0% used [0x00000000e0000000, 0x00000000e0000000, 0x00000000e5560000)
  from space 21824K,   8% used [0x00000000e6ab0000, 0x00000000e6c86e58, 0x00000000e8000000)
  to   space 21824K,   0% used [0x00000000e5560000, 0x00000000e5560000, 0x00000000e6ab0000)
 concurrent mark-sweep generation total 393216K, used 15344K [0x00000000e8000000, 0x0000000100000000, 0x0000000100000000)
 Metaspace       used 31614K, capacity 31958K, committed 32480K, reserved 1077248K
  class space    used 3632K, capacity 3785K, committed 3812K, reserved 1048576K
}
2016-05-30T22:33:43.428+0200: 3938.390: Total time for which application threads were stopped: 0.0065697 seconds, Stopping threads took: 0.0000275 seconds
2016-05-30T22:33:48.429+0200: 3943.391: Total time for which application threads were stopped: 0.0000839 seconds, Stopping threads took: 0.0000275 seconds
{Heap before GC invocations=23 (full 1):
 par new generation   total 109248K, used 89307K [0x00000000e0000000, 0x00000000e8000000, 0x00000000e8000000)
  eden space 87424K, 100% used [0x00000000e0000000, 0x00000000e5560000, 0x00000000e5560000)
  from space 21824K,   8% used [0x00000000e6ab0000, 0x00000000e6c86e58, 0x00000000e8000000)
  to   space 21824K,   0% used [0x00000000e5560000, 0x00000000e5560000, 0x00000000e6ab0000)
 concurrent mark-sweep generation total 393216K, used 15344K [0x00000000e8000000, 0x0000000100000000, 0x0000000100000000)
 Metaspace       used 31614K, capacity 31958K, committed 32480K, reserved 1077248K
  class space    used 3632K, capacity 3785K, committed 3812K, reserved 1048576K
2016-05-30T22:33:53.611+0200: 3948.573: [GC (Allocation Failure) 2016-05-30T22:33:53.611+0200: 3948.573: [ParNew
Desired survivor size 20112992 bytes, new threshold 8 (max 8)
- age   1:     829032 bytes,     829032 total
- age   2:      11976 bytes,     841008 total
- age   3:       5896 bytes,     846904 total
- age   6:       4408 bytes,     851312 total
- age   7:       2560 bytes,     853872 total
- age   8:       5776 bytes,     859648 total
: 89307K->1776K(109248K), 0.0055268 secs] 104651K->17127K(502464K), 0.0056173 secs] [Times: user=0.00 sys=0.00, real=0.00 secs] 
Heap after GC invocations=24 (full 1):
 par new generation   total 109248K, used 1776K [0x00000000e0000000, 0x00000000e8000000, 0x00000000e8000000)
  eden space 87424K,   0% used [0x00000000e0000000, 0x00000000e0000000, 0x00000000e5560000)
  from space 21824K,   8% used [0x00000000e5560000, 0x00000000e571c0c0, 0x00000000e6ab0000)
  to   space 21824K,   0% used [0x00000000e6ab0000, 0x00000000e6ab0000, 0x00000000e8000000)
 concurrent mark-sweep generation total 393216K, used 15351K [0x00000000e8000000, 0x0000000100000000, 0x0000000100000000)
 Metaspace       used 31614K, capacity 31958K, committed 32480K, reserved 1077248K
  class space    used 3632K, capacity 3785K, committed 3812K, reserved 1048576K
}
2016-05-30T22:33:53.616+0200: 3948.578: Total time for which application threads were stopped: 0.0058709 seconds, Stopping threads took: 0.0000254 seconds
2016-05-30T22:33:55.617+0200: 3950.578: Total time for which application threads were stopped: 0.0001117 seconds, Stopping threads took: 0.0000347 seconds
2016-05-30T22:33:58.617+0200: 3953.579: Total time for which application threads were stopped: 0.0001078 seconds, Stopping threads took: 0.0000299 seconds
2016-05-30T22:34:03.619+0200: 3958.580: Total time for which application threads were stopped: 0.0001114 seconds, Stopping threads took: 0.0000308 seconds
{Heap before GC invocations=24 (full 1):
 par new generation   total 109248K, used 89200K [0x00000000e0000000, 0x00000000e8000000, 0x00000000e8000000)
  eden space 87424K, 100% used [0x00000000e0000000, 0x00000000e5560000, 0x00000000e5560000)
  from space 21824K,   8% used [0x00000000e5560000, 0x00000000e571c0c0, 0x00000000e6ab0000)
  to   space 21824K,   0% used [0x00000000e6ab0000, 0x00000000e6ab0000, 0x00000000e8000000)
 concurrent mark-sweep generation total 393216K, used 15351K [0x00000000e8000000, 0x0000000100000000, 0x0000000100000000)
 Metaspace       used 31656K, capacity 32022K, committed 32480K, reserved 1077248K
  class space    used 3633K, capacity 3785K, committed 3812K, reserved 1048576K
2016-05-30T22:34:05.057+0200: 3960.019: [GC (Allocation Failure) 2016-05-30T22:34:05.057+0200: 3960.019: [ParNew
Desired survivor size 20112992 bytes, new threshold 8 (max 8)
- age   1:     879416 bytes,     879416 total
- age   2:      14864 bytes,     894280 total
- age   3:      11752 bytes,     906032 total
- age   4:       5864 bytes,     911896 total
- age   7:       4408 bytes,     916304 total
- age   8:       2560 bytes,     918864 total
: 89200K->1262K(109248K), 0.0049209 secs] 104551K->16620K(502464K), 0.0050058 secs] [Times: user=0.02 sys=0.00, real=0.01 secs] 
Heap after GC invocations=25 (full 1):
 par new generation   total 109248K, used 1262K [0x00000000e0000000, 0x00000000e8000000, 0x00000000e8000000)
  eden space 87424K,   0% used [0x00000000e0000000, 0x00000000e0000000, 0x00000000e5560000)
  from space 21824K,   5% used [0x00000000e6ab0000, 0x00000000e6bebbe0, 0x00000000e8000000)
  to   space 21824K,   0% used [0x00000000e5560000, 0x00000000e5560000, 0x00000000e6ab0000)
 concurrent mark-sweep generation total 393216K, used 15357K [0x00000000e8000000, 0x0000000100000000, 0x0000000100000000)
 Metaspace       used 31656K, capacity 32022K, committed 32480K, reserved 1077248K
  class space    used 3633K, capacity 3785K, committed 3812K, reserved 1048576K
}
2016-05-30T22:34:05.062+0200: 3960.024: Total time for which application threads were stopped: 0.0051911 seconds, Stopping threads took: 0.0000217 seconds
2016-05-30T22:34:07.063+0200: 3962.024: Total time for which application threads were stopped: 0.0001256 seconds, Stopping threads took: 0.0000392 seconds
2016-05-30T22:34:11.064+0200: 3966.025: Total time for which application threads were stopped: 0.0001558 seconds, Stopping threads took: 0.0000839 seconds
{Heap before GC invocations=25 (full 1):
 par new generation   total 109248K, used 88686K [0x00000000e0000000, 0x00000000e8000000, 0x00000000e8000000)
  eden space 87424K, 100% used [0x00000000e0000000, 0x00000000e5560000, 0x00000000e5560000)
  from space 21824K,   5% used [0x00000000e6ab0000, 0x00000000e6bebbe0, 0x00000000e8000000)
  to   space 21824K,   0% used [0x00000000e5560000, 0x00000000e5560000, 0x00000000e6ab0000)
 concurrent mark-sweep generation total 393216K, used 15357K [0x00000000e8000000, 0x0000000100000000, 0x0000000100000000)
 Metaspace       used 31657K, capacity 32022K, committed 32480K, reserved 1077248K
  class space    used 3633K, capacity 3785K, committed 3812K, reserved 1048576K
2016-05-30T22:34:18.547+0200: 3973.509: [GC (Allocation Failure) 2016-05-30T22:34:18.547+0200: 3973.509: [ParNew
Desired survivor size 20112992 bytes, new threshold 8 (max 8)
- age   1:    1246968 bytes,    1246968 total
- age   2:      17056 bytes,    1264024 total
- age   3:      14864 bytes,    1278888 total
- age   4:      11640 bytes,    1290528 total
- age   5:       5832 bytes,    1296360 total
- age   8:       4376 bytes,    1300736 total
: 88686K->1526K(109248K), 0.0041560 secs] 104044K->16886K(502464K), 0.0042336 secs] [Times: user=0.00 sys=0.00, real=0.00 secs] 
Heap after GC invocations=26 (full 1):
 par new generation   total 109248K, used 1526K [0x00000000e0000000, 0x00000000e8000000, 0x00000000e8000000)
  eden space 87424K,   0% used [0x00000000e0000000, 0x00000000e0000000, 0x00000000e5560000)
  from space 21824K,   6% used [0x00000000e5560000, 0x00000000e56ddbd8, 0x00000000e6ab0000)
  to   space 21824K,   0% used [0x00000000e6ab0000, 0x00000000e6ab0000, 0x00000000e8000000)
 concurrent mark-sweep generation total 393216K, used 15359K [0x00000000e8000000, 0x0000000100000000, 0x0000000100000000)
 Metaspace       used 31657K, capacity 32022K, committed 32480K, reserved 1077248K
  class space    used 3633K, capacity 3785K, committed 3812K, reserved 1048576K
}
2016-05-30T22:34:18.551+0200: 3973.513: Total time for which application threads were stopped: 0.0044247 seconds, Stopping threads took: 0.0000205 seconds
2016-05-30T22:34:19.552+0200: 3974.513: Total time for which application threads were stopped: 0.0001159 seconds, Stopping threads took: 0.0000335 seconds
2016-05-30T22:34:20.552+0200: 3975.513: Total time for which application threads were stopped: 0.0000830 seconds, Stopping threads took: 0.0000257 seconds
2016-05-30T22:34:23.553+0200: 3978.514: Total time for which application threads were stopped: 0.0001352 seconds, Stopping threads took: 0.0000465 seconds
2016-05-30T22:34:30.554+0200: 3985.516: Total time for which application threads were stopped: 0.0001268 seconds, Stopping threads took: 0.0000447 seconds
{Heap before GC invocations=26 (full 1):
 par new generation   total 109248K, used 88950K [0x00000000e0000000, 0x00000000e8000000, 0x00000000e8000000)
  eden space 87424K, 100% used [0x00000000e0000000, 0x00000000e5560000, 0x00000000e5560000)
  from space 21824K,   6% used [0x00000000e5560000, 0x00000000e56ddbd8, 0x00000000e6ab0000)
  to   space 21824K,   0% used [0x00000000e6ab0000, 0x00000000e6ab0000, 0x00000000e8000000)
 concurrent mark-sweep generation total 393216K, used 15359K [0x00000000e8000000, 0x0000000100000000, 0x0000000100000000)
 Metaspace       used 31658K, capacity 32022K, committed 32480K, reserved 1077248K
  class space    used 3633K, capacity 3785K, committed 3812K, reserved 1048576K
2016-05-30T22:34:31.883+0200: 3986.845: [GC (Allocation Failure) 2016-05-30T22:34:31.883+0200: 3986.845: [ParNew
Desired survivor size 20112992 bytes, new threshold 8 (max 8)
- age   1:     865056 bytes,     865056 total
- age   2:      11424 bytes,     876480 total
- age   3:      17056 bytes,     893536 total
- age   4:      14864 bytes,     908400 total
- age   5:      11640 bytes,     920040 total
- age   6:       5832 bytes,     925872 total
: 88950K->1375K(109248K), 0.0053357 secs] 104310K->16739K(502464K), 0.0054105 secs] [Times: user=0.00 sys=0.00, real=0.01 secs] 
Heap after GC invocations=27 (full 1):
 par new generation   total 109248K, used 1375K [0x00000000e0000000, 0x00000000e8000000, 0x00000000e8000000)
  eden space 87424K,   0% used [0x00000000e0000000, 0x00000000e0000000, 0x00000000e5560000)
  from space 21824K,   6% used [0x00000000e6ab0000, 0x00000000e6c07f20, 0x00000000e8000000)
  to   space 21824K,   0% used [0x00000000e5560000, 0x00000000e5560000, 0x00000000e6ab0000)
 concurrent mark-sweep generation total 393216K, used 15363K [0x00000000e8000000, 0x0000000100000000, 0x0000000100000000)
 Metaspace       used 31658K, capacity 32022K, committed 32480K, reserved 1077248K
  class space    used 3633K, capacity 3785K, committed 3812K, reserved 1048576K
}
2016-05-30T22:34:31.889+0200: 3986.850: Total time for which application threads were stopped: 0.0056357 seconds, Stopping threads took: 0.0000251 seconds
2016-05-30T22:34:37.891+0200: 3992.852: Total time for which application threads were stopped: 0.0001005 seconds, Stopping threads took: 0.0000278 seconds
2016-05-30T22:34:39.891+0200: 3994.852: Total time for which application threads were stopped: 0.0000842 seconds, Stopping threads took: 0.0000266 seconds
{Heap before GC invocations=27 (full 1):
 par new generation   total 109248K, used 88799K [0x00000000e0000000, 0x00000000e8000000, 0x00000000e8000000)
  eden space 87424K, 100% used [0x00000000e0000000, 0x00000000e5560000, 0x00000000e5560000)
  from space 21824K,   6% used [0x00000000e6ab0000, 0x00000000e6c07f20, 0x00000000e8000000)
  to   space 21824K,   0% used [0x00000000e5560000, 0x00000000e5560000, 0x00000000e6ab0000)
 concurrent mark-sweep generation total 393216K, used 15363K [0x00000000e8000000, 0x0000000100000000, 0x0000000100000000)
 Metaspace       used 31658K, capacity 32022K, committed 32480K, reserved 1077248K
  class space    used 3633K, capacity 3785K, committed 3812K, reserved 1048576K
2016-05-30T22:34:41.037+0200: 3995.998: [GC (Allocation Failure) 2016-05-30T22:34:41.037+0200: 3995.998: [ParNew
Desired survivor size 20112992 bytes, new threshold 8 (max 8)
- age   1:     906560 bytes,     906560 total
- age   2:      11424 bytes,     917984 total
- age   3:      11312 bytes,     929296 total
- age   4:      17056 bytes,     946352 total
- age   5:      14864 bytes,     961216 total
- age   6:      11608 bytes,     972824 total
- age   7:       5832 bytes,     978656 total
: 88799K->1252K(109248K), 0.0049285 secs] 104163K->16616K(502464K), 0.0050190 secs] [Times: user=0.00 sys=0.00, real=0.01 secs] 
Heap after GC invocations=28 (full 1):
 par new generation   total 109248K, used 1252K [0x00000000e0000000, 0x00000000e8000000, 0x00000000e8000000)
  eden space 87424K,   0% used [0x00000000e0000000, 0x00000000e0000000, 0x00000000e5560000)
  from space 21824K,   5% used [0x00000000e5560000, 0x00000000e56990c8, 0x00000000e6ab0000)
  to   space 21824K,   0% used [0x00000000e6ab0000, 0x00000000e6ab0000, 0x00000000e8000000)
 concurrent mark-sweep generation total 393216K, used 15363K [0x00000000e8000000, 0x0000000100000000, 0x0000000100000000)
 Metaspace       used 31658K, capacity 32022K, committed 32480K, reserved 1077248K
  class space    used 3633K, capacity 3785K, committed 3812K, reserved 1048576K
}
2016-05-30T22:34:41.042+0200: 3996.004: Total time for which application threads were stopped: 0.0052222 seconds, Stopping threads took: 0.0000223 seconds
2016-05-30T22:34:42.042+0200: 3997.004: Total time for which application threads were stopped: 0.0001431 seconds, Stopping threads took: 0.0000462 seconds
2016-05-30T22:35:09.049+0200: 4024.011: Total time for which application threads were stopped: 0.0000854 seconds, Stopping threads took: 0.0000263 seconds
{Heap before GC invocations=28 (full 1):
 par new generation   total 109248K, used 88676K [0x00000000e0000000, 0x00000000e8000000, 0x00000000e8000000)
  eden space 87424K, 100% used [0x00000000e0000000, 0x00000000e5560000, 0x00000000e5560000)
  from space 21824K,   5% used [0x00000000e5560000, 0x00000000e56990c8, 0x00000000e6ab0000)
  to   space 21824K,   0% used [0x00000000e6ab0000, 0x00000000e6ab0000, 0x00000000e8000000)
 concurrent mark-sweep generation total 393216K, used 15363K [0x00000000e8000000, 0x0000000100000000, 0x0000000100000000)
 Metaspace       used 31658K, capacity 32022K, committed 32480K, reserved 1077248K
  class space    used 3633K, capacity 3785K, committed 3812K, reserved 1048576K
2016-05-30T22:35:09.827+0200: 4024.789: [GC (Allocation Failure) 2016-05-30T22:35:09.827+0200: 4024.789: [ParNew
Desired survivor size 20112992 bytes, new threshold 8 (max 8)
- age   1:     863504 bytes,     863504 total
- age   2:       7688 bytes,     871192 total
- age   3:      11424 bytes,     882616 total
- age   4:      11280 bytes,     893896 total
- age   5:      17056 bytes,     910952 total
- age   6:      14864 bytes,     925816 total
- age   7:      11608 bytes,     937424 total
- age   8:       5832 bytes,     943256 total
: 88676K->1225K(109248K), 0.0048183 secs] 104040K->16589K(502464K), 0.0048980 secs] [Times: user=0.00 sys=0.00, real=0.01 secs] 
Heap after GC invocations=29 (full 1):
 par new generation   total 109248K, used 1225K [0x00000000e0000000, 0x00000000e8000000, 0x00000000e8000000)
  eden space 87424K,   0% used [0x00000000e0000000, 0x00000000e0000000, 0x00000000e5560000)
  from space 21824K,   5% used [0x00000000e6ab0000, 0x00000000e6be2748, 0x00000000e8000000)
  to   space 21824K,   0% used [0x00000000e5560000, 0x00000000e5560000, 0x00000000e6ab0000)
 concurrent mark-sweep generation total 393216K, used 15363K [0x00000000e8000000, 0x0000000100000000, 0x0000000100000000)
 Metaspace       used 31658K, capacity 32022K, committed 32480K, reserved 1077248K
  class space    used 3633K, capacity 3785K, committed 3812K, reserved 1048576K
}
2016-05-30T22:35:09.832+0200: 4024.794: Total time for which application threads were stopped: 0.0051334 seconds, Stopping threads took: 0.0000299 seconds
2016-05-30T22:35:10.832+0200: 4025.794: Total time for which application threads were stopped: 0.0000809 seconds, Stopping threads took: 0.0000269 seconds
2016-05-30T22:35:25.837+0200: 4040.798: Total time for which application threads were stopped: 0.0000857 seconds, Stopping threads took: 0.0000260 seconds
2016-05-30T22:35:26.837+0200: 4041.799: Total time for which application threads were stopped: 0.0001204 seconds, Stopping threads took: 0.0000429 seconds
2016-05-30T22:35:29.838+0200: 4044.799: Total time for which application threads were stopped: 0.0000878 seconds, Stopping threads took: 0.0000272 seconds
{Heap before GC invocations=29 (full 1):
 par new generation   total 109248K, used 88649K [0x00000000e0000000, 0x00000000e8000000, 0x00000000e8000000)
  eden space 87424K, 100% used [0x00000000e0000000, 0x00000000e5560000, 0x00000000e5560000)
  from space 21824K,   5% used [0x00000000e6ab0000, 0x00000000e6be2748, 0x00000000e8000000)
  to   space 21824K,   0% used [0x00000000e5560000, 0x00000000e5560000, 0x00000000e6ab0000)
 concurrent mark-sweep generation total 393216K, used 15363K [0x00000000e8000000, 0x0000000100000000, 0x0000000100000000)
 Metaspace       used 31658K, capacity 32022K, committed 32480K, reserved 1077248K
  class space    used 3633K, capacity 3785K, committed 3812K, reserved 1048576K
2016-05-30T22:35:30.306+0200: 4045.267: [GC (Allocation Failure) 2016-05-30T22:35:30.306+0200: 4045.267: [ParNew
Desired survivor size 20112992 bytes, new threshold 8 (max 8)
- age   1:     860800 bytes,     860800 total
- age   2:        816 bytes,     861616 total
- age   3:       6568 bytes,     868184 total
- age   4:      11424 bytes,     879608 total
- age   5:      11280 bytes,     890888 total
- age   6:      17056 bytes,     907944 total
- age   7:      14864 bytes,     922808 total
- age   8:      11608 bytes,     934416 total
: 88649K->1227K(109248K), 0.0049898 secs] 104013K->16597K(502464K), 0.0050951 secs] [Times: user=0.00 sys=0.00, real=0.01 secs] 
Heap after GC invocations=30 (full 1):
 par new generation   total 109248K, used 1227K [0x00000000e0000000, 0x00000000e8000000, 0x00000000e8000000)
  eden space 87424K,   0% used [0x00000000e0000000, 0x00000000e0000000, 0x00000000e5560000)
  from space 21824K,   5% used [0x00000000e5560000, 0x00000000e5692fd8, 0x00000000e6ab0000)
  to   space 21824K,   0% used [0x00000000e6ab0000, 0x00000000e6ab0000, 0x00000000e8000000)
 concurrent mark-sweep generation total 393216K, used 15369K [0x00000000e8000000, 0x0000000100000000, 0x0000000100000000)
 Metaspace       used 31658K, capacity 32022K, committed 32480K, reserved 1077248K
  class space    used 3633K, capacity 3785K, committed 3812K, reserved 1048576K
}
2016-05-30T22:35:30.311+0200: 4045.273: Total time for which application threads were stopped: 0.0053260 seconds, Stopping threads took: 0.0000245 seconds
2016-05-30T22:35:45.315+0200: 4060.276: Total time for which application threads were stopped: 0.0000939 seconds, Stopping threads took: 0.0000281 seconds
2016-05-30T22:35:46.315+0200: 4061.277: Total time for which application threads were stopped: 0.0000863 seconds, Stopping threads took: 0.0000254 seconds
{Heap before GC invocations=30 (full 1):
 par new generation   total 109248K, used 88651K [0x00000000e0000000, 0x00000000e8000000, 0x00000000e8000000)
  eden space 87424K, 100% used [0x00000000e0000000, 0x00000000e5560000, 0x00000000e5560000)
  from space 21824K,   5% used [0x00000000e5560000, 0x00000000e5692fd8, 0x00000000e6ab0000)
  to   space 21824K,   0% used [0x00000000e6ab0000, 0x00000000e6ab0000, 0x00000000e8000000)
 concurrent mark-sweep generation total 393216K, used 15369K [0x00000000e8000000, 0x0000000100000000, 0x0000000100000000)
 Metaspace       used 31658K, capacity 32022K, committed 32480K, reserved 1077248K
  class space    used 3633K, capacity 3785K, committed 3812K, reserved 1048576K
2016-05-30T22:35:49.439+0200: 4064.401: [GC (Allocation Failure) 2016-05-30T22:35:49.439+0200: 4064.401: [ParNew
Desired survivor size 20112992 bytes, new threshold 8 (max 8)
- age   1:     868144 bytes,     868144 total
- age   2:       2648 bytes,     870792 total
- age   3:        480 bytes,     871272 total
- age   4:       6536 bytes,     877808 total
- age   5:      11424 bytes,     889232 total
- age   6:      11280 bytes,     900512 total
- age   7:      17056 bytes,     917568 total
- age   8:      14864 bytes,     932432 total
: 88651K->1248K(109248K), 0.0052983 secs] 104021K->16629K(502464K), 0.0053879 secs] [Times: user=0.00 sys=0.00, real=0.01 secs] 
Heap after GC invocations=31 (full 1):
 par new generation   total 109248K, used 1248K [0x00000000e0000000, 0x00000000e8000000, 0x00000000e8000000)
  eden space 87424K,   0% used [0x00000000e0000000, 0x00000000e0000000, 0x00000000e5560000)
  from space 21824K,   5% used [0x00000000e6ab0000, 0x00000000e6be8048, 0x00000000e8000000)
  to   space 21824K,   0% used [0x00000000e5560000, 0x00000000e5560000, 0x00000000e6ab0000)
 concurrent mark-sweep generation total 393216K, used 15380K [0x00000000e8000000, 0x0000000100000000, 0x0000000100000000)
 Metaspace       used 31658K, capacity 32022K, committed 32480K, reserved 1077248K
  class space    used 3633K, capacity 3785K, committed 3812K, reserved 1048576K
}
2016-05-30T22:35:49.444+0200: 4064.406: Total time for which application threads were stopped: 0.0056019 seconds, Stopping threads took: 0.0000226 seconds
2016-05-30T22:35:58.447+0200: 4073.408: Total time for which application threads were stopped: 0.0000906 seconds, Stopping threads took: 0.0000269 seconds
2016-05-30T22:36:00.447+0200: 4075.409: Total time for which application threads were stopped: 0.0000815 seconds, Stopping threads took: 0.0000260 seconds
2016-05-30T22:36:01.447+0200: 4076.409: Total time for which application threads were stopped: 0.0001129 seconds, Stopping threads took: 0.0000359 seconds
2016-05-30T22:36:03.447+0200: 4078.409: Total time for which application threads were stopped: 0.0000957 seconds, Stopping threads took: 0.0000299 seconds
{Heap before GC invocations=31 (full 1):
 par new generation   total 109248K, used 88672K [0x00000000e0000000, 0x00000000e8000000, 0x00000000e8000000)
  eden space 87424K, 100% used [0x00000000e0000000, 0x00000000e5560000, 0x00000000e5560000)
  from space 21824K,   5% used [0x00000000e6ab0000, 0x00000000e6be8048, 0x00000000e8000000)
  to   space 21824K,   0% used [0x00000000e5560000, 0x00000000e5560000, 0x00000000e6ab0000)
 concurrent mark-sweep generation total 393216K, used 15380K [0x00000000e8000000, 0x0000000100000000, 0x0000000100000000)
 Metaspace       used 31659K, capacity 32022K, committed 32480K, reserved 1077248K
  class space    used 3633K, capacity 3785K, committed 3812K, reserved 1048576K
2016-05-30T22:36:10.230+0200: 4085.191: [GC (Allocation Failure) 2016-05-30T22:36:10.230+0200: 4085.191: [ParNew
Desired survivor size 20112992 bytes, new threshold 8 (max 8)
- age   1:     876360 bytes,     876360 total
- age   2:       9528 bytes,     885888 total
- age   3:       2648 bytes,     888536 total
- age   4:        448 bytes,     888984 total
- age   5:       6312 bytes,     895296 total
- age   6:      11424 bytes,     906720 total
- age   7:      11280 bytes,     918000 total
- age   8:      17056 bytes,     935056 total
: 88672K->1251K(109248K), 0.0042967 secs] 104053K->16646K(502464K), 0.0043821 secs] [Times: user=0.00 sys=0.00, real=0.00 secs] 
Heap after GC invocations=32 (full 1):
 par new generation   total 109248K, used 1251K [0x00000000e0000000, 0x00000000e8000000, 0x00000000e8000000)
  eden space 87424K,   0% used [0x00000000e0000000, 0x00000000e0000000, 0x00000000e5560000)
  from space 21824K,   5% used [0x00000000e5560000, 0x00000000e5698c50, 0x00000000e6ab0000)
  to   space 21824K,   0% used [0x00000000e6ab0000, 0x00000000e6ab0000, 0x00000000e8000000)
 concurrent mark-sweep generation total 393216K, used 15395K [0x00000000e8000000, 0x0000000100000000, 0x0000000100000000)
 Metaspace       used 31659K, capacity 32022K, committed 32480K, reserved 1077248K
  class space    used 3633K, capacity 3785K, committed 3812K, reserved 1048576K
}
2016-05-30T22:36:10.234+0200: 4085.195: Total time for which application threads were stopped: 0.0045738 seconds, Stopping threads took: 0.0000226 seconds
2016-05-30T22:36:14.234+0200: 4089.196: Total time for which application threads were stopped: 0.0001099 seconds, Stopping threads took: 0.0000293 seconds
2016-05-30T22:36:17.235+0200: 4092.197: Total time for which application threads were stopped: 0.0000939 seconds, Stopping threads took: 0.0000284 seconds
{Heap before GC invocations=32 (full 1):
 par new generation   total 109248K, used 88675K [0x00000000e0000000, 0x00000000e8000000, 0x00000000e8000000)
  eden space 87424K, 100% used [0x00000000e0000000, 0x00000000e5560000, 0x00000000e5560000)
  from space 21824K,   5% used [0x00000000e5560000, 0x00000000e5698c50, 0x00000000e6ab0000)
  to   space 21824K,   0% used [0x00000000e6ab0000, 0x00000000e6ab0000, 0x00000000e8000000)
 concurrent mark-sweep generation total 393216K, used 15395K [0x00000000e8000000, 0x0000000100000000, 0x0000000100000000)
 Metaspace       used 31660K, capacity 32022K, committed 32480K, reserved 1077248K
  class space    used 3633K, capacity 3785K, committed 3812K, reserved 1048576K
2016-05-30T22:36:19.179+0200: 4094.141: [GC (Allocation Failure) 2016-05-30T22:36:19.179+0200: 4094.141: [ParNew
Desired survivor size 20112992 bytes, new threshold 8 (max 8)
- age   1:     894368 bytes,     894368 total
- age   2:       7112 bytes,     901480 total
- age   3:       8856 bytes,     910336 total
- age   4:       2648 bytes,     912984 total
- age   5:        448 bytes,     913432 total
- age   6:       6312 bytes,     919744 total
- age   7:      11392 bytes,     931136 total
- age   8:      11280 bytes,     942416 total
: 88675K->1270K(109248K), 0.0050966 secs] 104070K->16682K(502464K), 0.0051845 secs] [Times: user=0.00 sys=0.00, real=0.01 secs] 
Heap after GC invocations=33 (full 1):
 par new generation   total 109248K, used 1270K [0x00000000e0000000, 0x00000000e8000000, 0x00000000e8000000)
  eden space 87424K,   0% used [0x00000000e0000000, 0x00000000e0000000, 0x00000000e5560000)
  from space 21824K,   5% used [0x00000000e6ab0000, 0x00000000e6bed9c8, 0x00000000e8000000)
  to   space 21824K,   0% used [0x00000000e5560000, 0x00000000e5560000, 0x00000000e6ab0000)
 concurrent mark-sweep generation total 393216K, used 15412K [0x00000000e8000000, 0x0000000100000000, 0x0000000100000000)
 Metaspace       used 31660K, capacity 32022K, committed 32480K, reserved 1077248K
  class space    used 3633K, capacity 3785K, committed 3812K, reserved 1048576K
}
2016-05-30T22:36:19.184+0200: 4094.146: Total time for which application threads were stopped: 0.0053891 seconds, Stopping threads took: 0.0000248 seconds
{Heap before GC invocations=33 (full 1):
 par new generation   total 109248K, used 88694K [0x00000000e0000000, 0x00000000e8000000, 0x00000000e8000000)
  eden space 87424K, 100% used [0x00000000e0000000, 0x00000000e5560000, 0x00000000e5560000)
  from space 21824K,   5% used [0x00000000e6ab0000, 0x00000000e6bed9c8, 0x00000000e8000000)
  to   space 21824K,   0% used [0x00000000e5560000, 0x00000000e5560000, 0x00000000e6ab0000)
 concurrent mark-sweep generation total 393216K, used 15412K [0x00000000e8000000, 0x0000000100000000, 0x0000000100000000)
 Metaspace       used 31660K, capacity 32022K, committed 32480K, reserved 1077248K
  class space    used 3633K, capacity 3785K, committed 3812K, reserved 1048576K
2016-05-30T22:36:44.400+0200: 4119.362: [GC (Allocation Failure) 2016-05-30T22:36:44.400+0200: 4119.362: [ParNew
Desired survivor size 20112992 bytes, new threshold 8 (max 8)
- age   1:     848216 bytes,     848216 total
- age   2:      13760 bytes,     861976 total
- age   3:       7000 bytes,     868976 total
- age   4:       8824 bytes,     877800 total
- age   5:       2648 bytes,     880448 total
- age   6:        448 bytes,     880896 total
- age   7:       6312 bytes,     887208 total
- age   8:      11360 bytes,     898568 total
: 88694K->1132K(109248K), 0.0052161 secs] 104106K->16556K(502464K), 0.0053656 secs] [Times: user=0.02 sys=0.00, real=0.00 secs] 
Heap after GC invocations=34 (full 1):
 par new generation   total 109248K, used 1132K [0x00000000e0000000, 0x00000000e8000000, 0x00000000e8000000)
  eden space 87424K,   0% used [0x00000000e0000000, 0x00000000e0000000, 0x00000000e5560000)
  from space 21824K,   5% used [0x00000000e5560000, 0x00000000e567b390, 0x00000000e6ab0000)
  to   space 21824K,   0% used [0x00000000e6ab0000, 0x00000000e6ab0000, 0x00000000e8000000)
 concurrent mark-sweep generation total 393216K, used 15423K [0x00000000e8000000, 0x0000000100000000, 0x0000000100000000)
 Metaspace       used 31660K, capacity 32022K, committed 32480K, reserved 1077248K
  class space    used 3633K, capacity 3785K, committed 3812K, reserved 1048576K
}
2016-05-30T22:36:44.406+0200: 4119.367: Total time for which application threads were stopped: 0.0055953 seconds, Stopping threads took: 0.0000245 seconds
2016-05-30T22:36:59.409+0200: 4134.371: Total time for which application threads were stopped: 0.0000957 seconds, Stopping threads took: 0.0000257 seconds
{Heap before GC invocations=34 (full 1):
 par new generation   total 109248K, used 88556K [0x00000000e0000000, 0x00000000e8000000, 0x00000000e8000000)
  eden space 87424K, 100% used [0x00000000e0000000, 0x00000000e5560000, 0x00000000e5560000)
  from space 21824K,   5% used [0x00000000e5560000, 0x00000000e567b390, 0x00000000e6ab0000)
  to   space 21824K,   0% used [0x00000000e6ab0000, 0x00000000e6ab0000, 0x00000000e8000000)
 concurrent mark-sweep generation total 393216K, used 15423K [0x00000000e8000000, 0x0000000100000000, 0x0000000100000000)
 Metaspace       used 31661K, capacity 32022K, committed 32480K, reserved 1077248K
  class space    used 3633K, capacity 3785K, committed 3812K, reserved 1048576K
2016-05-30T22:37:02.266+0200: 4137.227: [GC (Allocation Failure) 2016-05-30T22:37:02.266+0200: 4137.228: [ParNew
Desired survivor size 20112992 bytes, new threshold 8 (max 8)
- age   1:    1027208 bytes,    1027208 total
- age   2:       2624 bytes,    1029832 total
- age   3:      13728 bytes,    1043560 total
- age   4:       7000 bytes,    1050560 total
- age   5:       8864 bytes,    1059424 total
- age   6:       2648 bytes,    1062072 total
- age   7:        448 bytes,    1062520 total
- age   8:       6312 bytes,    1068832 total
: 88556K->1301K(109248K), 0.0046816 secs] 103980K->16735K(502464K), 0.0047640 secs] [Times: user=0.00 sys=0.00, real=0.00 secs] 
Heap after GC invocations=35 (full 1):
 par new generation   total 109248K, used 1301K [0x00000000e0000000, 0x00000000e8000000, 0x00000000e8000000)
  eden space 87424K,   0% used [0x00000000e0000000, 0x00000000e0000000, 0x00000000e5560000)
  from space 21824K,   5% used [0x00000000e6ab0000, 0x00000000e6bf5510, 0x00000000e8000000)
  to   space 21824K,   0% used [0x00000000e5560000, 0x00000000e5560000, 0x00000000e6ab0000)
 concurrent mark-sweep generation total 393216K, used 15434K [0x00000000e8000000, 0x0000000100000000, 0x0000000100000000)
 Metaspace       used 31661K, capacity 32022K, committed 32480K, reserved 1077248K
  class space    used 3633K, capacity 3785K, committed 3812K, reserved 1048576K
}
2016-05-30T22:37:02.271+0200: 4137.232: Total time for which application threads were stopped: 0.0049674 seconds, Stopping threads took: 0.0000248 seconds
{Heap before GC invocations=35 (full 1):
 par new generation   total 109248K, used 88725K [0x00000000e0000000, 0x00000000e8000000, 0x00000000e8000000)
  eden space 87424K, 100% used [0x00000000e0000000, 0x00000000e5560000, 0x00000000e5560000)
  from space 21824K,   5% used [0x00000000e6ab0000, 0x00000000e6bf5510, 0x00000000e8000000)
  to   space 21824K,   0% used [0x00000000e5560000, 0x00000000e5560000, 0x00000000e6ab0000)
 concurrent mark-sweep generation total 393216K, used 15434K [0x00000000e8000000, 0x0000000100000000, 0x0000000100000000)
 Metaspace       used 31661K, capacity 32022K, committed 32480K, reserved 1077248K
  class space    used 3633K, capacity 3785K, committed 3812K, reserved 1048576K
2016-05-30T22:37:02.927+0200: 4137.889: [GC (Allocation Failure) 2016-05-30T22:37:02.927+0200: 4137.889: [ParNew
Desired survivor size 20112992 bytes, new threshold 8 (max 8)
- age   1:     759272 bytes,     759272 total
- age   2:     263440 bytes,    1022712 total
- age   3:       2624 bytes,    1025336 total
- age   4:      13728 bytes,    1039064 total
- age   5:       7000 bytes,    1046064 total
- age   6:       8824 bytes,    1054888 total
- age   7:       2648 bytes,    1057536 total
- age   8:        448 bytes,    1057984 total
: 88725K->1374K(109248K), 0.0047244 secs] 104159K->16815K(502464K), 0.0048503 secs] [Times: user=0.00 sys=0.00, real=0.00 secs] 
Heap after GC invocations=36 (full 1):
 par new generation   total 109248K, used 1374K [0x00000000e0000000, 0x00000000e8000000, 0x00000000e8000000)
  eden space 87424K,   0% used [0x00000000e0000000, 0x00000000e0000000, 0x00000000e5560000)
  from space 21824K,   6% used [0x00000000e5560000, 0x00000000e56b7990, 0x00000000e6ab0000)
  to   space 21824K,   0% used [0x00000000e6ab0000, 0x00000000e6ab0000, 0x00000000e8000000)
 concurrent mark-sweep generation total 393216K, used 15440K [0x00000000e8000000, 0x0000000100000000, 0x0000000100000000)
 Metaspace       used 31661K, capacity 32022K, committed 32480K, reserved 1077248K
  class space    used 3633K, capacity 3785K, committed 3812K, reserved 1048576K
}
2016-05-30T22:37:02.932+0200: 4137.894: Total time for which application threads were stopped: 0.0050625 seconds, Stopping threads took: 0.0000238 seconds
{Heap before GC invocations=36 (full 1):
 par new generation   total 109248K, used 88798K [0x00000000e0000000, 0x00000000e8000000, 0x00000000e8000000)
  eden space 87424K, 100% used [0x00000000e0000000, 0x00000000e5560000, 0x00000000e5560000)
  from space 21824K,   6% used [0x00000000e5560000, 0x00000000e56b7990, 0x00000000e6ab0000)
  to   space 21824K,   0% used [0x00000000e6ab0000, 0x00000000e6ab0000, 0x00000000e8000000)
 concurrent mark-sweep generation total 393216K, used 15440K [0x00000000e8000000, 0x0000000100000000, 0x0000000100000000)
 Metaspace       used 31661K, capacity 32022K, committed 32480K, reserved 1077248K
  class space    used 3633K, capacity 3785K, committed 3812K, reserved 1048576K
2016-05-30T22:37:03.588+0200: 4138.549: [GC (Allocation Failure) 2016-05-30T22:37:03.588+0200: 4138.549: [ParNew
Desired survivor size 20112992 bytes, new threshold 8 (max 8)
- age   1:     754816 bytes,     754816 total
- age   3:     263440 bytes,    1018256 total
- age   4:       2624 bytes,    1020880 total
- age   5:      13728 bytes,    1034608 total
- age   6:       7000 bytes,    1041608 total
- age   7:       8824 bytes,    1050432 total
- age   8:       2648 bytes,    1053080 total
: 88798K->1370K(109248K), 0.0048095 secs] 104239K->16811K(502464K), 0.0048901 secs] [Times: user=0.00 sys=0.02, real=0.00 secs] 
Heap after GC invocations=37 (full 1):
 par new generation   total 109248K, used 1370K [0x00000000e0000000, 0x00000000e8000000, 0x00000000e8000000)
  eden space 87424K,   0% used [0x00000000e0000000, 0x00000000e0000000, 0x00000000e5560000)
  from space 21824K,   6% used [0x00000000e6ab0000, 0x00000000e6c06880, 0x00000000e8000000)
  to   space 21824K,   0% used [0x00000000e5560000, 0x00000000e5560000, 0x00000000e6ab0000)
 concurrent mark-sweep generation total 393216K, used 15441K [0x00000000e8000000, 0x0000000100000000, 0x0000000100000000)
 Metaspace       used 31661K, capacity 32022K, committed 32480K, reserved 1077248K
  class space    used 3633K, capacity 3785K, committed 3812K, reserved 1048576K
}
2016-05-30T22:37:03.593+0200: 4138.554: Total time for which application threads were stopped: 0.0050797 seconds, Stopping threads took: 0.0000235 seconds
2016-05-30T22:38:15.611+0200: 4210.573: Total time for which application threads were stopped: 0.0001141 seconds, Stopping threads took: 0.0000347 seconds
2016-05-30T22:38:16.612+0200: 4211.573: Total time for which application threads were stopped: 0.0001072 seconds, Stopping threads took: 0.0000335 seconds
{Heap before GC invocations=37 (full 1):
 par new generation   total 109248K, used 88794K [0x00000000e0000000, 0x00000000e8000000, 0x00000000e8000000)
  eden space 87424K, 100% used [0x00000000e0000000, 0x00000000e5560000, 0x00000000e5560000)
  from space 21824K,   6% used [0x00000000e6ab0000, 0x00000000e6c06880, 0x00000000e8000000)
  to   space 21824K,   0% used [0x00000000e5560000, 0x00000000e5560000, 0x00000000e6ab0000)
 concurrent mark-sweep generation total 393216K, used 15441K [0x00000000e8000000, 0x0000000100000000, 0x0000000100000000)
 Metaspace       used 31661K, capacity 32022K, committed 32480K, reserved 1077248K
  class space    used 3633K, capacity 3785K, committed 3812K, reserved 1048576K
2016-05-30T22:38:21.122+0200: 4216.083: [GC (Allocation Failure) 2016-05-30T22:38:21.122+0200: 4216.083: [ParNew
Desired survivor size 20112992 bytes, new threshold 8 (max 8)
- age   1:    2073592 bytes,    2073592 total
- age   4:        784 bytes,    2074376 total
- age   5:       2000 bytes,    2076376 total
- age   6:      13728 bytes,    2090104 total
- age   7:       6968 bytes,    2097072 total
- age   8:       8824 bytes,    2105896 total
: 88794K->2356K(109248K), 0.0058238 secs] 104235K->17800K(502464K), 0.0059696 secs] [Times: user=0.06 sys=0.00, real=0.01 secs] 
Heap after GC invocations=38 (full 1):
 par new generation   total 109248K, used 2356K [0x00000000e0000000, 0x00000000e8000000, 0x00000000e8000000)
  eden space 87424K,   0% used [0x00000000e0000000, 0x00000000e0000000, 0x00000000e5560000)
  from space 21824K,  10% used [0x00000000e5560000, 0x00000000e57ad370, 0x00000000e6ab0000)
  to   space 21824K,   0% used [0x00000000e6ab0000, 0x00000000e6ab0000, 0x00000000e8000000)
 concurrent mark-sweep generation total 393216K, used 15443K [0x00000000e8000000, 0x0000000100000000, 0x0000000100000000)
 Metaspace       used 31661K, capacity 32022K, committed 32480K, reserved 1077248K
  class space    used 3633K, capacity 3785K, committed 3812K, reserved 1048576K
}
2016-05-30T22:38:21.128+0200: 4216.089: Total time for which application threads were stopped: 0.0061592 seconds, Stopping threads took: 0.0000223 seconds
2016-05-30T22:38:28.129+0200: 4223.091: Total time for which application threads were stopped: 0.0000821 seconds, Stopping threads took: 0.0000257 seconds
{Heap before GC invocations=38 (full 1):
 par new generation   total 109248K, used 89780K [0x00000000e0000000, 0x00000000e8000000, 0x00000000e8000000)
  eden space 87424K, 100% used [0x00000000e0000000, 0x00000000e5560000, 0x00000000e5560000)
  from space 21824K,  10% used [0x00000000e5560000, 0x00000000e57ad370, 0x00000000e6ab0000)
  to   space 21824K,   0% used [0x00000000e6ab0000, 0x00000000e6ab0000, 0x00000000e8000000)
 concurrent mark-sweep generation total 393216K, used 15443K [0x00000000e8000000, 0x0000000100000000, 0x0000000100000000)
 Metaspace       used 31663K, capacity 32022K, committed 32480K, reserved 1077248K
  class space    used 3633K, capacity 3785K, committed 3812K, reserved 1048576K
2016-05-30T22:38:29.547+0200: 4224.509: [GC (Allocation Failure) 2016-05-30T22:38:29.547+0200: 4224.509: [ParNew
Desired survivor size 20112992 bytes, new threshold 8 (max 8)
- age   1:     865824 bytes,     865824 total
- age   2:       3144 bytes,     868968 total
- age   5:        784 bytes,     869752 total
- age   6:       2000 bytes,     871752 total
- age   7:      13728 bytes,     885480 total
- age   8:       6968 bytes,     892448 total
: 89780K->1873K(109248K), 0.0041750 secs] 105224K->17326K(502464K), 0.0042819 secs] [Times: user=0.00 sys=0.00, real=0.00 secs] 
Heap after GC invocations=39 (full 1):
 par new generation   total 109248K, used 1873K [0x00000000e0000000, 0x00000000e8000000, 0x00000000e8000000)
  eden space 87424K,   0% used [0x00000000e0000000, 0x00000000e0000000, 0x00000000e5560000)
  from space 21824K,   8% used [0x00000000e6ab0000, 0x00000000e6c84638, 0x00000000e8000000)
  to   space 21824K,   0% used [0x00000000e5560000, 0x00000000e5560000, 0x00000000e6ab0000)
 concurrent mark-sweep generation total 393216K, used 15452K [0x00000000e8000000, 0x0000000100000000, 0x0000000100000000)
 Metaspace       used 31663K, capacity 32022K, committed 32480K, reserved 1077248K
  class space    used 3633K, capacity 3785K, committed 3812K, reserved 1048576K
}
2016-05-30T22:38:29.552+0200: 4224.513: Total time for which application threads were stopped: 0.0045110 seconds, Stopping threads took: 0.0000211 seconds
{Heap before GC invocations=39 (full 1):
 par new generation   total 109248K, used 89297K [0x00000000e0000000, 0x00000000e8000000, 0x00000000e8000000)
  eden space 87424K, 100% used [0x00000000e0000000, 0x00000000e5560000, 0x00000000e5560000)
  from space 21824K,   8% used [0x00000000e6ab0000, 0x00000000e6c84638, 0x00000000e8000000)
  to   space 21824K,   0% used [0x00000000e5560000, 0x00000000e5560000, 0x00000000e6ab0000)
 concurrent mark-sweep generation total 393216K, used 15452K [0x00000000e8000000, 0x0000000100000000, 0x0000000100000000)
 Metaspace       used 31664K, capacity 32022K, committed 32480K, reserved 1077248K
  class space    used 3633K, capacity 3785K, committed 3812K, reserved 1048576K
2016-05-30T22:38:48.350+0200: 4243.311: [GC (Allocation Failure) 2016-05-30T22:38:48.350+0200: 4243.311: [ParNew
Desired survivor size 20112992 bytes, new threshold 8 (max 8)
- age   1:    1023488 bytes,    1023488 total
- age   2:       5936 bytes,    1029424 total
- age   3:       2776 bytes,    1032200 total
- age   6:        784 bytes,    1032984 total
- age   7:       2000 bytes,    1034984 total
- age   8:      13728 bytes,    1048712 total
: 89297K->1406K(109248K), 0.0053321 secs] 104750K->16865K(502464K), 0.0054115 secs] [Times: user=0.00 sys=0.00, real=0.01 secs] 
Heap after GC invocations=40 (full 1):
 par new generation   total 109248K, used 1406K [0x00000000e0000000, 0x00000000e8000000, 0x00000000e8000000)
  eden space 87424K,   0% used [0x00000000e0000000, 0x00000000e0000000, 0x00000000e5560000)
  from space 21824K,   6% used [0x00000000e5560000, 0x00000000e56bf828, 0x00000000e6ab0000)
  to   space 21824K,   0% used [0x00000000e6ab0000, 0x00000000e6ab0000, 0x00000000e8000000)
 concurrent mark-sweep generation total 393216K, used 15459K [0x00000000e8000000, 0x0000000100000000, 0x0000000100000000)
 Metaspace       used 31664K, capacity 32022K, committed 32480K, reserved 1077248K
  class space    used 3633K, capacity 3785K, committed 3812K, reserved 1048576K
}
2016-05-30T22:38:48.355+0200: 4243.317: Total time for which application threads were stopped: 0.0056098 seconds, Stopping threads took: 0.0000229 seconds
{Heap before GC invocations=40 (full 1):
 par new generation   total 109248K, used 88830K [0x00000000e0000000, 0x00000000e8000000, 0x00000000e8000000)
  eden space 87424K, 100% used [0x00000000e0000000, 0x00000000e5560000, 0x00000000e5560000)
  from space 21824K,   6% used [0x00000000e5560000, 0x00000000e56bf828, 0x00000000e6ab0000)
  to   space 21824K,   0% used [0x00000000e6ab0000, 0x00000000e6ab0000, 0x00000000e8000000)
 concurrent mark-sweep generation total 393216K, used 15459K [0x00000000e8000000, 0x0000000100000000, 0x0000000100000000)
 Metaspace       used 31664K, capacity 32022K, committed 32480K, reserved 1077248K
  class space    used 3633K, capacity 3785K, committed 3812K, reserved 1048576K
2016-05-30T22:38:48.948+0200: 4243.909: [GC (Allocation Failure) 2016-05-30T22:38:48.948+0200: 4243.909: [ParNew
Desired survivor size 20112992 bytes, new threshold 8 (max 8)
- age   1:     752840 bytes,     752840 total
- age   2:     262936 bytes,    1015776 total
- age   3:       5936 bytes,    1021712 total
- age   4:       2776 bytes,    1024488 total
- age   7:        784 bytes,    1025272 total
- age   8:       2000 bytes,    1027272 total
: 88830K->1308K(109248K), 0.0049544 secs] 104289K->16781K(502464K), 0.0050384 secs] [Times: user=0.00 sys=0.00, real=0.01 secs] 
Heap after GC invocations=41 (full 1):
 par new generation   total 109248K, used 1308K [0x00000000e0000000, 0x00000000e8000000, 0x00000000e8000000)
  eden space 87424K,   0% used [0x00000000e0000000, 0x00000000e0000000, 0x00000000e5560000)
  from space 21824K,   5% used [0x00000000e6ab0000, 0x00000000e6bf7270, 0x00000000e8000000)
  to   space 21824K,   0% used [0x00000000e5560000, 0x00000000e5560000, 0x00000000e6ab0000)
 concurrent mark-sweep generation total 393216K, used 15473K [0x00000000e8000000, 0x0000000100000000, 0x0000000100000000)
 Metaspace       used 31664K, capacity 32022K, committed 32480K, reserved 1077248K
  class space    used 3633K, capacity 3785K, committed 3812K, reserved 1048576K
}
2016-05-30T22:38:48.953+0200: 4243.914: Total time for which application threads were stopped: 0.0052249 seconds, Stopping threads took: 0.0000220 seconds
{Heap before GC invocations=41 (full 1):
 par new generation   total 109248K, used 88732K [0x00000000e0000000, 0x00000000e8000000, 0x00000000e8000000)
  eden space 87424K, 100% used [0x00000000e0000000, 0x00000000e5560000, 0x00000000e5560000)
  from space 21824K,   5% used [0x00000000e6ab0000, 0x00000000e6bf7270, 0x00000000e8000000)
  to   space 21824K,   0% used [0x00000000e5560000, 0x00000000e5560000, 0x00000000e6ab0000)
 concurrent mark-sweep generation total 393216K, used 15473K [0x00000000e8000000, 0x0000000100000000, 0x0000000100000000)
 Metaspace       used 31664K, capacity 32022K, committed 32480K, reserved 1077248K
  class space    used 3633K, capacity 3785K, committed 3812K, reserved 1048576K
2016-05-30T22:39:55.790+0200: 4310.751: [GC (Allocation Failure) 2016-05-30T22:39:55.790+0200: 4310.751: [ParNew
Desired survivor size 20112992 bytes, new threshold 8 (max 8)
- age   1:     815720 bytes,     815720 total
- age   3:       1032 bytes,     816752 total
- age   4:       5688 bytes,     822440 total
- age   5:       2744 bytes,     825184 total
- age   8:        784 bytes,     825968 total
: 88732K->1035K(109248K), 0.0041856 secs] 104205K->16510K(502464K), 0.0042538 secs] [Times: user=0.00 sys=0.00, real=0.00 secs] 
Heap after GC invocations=42 (full 1):
 par new generation   total 109248K, used 1035K [0x00000000e0000000, 0x00000000e8000000, 0x00000000e8000000)
  eden space 87424K,   0% used [0x00000000e0000000, 0x00000000e0000000, 0x00000000e5560000)
  from space 21824K,   4% used [0x00000000e5560000, 0x00000000e5662e80, 0x00000000e6ab0000)
  to   space 21824K,   0% used [0x00000000e6ab0000, 0x00000000e6ab0000, 0x00000000e8000000)
 concurrent mark-sweep generation total 393216K, used 15475K [0x00000000e8000000, 0x0000000100000000, 0x0000000100000000)
 Metaspace       used 31664K, capacity 32022K, committed 32480K, reserved 1077248K
  class space    used 3633K, capacity 3785K, committed 3812K, reserved 1048576K
}
2016-05-30T22:39:55.794+0200: 4310.756: Total time for which application threads were stopped: 0.0044467 seconds, Stopping threads took: 0.0000214 seconds
2016-05-30T22:39:57.794+0200: 4312.756: Total time for which application threads were stopped: 0.0000875 seconds, Stopping threads took: 0.0000350 seconds
2016-05-30T22:40:03.796+0200: 4318.757: Total time for which application threads were stopped: 0.0001787 seconds, Stopping threads took: 0.0000302 seconds
{Heap before GC invocations=42 (full 1):
 par new generation   total 109248K, used 88459K [0x00000000e0000000, 0x00000000e8000000, 0x00000000e8000000)
  eden space 87424K, 100% used [0x00000000e0000000, 0x00000000e5560000, 0x00000000e5560000)
  from space 21824K,   4% used [0x00000000e5560000, 0x00000000e5662e80, 0x00000000e6ab0000)
  to   space 21824K,   0% used [0x00000000e6ab0000, 0x00000000e6ab0000, 0x00000000e8000000)
 concurrent mark-sweep generation total 393216K, used 15475K [0x00000000e8000000, 0x0000000100000000, 0x0000000100000000)
 Metaspace       used 31665K, capacity 32022K, committed 32480K, reserved 1077248K
  class space    used 3633K, capacity 3785K, committed 3812K, reserved 1048576K
2016-05-30T22:40:12.892+0200: 4327.853: [GC (Allocation Failure) 2016-05-30T22:40:12.892+0200: 4327.853: [ParNew
Desired survivor size 20112992 bytes, new threshold 8 (max 8)
- age   1:     853328 bytes,     853328 total
- age   2:       2384 bytes,     855712 total
- age   4:        784 bytes,     856496 total
- age   5:       5240 bytes,     861736 total
- age   6:       2520 bytes,     864256 total
: 88459K->1239K(109248K), 0.0040292 secs] 103934K->16715K(502464K), 0.0041195 secs] [Times: user=0.00 sys=0.00, real=0.00 secs] 
Heap after GC invocations=43 (full 1):
 par new generation   total 109248K, used 1239K [0x00000000e0000000, 0x00000000e8000000, 0x00000000e8000000)
  eden space 87424K,   0% used [0x00000000e0000000, 0x00000000e0000000, 0x00000000e5560000)
  from space 21824K,   5% used [0x00000000e6ab0000, 0x00000000e6be5fb8, 0x00000000e8000000)
  to   space 21824K,   0% used [0x00000000e5560000, 0x00000000e5560000, 0x00000000e6ab0000)
 concurrent mark-sweep generation total 393216K, used 15475K [0x00000000e8000000, 0x0000000100000000, 0x0000000100000000)
 Metaspace       used 31665K, capacity 32022K, committed 32480K, reserved 1077248K
  class space    used 3633K, capacity 3785K, committed 3812K, reserved 1048576K
}
2016-05-30T22:40:12.896+0200: 4327.857: Total time for which application threads were stopped: 0.0043676 seconds, Stopping threads took: 0.0000404 seconds
2016-05-30T22:40:16.897+0200: 4331.859: Total time for which application threads were stopped: 0.0000827 seconds, Stopping threads took: 0.0000287 seconds
{Heap before GC invocations=43 (full 1):
 par new generation   total 109248K, used 88663K [0x00000000e0000000, 0x00000000e8000000, 0x00000000e8000000)
  eden space 87424K, 100% used [0x00000000e0000000, 0x00000000e5560000, 0x00000000e5560000)
  from space 21824K,   5% used [0x00000000e6ab0000, 0x00000000e6be5fb8, 0x00000000e8000000)
  to   space 21824K,   0% used [0x00000000e5560000, 0x00000000e5560000, 0x00000000e6ab0000)
 concurrent mark-sweep generation total 393216K, used 15475K [0x00000000e8000000, 0x0000000100000000, 0x0000000100000000)
 Metaspace       used 31666K, capacity 32022K, committed 32480K, reserved 1077248K
  class space    used 3633K, capacity 3785K, committed 3812K, reserved 1048576K
2016-05-30T22:40:27.009+0200: 4341.970: [GC (Allocation Failure) 2016-05-30T22:40:27.009+0200: 4341.970: [ParNew
Desired survivor size 20112992 bytes, new threshold 8 (max 8)
- age   1:     804952 bytes,     804952 total
- age   2:      10960 bytes,     815912 total
- age   3:       2384 bytes,     818296 total
- age   5:        752 bytes,     819048 total
- age   6:       5240 bytes,     824288 total
- age   7:       2488 bytes,     826776 total
: 88663K->987K(109248K), 0.0048778 secs] 104139K->16462K(502464K), 0.0049487 secs] [Times: user=0.00 sys=0.00, real=0.00 secs] 
Heap after GC invocations=44 (full 1):
 par new generation   total 109248K, used 987K [0x00000000e0000000, 0x00000000e8000000, 0x00000000e8000000)
  eden space 87424K,   0% used [0x00000000e0000000, 0x00000000e0000000, 0x00000000e5560000)
  from space 21824K,   4% used [0x00000000e5560000, 0x00000000e5656d40, 0x00000000e6ab0000)
  to   space 21824K,   0% used [0x00000000e6ab0000, 0x00000000e6ab0000, 0x00000000e8000000)
 concurrent mark-sweep generation total 393216K, used 15475K [0x00000000e8000000, 0x0000000100000000, 0x0000000100000000)
 Metaspace       used 31666K, capacity 32022K, committed 32480K, reserved 1077248K
  class space    used 3633K, capacity 3785K, committed 3812K, reserved 1048576K
}
2016-05-30T22:40:27.014+0200: 4341.975: Total time for which application threads were stopped: 0.0051503 seconds, Stopping threads took: 0.0000293 seconds
2016-05-30T22:40:33.015+0200: 4347.976: Total time for which application threads were stopped: 0.0000918 seconds, Stopping threads took: 0.0000302 seconds
{Heap before GC invocations=44 (full 1):
 par new generation   total 109248K, used 88411K [0x00000000e0000000, 0x00000000e8000000, 0x00000000e8000000)
  eden space 87424K, 100% used [0x00000000e0000000, 0x00000000e5560000, 0x00000000e5560000)
  from space 21824K,   4% used [0x00000000e5560000, 0x00000000e5656d40, 0x00000000e6ab0000)
  to   space 21824K,   0% used [0x00000000e6ab0000, 0x00000000e6ab0000, 0x00000000e8000000)
 concurrent mark-sweep generation total 393216K, used 15475K [0x00000000e8000000, 0x0000000100000000, 0x0000000100000000)
 Metaspace       used 31667K, capacity 32022K, committed 32480K, reserved 1077248K
  class space    used 3633K, capacity 3785K, committed 3812K, reserved 1048576K
2016-05-30T22:40:44.404+0200: 4359.366: [GC (Allocation Failure) 2016-05-30T22:40:44.404+0200: 4359.366: [ParNew
Desired survivor size 20112992 bytes, new threshold 8 (max 8)
- age   1:     831032 bytes,     831032 total
- age   2:       9664 bytes,     840696 total
- age   3:      10816 bytes,     851512 total
- age   4:       2352 bytes,     853864 total
- age   6:        752 bytes,     854616 total
- age   7:       5240 bytes,     859856 total
- age   8:       2488 bytes,     862344 total
: 88411K->1275K(109248K), 0.0047878 secs] 103886K->16751K(502464K), 0.0048850 secs] [Times: user=0.06 sys=0.00, real=0.00 secs] 
Heap after GC invocations=45 (full 1):
 par new generation   total 109248K, used 1275K [0x00000000e0000000, 0x00000000e8000000, 0x00000000e8000000)
  eden space 87424K,   0% used [0x00000000e0000000, 0x00000000e0000000, 0x00000000e5560000)
  from space 21824K,   5% used [0x00000000e6ab0000, 0x00000000e6beeec8, 0x00000000e8000000)
  to   space 21824K,   0% used [0x00000000e5560000, 0x00000000e5560000, 0x00000000e6ab0000)
 concurrent mark-sweep generation total 393216K, used 15475K [0x00000000e8000000, 0x0000000100000000, 0x0000000100000000)
 Metaspace       used 31667K, capacity 32022K, committed 32480K, reserved 1077248K
  class space    used 3633K, capacity 3785K, committed 3812K, reserved 1048576K
}
2016-05-30T22:40:44.409+0200: 4359.370: Total time for which application threads were stopped: 0.0051262 seconds, Stopping threads took: 0.0000302 seconds
2016-05-30T22:40:47.410+0200: 4362.371: Total time for which application threads were stopped: 0.0000740 seconds, Stopping threads took: 0.0000217 seconds
2016-05-30T22:40:50.411+0200: 4365.372: Total time for which application threads were stopped: 0.0000842 seconds, Stopping threads took: 0.0000269 seconds
2016-05-30T22:40:54.412+0200: 4369.373: Total time for which application threads were stopped: 0.0000794 seconds, Stopping threads took: 0.0000257 seconds
{Heap before GC invocations=45 (full 1):
 par new generation   total 109248K, used 88699K [0x00000000e0000000, 0x00000000e8000000, 0x00000000e8000000)
  eden space 87424K, 100% used [0x00000000e0000000, 0x00000000e5560000, 0x00000000e5560000)
  from space 21824K,   5% used [0x00000000e6ab0000, 0x00000000e6beeec8, 0x00000000e8000000)
  to   space 21824K,   0% used [0x00000000e5560000, 0x00000000e5560000, 0x00000000e6ab0000)
 concurrent mark-sweep generation total 393216K, used 15475K [0x00000000e8000000, 0x0000000100000000, 0x0000000100000000)
 Metaspace       used 31667K, capacity 32022K, committed 32480K, reserved 1077248K
  class space    used 3633K, capacity 3785K, committed 3812K, reserved 1048576K
2016-05-30T22:41:01.859+0200: 4376.820: [GC (Allocation Failure) 2016-05-30T22:41:01.859+0200: 4376.820: [ParNew
Desired survivor size 20112992 bytes, new threshold 8 (max 8)
- age   1:     823384 bytes,     823384 total
- age   2:       8368 bytes,     831752 total
- age   3:       9664 bytes,     841416 total
- age   4:      10816 bytes,     852232 total
- age   5:       2352 bytes,     854584 total
- age   7:        752 bytes,     855336 total
- age   8:       5240 bytes,     860576 total
: 88699K->1080K(109248K), 0.0049249 secs] 104175K->16558K(502464K), 0.0050109 secs] [Times: user=0.00 sys=0.00, real=0.01 secs] 
Heap after GC invocations=46 (full 1):
 par new generation   total 109248K, used 1080K [0x00000000e0000000, 0x00000000e8000000, 0x00000000e8000000)
  eden space 87424K,   0% used [0x00000000e0000000, 0x00000000e0000000, 0x00000000e5560000)
  from space 21824K,   4% used [0x00000000e5560000, 0x00000000e566e098, 0x00000000e6ab0000)
  to   space 21824K,   0% used [0x00000000e6ab0000, 0x00000000e6ab0000, 0x00000000e8000000)
 concurrent mark-sweep generation total 393216K, used 15478K [0x00000000e8000000, 0x0000000100000000, 0x0000000100000000)
 Metaspace       used 31667K, capacity 32022K, committed 32480K, reserved 1077248K
  class space    used 3633K, capacity 3785K, committed 3812K, reserved 1048576K
}
2016-05-30T22:41:01.864+0200: 4376.825: Total time for which application threads were stopped: 0.0052131 seconds, Stopping threads took: 0.0000238 seconds
2016-05-30T22:41:06.865+0200: 4381.827: Total time for which application threads were stopped: 0.0001207 seconds, Stopping threads took: 0.0000353 seconds
2016-05-30T22:41:11.866+0200: 4386.828: Total time for which application threads were stopped: 0.0001129 seconds, Stopping threads took: 0.0000302 seconds
2016-05-30T22:41:12.867+0200: 4387.829: Total time for which application threads were stopped: 0.0001081 seconds, Stopping threads took: 0.0000408 seconds
2016-05-30T22:41:15.868+0200: 4390.829: Total time for which application threads were stopped: 0.0001389 seconds, Stopping threads took: 0.0000498 seconds
2016-05-30T22:41:18.868+0200: 4393.830: Total time for which application threads were stopped: 0.0000993 seconds, Stopping threads took: 0.0000293 seconds
{Heap before GC invocations=46 (full 1):
 par new generation   total 109248K, used 88504K [0x00000000e0000000, 0x00000000e8000000, 0x00000000e8000000)
  eden space 87424K, 100% used [0x00000000e0000000, 0x00000000e5560000, 0x00000000e5560000)
  from space 21824K,   4% used [0x00000000e5560000, 0x00000000e566e098, 0x00000000e6ab0000)
  to   space 21824K,   0% used [0x00000000e6ab0000, 0x00000000e6ab0000, 0x00000000e8000000)
 concurrent mark-sweep generation total 393216K, used 15478K [0x00000000e8000000, 0x0000000100000000, 0x0000000100000000)
 Metaspace       used 31667K, capacity 32022K, committed 32480K, reserved 1077248K
  class space    used 3633K, capacity 3785K, committed 3812K, reserved 1048576K
2016-05-30T22:41:20.053+0200: 4395.015: [GC (Allocation Failure) 2016-05-30T22:41:20.053+0200: 4395.015: [ParNew
Desired survivor size 20112992 bytes, new threshold 8 (max 8)
- age   1:     821928 bytes,     821928 total
- age   2:      10896 bytes,     832824 total
- age   3:       8256 bytes,     841080 total
- age   4:       9632 bytes,     850712 total
- age   5:      10784 bytes,     861496 total
- age   6:       2352 bytes,     863848 total
- age   8:        752 bytes,     864600 total
: 88504K->1274K(109248K), 0.0049511 secs] 103982K->16758K(502464K), 0.0050302 secs] [Times: user=0.00 sys=0.00, real=0.01 secs] 
Heap after GC invocations=47 (full 1):
 par new generation   total 109248K, used 1274K [0x00000000e0000000, 0x00000000e8000000, 0x00000000e8000000)
  eden space 87424K,   0% used [0x00000000e0000000, 0x00000000e0000000, 0x00000000e5560000)
  from space 21824K,   5% used [0x00000000e6ab0000, 0x00000000e6beebb8, 0x00000000e8000000)
  to   space 21824K,   0% used [0x00000000e5560000, 0x00000000e5560000, 0x00000000e6ab0000)
 concurrent mark-sweep generation total 393216K, used 15483K [0x00000000e8000000, 0x0000000100000000, 0x0000000100000000)
 Metaspace       used 31667K, capacity 32022K, committed 32480K, reserved 1077248K
  class space    used 3633K, capacity 3785K, committed 3812K, reserved 1048576K
}
2016-05-30T22:41:20.058+0200: 4395.020: Total time for which application threads were stopped: 0.0052140 seconds, Stopping threads took: 0.0000226 seconds
2016-05-30T22:41:24.059+0200: 4399.021: Total time for which application threads were stopped: 0.0001066 seconds, Stopping threads took: 0.0000353 seconds
{Heap before GC invocations=47 (full 1):
 par new generation   total 109248K, used 88698K [0x00000000e0000000, 0x00000000e8000000, 0x00000000e8000000)
  eden space 87424K, 100% used [0x00000000e0000000, 0x00000000e5560000, 0x00000000e5560000)
  from space 21824K,   5% used [0x00000000e6ab0000, 0x00000000e6beebb8, 0x00000000e8000000)
  to   space 21824K,   0% used [0x00000000e5560000, 0x00000000e5560000, 0x00000000e6ab0000)
 concurrent mark-sweep generation total 393216K, used 15483K [0x00000000e8000000, 0x0000000100000000, 0x0000000100000000)
 Metaspace       used 31667K, capacity 32022K, committed 32480K, reserved 1077248K
  class space    used 3634K, capacity 3785K, committed 3812K, reserved 1048576K
2016-05-30T22:41:39.679+0200: 4414.641: [GC (Allocation Failure) 2016-05-30T22:41:39.680+0200: 4414.641: [ParNew
Desired survivor size 20112992 bytes, new threshold 8 (max 8)
- age   1:     830952 bytes,     830952 total
- age   2:      10584 bytes,     841536 total
- age   3:      10896 bytes,     852432 total
- age   4:       8224 bytes,     860656 total
- age   5:       9632 bytes,     870288 total
- age   6:      10784 bytes,     881072 total
- age   7:       2352 bytes,     883424 total
: 88698K->1081K(109248K), 0.0049578 secs] 104182K->16565K(502464K), 0.0050402 secs] [Times: user=0.00 sys=0.00, real=0.01 secs] 
Heap after GC invocations=48 (full 1):
 par new generation   total 109248K, used 1081K [0x00000000e0000000, 0x00000000e8000000, 0x00000000e8000000)
  eden space 87424K,   0% used [0x00000000e0000000, 0x00000000e0000000, 0x00000000e5560000)
  from space 21824K,   4% used [0x00000000e5560000, 0x00000000e566e510, 0x00000000e6ab0000)
  to   space 21824K,   0% used [0x00000000e6ab0000, 0x00000000e6ab0000, 0x00000000e8000000)
 concurrent mark-sweep generation total 393216K, used 15484K [0x00000000e8000000, 0x0000000100000000, 0x0000000100000000)
 Metaspace       used 31667K, capacity 32022K, committed 32480K, reserved 1077248K
  class space    used 3634K, capacity 3785K, committed 3812K, reserved 1048576K
}
2016-05-30T22:41:39.685+0200: 4414.646: Total time for which application threads were stopped: 0.0052771 seconds, Stopping threads took: 0.0000329 seconds
{Heap before GC invocations=48 (full 1):
 par new generation   total 109248K, used 88505K [0x00000000e0000000, 0x00000000e8000000, 0x00000000e8000000)
  eden space 87424K, 100% used [0x00000000e0000000, 0x00000000e5560000, 0x00000000e5560000)
  from space 21824K,   4% used [0x00000000e5560000, 0x00000000e566e510, 0x00000000e6ab0000)
  to   space 21824K,   0% used [0x00000000e6ab0000, 0x00000000e6ab0000, 0x00000000e8000000)
 concurrent mark-sweep generation total 393216K, used 15484K [0x00000000e8000000, 0x0000000100000000, 0x0000000100000000)
 Metaspace       used 31668K, capacity 32022K, committed 32480K, reserved 1077248K
  class space    used 3634K, capacity 3785K, committed 3812K, reserved 1048576K
2016-05-30T22:41:50.404+0200: 4425.366: [GC (Allocation Failure) 2016-05-30T22:41:50.404+0200: 4425.366: [ParNew
Desired survivor size 20112992 bytes, new threshold 8 (max 8)
- age   1:     899712 bytes,     899712 total
- age   2:       6728 bytes,     906440 total
- age   3:      10584 bytes,     917024 total
- age   4:      10896 bytes,     927920 total
- age   5:       8224 bytes,     936144 total
- age   6:       9632 bytes,     945776 total
- age   7:      10784 bytes,     956560 total
- age   8:       2352 bytes,     958912 total
: 88505K->1490K(109248K), 0.0043284 secs] 103989K->16974K(502464K), 0.0044253 secs] [Times: user=0.06 sys=0.00, real=0.00 secs] 
Heap after GC invocations=49 (full 1):
 par new generation   total 109248K, used 1490K [0x00000000e0000000, 0x00000000e8000000, 0x00000000e8000000)
  eden space 87424K,   0% used [0x00000000e0000000, 0x00000000e0000000, 0x00000000e5560000)
  from space 21824K,   6% used [0x00000000e6ab0000, 0x00000000e6c24b00, 0x00000000e8000000)
  to   space 21824K,   0% used [0x00000000e5560000, 0x00000000e5560000, 0x00000000e6ab0000)
 concurrent mark-sweep generation total 393216K, used 15484K [0x00000000e8000000, 0x0000000100000000, 0x0000000100000000)
 Metaspace       used 31668K, capacity 32022K, committed 32480K, reserved 1077248K
  class space    used 3634K, capacity 3785K, committed 3812K, reserved 1048576K
}
2016-05-30T22:41:50.408+0200: 4425.370: Total time for which application threads were stopped: 0.0047341 seconds, Stopping threads took: 0.0000314 seconds
{Heap before GC invocations=49 (full 1):
 par new generation   total 109248K, used 88914K [0x00000000e0000000, 0x00000000e8000000, 0x00000000e8000000)
  eden space 87424K, 100% used [0x00000000e0000000, 0x00000000e5560000, 0x00000000e5560000)
  from space 21824K,   6% used [0x00000000e6ab0000, 0x00000000e6c24b00, 0x00000000e8000000)
  to   space 21824K,   0% used [0x00000000e5560000, 0x00000000e5560000, 0x00000000e6ab0000)
 concurrent mark-sweep generation total 393216K, used 15484K [0x00000000e8000000, 0x0000000100000000, 0x0000000100000000)
 Metaspace       used 31668K, capacity 32022K, committed 32480K, reserved 1077248K
  class space    used 3634K, capacity 3785K, committed 3812K, reserved 1048576K
2016-05-30T22:42:18.975+0200: 4453.937: [GC (Allocation Failure) 2016-05-30T22:42:18.975+0200: 4453.937: [ParNew
Desired survivor size 20112992 bytes, new threshold 8 (max 8)
- age   1:     853848 bytes,     853848 total
- age   2:       3624 bytes,     857472 total
- age   3:       6616 bytes,     864088 total
- age   4:      10552 bytes,     874640 total
- age   5:      10896 bytes,     885536 total
- age   6:       8224 bytes,     893760 total
- age   7:       9632 bytes,     903392 total
- age   8:      10784 bytes,     914176 total
: 88914K->1096K(109248K), 0.0050257 secs] 104398K->16582K(502464K), 0.0050954 secs] [Times: user=0.00 sys=0.00, real=0.01 secs] 
Heap after GC invocations=50 (full 1):
 par new generation   total 109248K, used 1096K [0x00000000e0000000, 0x00000000e8000000, 0x00000000e8000000)
  eden space 87424K,   0% used [0x00000000e0000000, 0x00000000e0000000, 0x00000000e5560000)
  from space 21824K,   5% used [0x00000000e5560000, 0x00000000e5672178, 0x00000000e6ab0000)
  to   space 21824K,   0% used [0x00000000e6ab0000, 0x00000000e6ab0000, 0x00000000e8000000)
 concurrent mark-sweep generation total 393216K, used 15486K [0x00000000e8000000, 0x0000000100000000, 0x0000000100000000)
 Metaspace       used 31668K, capacity 32022K, committed 32480K, reserved 1077248K
  class space    used 3634K, capacity 3785K, committed 3812K, reserved 1048576K
}
2016-05-30T22:42:18.980+0200: 4453.942: Total time for which application threads were stopped: 0.0053155 seconds, Stopping threads took: 0.0000214 seconds
2016-05-30T22:42:35.984+0200: 4470.946: Total time for which application threads were stopped: 0.0001201 seconds, Stopping threads took: 0.0000338 seconds
2016-05-30T22:42:38.985+0200: 4473.947: Total time for which application threads were stopped: 0.0000927 seconds, Stopping threads took: 0.0000344 seconds
{Heap before GC invocations=50 (full 1):
 par new generation   total 109248K, used 88520K [0x00000000e0000000, 0x00000000e8000000, 0x00000000e8000000)
  eden space 87424K, 100% used [0x00000000e0000000, 0x00000000e5560000, 0x00000000e5560000)
  from space 21824K,   5% used [0x00000000e5560000, 0x00000000e5672178, 0x00000000e6ab0000)
  to   space 21824K,   0% used [0x00000000e6ab0000, 0x00000000e6ab0000, 0x00000000e8000000)
 concurrent mark-sweep generation total 393216K, used 15486K [0x00000000e8000000, 0x0000000100000000, 0x0000000100000000)
 Metaspace       used 31668K, capacity 32022K, committed 32480K, reserved 1077248K
  class space    used 3634K, capacity 3785K, committed 3812K, reserved 1048576K
2016-05-30T22:42:39.447+0200: 4474.409: [GC (Allocation Failure) 2016-05-30T22:42:39.447+0200: 4474.409: [ParNew
Desired survivor size 20112992 bytes, new threshold 8 (max 8)
- age   1:     856896 bytes,     856896 total
- age   2:        568 bytes,     857464 total
- age   3:       3176 bytes,     860640 total
- age   4:       6552 bytes,     867192 total
- age   5:      10552 bytes,     877744 total
- age   6:      10896 bytes,     888640 total
- age   7:       8224 bytes,     896864 total
- age   8:       9632 bytes,     906496 total
: 88520K->1296K(109248K), 0.0053897 secs] 104006K->16793K(502464K), 0.0054676 secs] [Times: user=0.02 sys=0.00, real=0.01 secs] 
Heap after GC invocations=51 (full 1):
 par new generation   total 109248K, used 1296K [0x00000000e0000000, 0x00000000e8000000, 0x00000000e8000000)
  eden space 87424K,   0% used [0x00000000e0000000, 0x00000000e0000000, 0x00000000e5560000)
  from space 21824K,   5% used [0x00000000e6ab0000, 0x00000000e6bf4140, 0x00000000e8000000)
  to   space 21824K,   0% used [0x00000000e5560000, 0x00000000e5560000, 0x00000000e6ab0000)
 concurrent mark-sweep generation total 393216K, used 15497K [0x00000000e8000000, 0x0000000100000000, 0x0000000100000000)
 Metaspace       used 31668K, capacity 32022K, committed 32480K, reserved 1077248K
  class space    used 3634K, capacity 3785K, committed 3812K, reserved 1048576K
}
2016-05-30T22:42:39.453+0200: 4474.415: Total time for which application threads were stopped: 0.0056587 seconds, Stopping threads took: 0.0000229 seconds
2016-05-30T22:42:55.458+0200: 4490.419: Total time for which application threads were stopped: 0.0000791 seconds, Stopping threads took: 0.0000238 seconds
{Heap before GC invocations=51 (full 1):
 par new generation   total 109248K, used 88720K [0x00000000e0000000, 0x00000000e8000000, 0x00000000e8000000)
  eden space 87424K, 100% used [0x00000000e0000000, 0x00000000e5560000, 0x00000000e5560000)
  from space 21824K,   5% used [0x00000000e6ab0000, 0x00000000e6bf4140, 0x00000000e8000000)
  to   space 21824K,   0% used [0x00000000e5560000, 0x00000000e5560000, 0x00000000e6ab0000)
 concurrent mark-sweep generation total 393216K, used 15497K [0x00000000e8000000, 0x0000000100000000, 0x0000000100000000)
 Metaspace       used 31669K, capacity 32022K, committed 32480K, reserved 1077248K
  class space    used 3634K, capacity 3785K, committed 3812K, reserved 1048576K
2016-05-30T22:43:08.676+0200: 4503.638: [GC (Allocation Failure) 2016-05-30T22:43:08.676+0200: 4503.638: [ParNew
Desired survivor size 20112992 bytes, new threshold 8 (max 8)
- age   1:    1793488 bytes,    1793488 total
- age   2:       1104 bytes,    1794592 total
- age   3:        312 bytes,    1794904 total
- age   4:       2504 bytes,    1797408 total
- age   5:       6552 bytes,    1803960 total
- age   6:      10552 bytes,    1814512 total
- age   7:      10896 bytes,    1825408 total
- age   8:       8224 bytes,    1833632 total
: 88720K->2005K(109248K), 0.0047748 secs] 104217K->17512K(502464K), 0.0048533 secs] [Times: user=0.00 sys=0.00, real=0.00 secs] 
Heap after GC invocations=52 (full 1):
 par new generation   total 109248K, used 2005K [0x00000000e0000000, 0x00000000e8000000, 0x00000000e8000000)
  eden space 87424K,   0% used [0x00000000e0000000, 0x00000000e0000000, 0x00000000e5560000)
  from space 21824K,   9% used [0x00000000e5560000, 0x00000000e5755588, 0x00000000e6ab0000)
  to   space 21824K,   0% used [0x00000000e6ab0000, 0x00000000e6ab0000, 0x00000000e8000000)
 concurrent mark-sweep generation total 393216K, used 15506K [0x00000000e8000000, 0x0000000100000000, 0x0000000100000000)
 Metaspace       used 31669K, capacity 32022K, committed 32480K, reserved 1077248K
  class space    used 3634K, capacity 3785K, committed 3812K, reserved 1048576K
}
2016-05-30T22:43:08.681+0200: 4503.643: Total time for which application threads were stopped: 0.0051135 seconds, Stopping threads took: 0.0000284 seconds
2016-05-30T22:43:12.683+0200: 4507.644: Total time for which application threads were stopped: 0.0001198 seconds, Stopping threads took: 0.0000374 seconds
2016-05-30T22:43:13.683+0200: 4508.645: Total time for which application threads were stopped: 0.0001192 seconds, Stopping threads took: 0.0000368 seconds
2016-05-30T22:43:20.685+0200: 4515.646: Total time for which application threads were stopped: 0.0000797 seconds, Stopping threads took: 0.0000248 seconds
2016-05-30T22:43:22.685+0200: 4517.646: Total time for which application threads were stopped: 0.0000866 seconds, Stopping threads took: 0.0000284 seconds
{Heap before GC invocations=52 (full 1):
 par new generation   total 109248K, used 89429K [0x00000000e0000000, 0x00000000e8000000, 0x00000000e8000000)
  eden space 87424K, 100% used [0x00000000e0000000, 0x00000000e5560000, 0x00000000e5560000)
  from space 21824K,   9% used [0x00000000e5560000, 0x00000000e5755588, 0x00000000e6ab0000)
  to   space 21824K,   0% used [0x00000000e6ab0000, 0x00000000e6ab0000, 0x00000000e8000000)
 concurrent mark-sweep generation total 393216K, used 15506K [0x00000000e8000000, 0x0000000100000000, 0x0000000100000000)
 Metaspace       used 31669K, capacity 32022K, committed 32480K, reserved 1077248K
  class space    used 3634K, capacity 3785K, committed 3812K, reserved 1048576K
2016-05-30T22:43:27.288+0200: 4522.250: [GC (Allocation Failure) 2016-05-30T22:43:27.289+0200: 4522.250: [ParNew
Desired survivor size 20112992 bytes, new threshold 8 (max 8)
- age   1:     829440 bytes,     829440 total
- age   2:       1800 bytes,     831240 total
- age   3:        880 bytes,     832120 total
- age   4:        312 bytes,     832432 total
- age   5:       2280 bytes,     834712 total
- age   6:       6552 bytes,     841264 total
- age   7:      10552 bytes,     851816 total
- age   8:      10896 bytes,     862712 total
: 89429K->1988K(109248K), 0.0041687 secs] 104936K->17503K(502464K), 0.0042445 secs] [Times: user=0.00 sys=0.00, real=0.00 secs] 
Heap after GC invocations=53 (full 1):
 par new generation   total 109248K, used 1988K [0x00000000e0000000, 0x00000000e8000000, 0x00000000e8000000)
  eden space 87424K,   0% used [0x00000000e0000000, 0x00000000e0000000, 0x00000000e5560000)
  from space 21824K,   9% used [0x00000000e6ab0000, 0x00000000e6ca12e0, 0x00000000e8000000)
  to   space 21824K,   0% used [0x00000000e5560000, 0x00000000e5560000, 0x00000000e6ab0000)
 concurrent mark-sweep generation total 393216K, used 15514K [0x00000000e8000000, 0x0000000100000000, 0x0000000100000000)
 Metaspace       used 31669K, capacity 32022K, committed 32480K, reserved 1077248K
  class space    used 3634K, capacity 3785K, committed 3812K, reserved 1048576K
}
2016-05-30T22:43:27.293+0200: 4522.254: Total time for which application threads were stopped: 0.0044555 seconds, Stopping threads took: 0.0000190 seconds
2016-05-30T22:43:47.297+0200: 4542.259: Total time for which application threads were stopped: 0.0000794 seconds, Stopping threads took: 0.0000251 seconds
{Heap before GC invocations=53 (full 1):
 par new generation   total 109248K, used 89412K [0x00000000e0000000, 0x00000000e8000000, 0x00000000e8000000)
  eden space 87424K, 100% used [0x00000000e0000000, 0x00000000e5560000, 0x00000000e5560000)
  from space 21824K,   9% used [0x00000000e6ab0000, 0x00000000e6ca12e0, 0x00000000e8000000)
  to   space 21824K,   0% used [0x00000000e5560000, 0x00000000e5560000, 0x00000000e6ab0000)
 concurrent mark-sweep generation total 393216K, used 15514K [0x00000000e8000000, 0x0000000100000000, 0x0000000100000000)
 Metaspace       used 31670K, capacity 32022K, committed 32480K, reserved 1077248K
  class space    used 3634K, capacity 3785K, committed 3812K, reserved 1048576K
2016-05-30T22:43:48.773+0200: 4543.734: [GC (Allocation Failure) 2016-05-30T22:43:48.773+0200: 4543.734: [ParNew
Desired survivor size 20112992 bytes, new threshold 8 (max 8)
- age   1:     836592 bytes,     836592 total
- age   2:       5440 bytes,     842032 total
- age   3:       1688 bytes,     843720 total
- age   4:        848 bytes,     844568 total
- age   5:        312 bytes,     844880 total
- age   6:       2280 bytes,     847160 total
- age   7:       6552 bytes,     853712 total
- age   8:      10552 bytes,     864264 total
: 89412K->1144K(109248K), 0.0049967 secs] 104927K->16669K(502464K), 0.0050703 secs] [Times: user=0.00 sys=0.00, real=0.01 secs] 
Heap after GC invocations=54 (full 1):
 par new generation   total 109248K, used 1144K [0x00000000e0000000, 0x00000000e8000000, 0x00000000e8000000)
  eden space 87424K,   0% used [0x00000000e0000000, 0x00000000e0000000, 0x00000000e5560000)
  from space 21824K,   5% used [0x00000000e5560000, 0x00000000e567e220, 0x00000000e6ab0000)
  to   space 21824K,   0% used [0x00000000e6ab0000, 0x00000000e6ab0000, 0x00000000e8000000)
 concurrent mark-sweep generation total 393216K, used 15525K [0x00000000e8000000, 0x0000000100000000, 0x0000000100000000)
 Metaspace       used 31670K, capacity 32022K, committed 32480K, reserved 1077248K
  class space    used 3634K, capacity 3785K, committed 3812K, reserved 1048576K
}
2016-05-30T22:43:48.778+0200: 4543.739: Total time for which application threads were stopped: 0.0052644 seconds, Stopping threads took: 0.0000235 seconds
2016-05-30T22:43:49.778+0200: 4544.740: Total time for which application threads were stopped: 0.0000890 seconds, Stopping threads took: 0.0000332 seconds
2016-05-30T22:43:59.781+0200: 4554.742: Total time for which application threads were stopped: 0.0001078 seconds, Stopping threads took: 0.0000314 seconds
{Heap before GC invocations=54 (full 1):
 par new generation   total 109248K, used 88568K [0x00000000e0000000, 0x00000000e8000000, 0x00000000e8000000)
  eden space 87424K, 100% used [0x00000000e0000000, 0x00000000e5560000, 0x00000000e5560000)
  from space 21824K,   5% used [0x00000000e5560000, 0x00000000e567e220, 0x00000000e6ab0000)
  to   space 21824K,   0% used [0x00000000e6ab0000, 0x00000000e6ab0000, 0x00000000e8000000)
 concurrent mark-sweep generation total 393216K, used 15525K [0x00000000e8000000, 0x0000000100000000, 0x0000000100000000)
 Metaspace       used 31670K, capacity 32022K, committed 32480K, reserved 1077248K
  class space    used 3634K, capacity 3785K, committed 3812K, reserved 1048576K
2016-05-30T22:44:06.068+0200: 4561.030: [GC (Allocation Failure) 2016-05-30T22:44:06.068+0200: 4561.030: [ParNew
Desired survivor size 20112992 bytes, new threshold 8 (max 8)
- age   1:     882144 bytes,     882144 total
- age   2:       1272 bytes,     883416 total
- age   3:       4544 bytes,     887960 total
- age   4:       1688 bytes,     889648 total
- age   5:        848 bytes,     890496 total
- age   6:        312 bytes,     890808 total
- age   7:       2280 bytes,     893088 total
- age   8:       6552 bytes,     899640 total
: 88568K->1185K(109248K), 0.0048663 secs] 104093K->16720K(502464K), 0.0049430 secs] [Times: user=0.00 sys=0.00, real=0.00 secs] 
Heap after GC invocations=55 (full 1):
 par new generation   total 109248K, used 1185K [0x00000000e0000000, 0x00000000e8000000, 0x00000000e8000000)
  eden space 87424K,   0% used [0x00000000e0000000, 0x00000000e0000000, 0x00000000e5560000)
  from space 21824K,   5% used [0x00000000e6ab0000, 0x00000000e6bd84a8, 0x00000000e8000000)
  to   space 21824K,   0% used [0x00000000e5560000, 0x00000000e5560000, 0x00000000e6ab0000)
 concurrent mark-sweep generation total 393216K, used 15535K [0x00000000e8000000, 0x0000000100000000, 0x0000000100000000)
 Metaspace       used 31670K, capacity 32022K, committed 32480K, reserved 1077248K
  class space    used 3634K, capacity 3785K, committed 3812K, reserved 1048576K
}
2016-05-30T22:44:06.073+0200: 4561.035: Total time for which application threads were stopped: 0.0051283 seconds, Stopping threads took: 0.0000248 seconds
{Heap before GC invocations=55 (full 1):
 par new generation   total 109248K, used 88609K [0x00000000e0000000, 0x00000000e8000000, 0x00000000e8000000)
  eden space 87424K, 100% used [0x00000000e0000000, 0x00000000e5560000, 0x00000000e5560000)
  from space 21824K,   5% used [0x00000000e6ab0000, 0x00000000e6bd84a8, 0x00000000e8000000)
  to   space 21824K,   0% used [0x00000000e5560000, 0x00000000e5560000, 0x00000000e6ab0000)
 concurrent mark-sweep generation total 393216K, used 15535K [0x00000000e8000000, 0x0000000100000000, 0x0000000100000000)
 Metaspace       used 31670K, capacity 32022K, committed 32480K, reserved 1077248K
  class space    used 3634K, capacity 3785K, committed 3812K, reserved 1048576K
2016-05-30T22:44:12.298+0200: 4567.260: [GC (Allocation Failure) 2016-05-30T22:44:12.298+0200: 4567.260: [ParNew
Desired survivor size 20112992 bytes, new threshold 8 (max 8)
- age   1:    1012616 bytes,    1012616 total
- age   2:       4200 bytes,    1016816 total
- age   3:       1160 bytes,    1017976 total
- age   4:       4320 bytes,    1022296 total
- age   5:       1656 bytes,    1023952 total
- age   6:        848 bytes,    1024800 total
- age   7:        312 bytes,    1025112 total
- age   8:       2280 bytes,    1027392 total
: 88609K->1288K(109248K), 0.0048557 secs] 104144K->16830K(502464K), 0.0049442 secs] [Times: user=0.00 sys=0.00, real=0.00 secs] 
Heap after GC invocations=56 (full 1):
 par new generation   total 109248K, used 1288K [0x00000000e0000000, 0x00000000e8000000, 0x00000000e8000000)
  eden space 87424K,   0% used [0x00000000e0000000, 0x00000000e0000000, 0x00000000e5560000)
  from space 21824K,   5% used [0x00000000e5560000, 0x00000000e56a2130, 0x00000000e6ab0000)
  to   space 21824K,   0% used [0x00000000e6ab0000, 0x00000000e6ab0000, 0x00000000e8000000)
 concurrent mark-sweep generation total 393216K, used 15542K [0x00000000e8000000, 0x0000000100000000, 0x0000000100000000)
 Metaspace       used 31670K, capacity 32022K, committed 32480K, reserved 1077248K
  class space    used 3634K, capacity 3785K, committed 3812K, reserved 1048576K
}
2016-05-30T22:44:12.303+0200: 4567.265: Total time for which application threads were stopped: 0.0051374 seconds, Stopping threads took: 0.0000254 seconds
{Heap before GC invocations=56 (full 1):
 par new generation   total 109248K, used 88712K [0x00000000e0000000, 0x00000000e8000000, 0x00000000e8000000)
  eden space 87424K, 100% used [0x00000000e0000000, 0x00000000e5560000, 0x00000000e5560000)
  from space 21824K,   5% used [0x00000000e5560000, 0x00000000e56a2130, 0x00000000e6ab0000)
  to   space 21824K,   0% used [0x00000000e6ab0000, 0x00000000e6ab0000, 0x00000000e8000000)
 concurrent mark-sweep generation total 393216K, used 15542K [0x00000000e8000000, 0x0000000100000000, 0x0000000100000000)
 Metaspace       used 31670K, capacity 32022K, committed 32480K, reserved 1077248K
  class space    used 3634K, capacity 3785K, committed 3812K, reserved 1048576K
2016-05-30T22:44:12.951+0200: 4567.913: [GC (Allocation Failure) 2016-05-30T22:44:12.951+0200: 4567.913: [ParNew
Desired survivor size 20112992 bytes, new threshold 8 (max 8)
- age   1:     694448 bytes,     694448 total
- age   2:     255784 bytes,     950232 total
- age   3:       4200 bytes,     954432 total
- age   4:       1160 bytes,     955592 total
- age   5:       4320 bytes,     959912 total
- age   6:       1656 bytes,     961568 total
- age   7:        848 bytes,     962416 total
- age   8:        312 bytes,     962728 total
: 88712K->1226K(109248K), 0.0045321 secs] 104254K->16770K(502464K), 0.0046085 secs] [Times: user=0.06 sys=0.00, real=0.01 secs] 
Heap after GC invocations=57 (full 1):
 par new generation   total 109248K, used 1226K [0x00000000e0000000, 0x00000000e8000000, 0x00000000e8000000)
  eden space 87424K,   0% used [0x00000000e0000000, 0x00000000e0000000, 0x00000000e5560000)
  from space 21824K,   5% used [0x00000000e6ab0000, 0x00000000e6be2820, 0x00000000e8000000)
  to   space 21824K,   0% used [0x00000000e5560000, 0x00000000e5560000, 0x00000000e6ab0000)
 concurrent mark-sweep generation total 393216K, used 15544K [0x00000000e8000000, 0x0000000100000000, 0x0000000100000000)
 Metaspace       used 31670K, capacity 32022K, committed 32480K, reserved 1077248K
  class space    used 3634K, capacity 3785K, committed 3812K, reserved 1048576K
}
2016-05-30T22:44:12.956+0200: 4567.917: Total time for which application threads were stopped: 0.0047923 seconds, Stopping threads took: 0.0000238 seconds
2016-05-30T22:45:26.976+0200: 4641.937: Total time for which application threads were stopped: 0.0000963 seconds, Stopping threads took: 0.0000326 seconds
{Heap before GC invocations=57 (full 1):
 par new generation   total 109248K, used 88650K [0x00000000e0000000, 0x00000000e8000000, 0x00000000e8000000)
  eden space 87424K, 100% used [0x00000000e0000000, 0x00000000e5560000, 0x00000000e5560000)
  from space 21824K,   5% used [0x00000000e6ab0000, 0x00000000e6be2820, 0x00000000e8000000)
  to   space 21824K,   0% used [0x00000000e5560000, 0x00000000e5560000, 0x00000000e6ab0000)
 concurrent mark-sweep generation total 393216K, used 15544K [0x00000000e8000000, 0x0000000100000000, 0x0000000100000000)
 Metaspace       used 31670K, capacity 32022K, committed 32480K, reserved 1077248K
  class space    used 3634K, capacity 3785K, committed 3812K, reserved 1048576K
2016-05-30T22:45:27.635+0200: 4642.597: [GC (Allocation Failure) 2016-05-30T22:45:27.635+0200: 4642.597: [ParNew
Desired survivor size 20112992 bytes, new threshold 8 (max 8)
- age   1:    1165376 bytes,    1165376 total
- age   3:        488 bytes,    1165864 total
- age   4:       3488 bytes,    1169352 total
- age   5:       1128 bytes,    1170480 total
- age   6:       4320 bytes,    1174800 total
- age   7:       1656 bytes,    1176456 total
- age   8:        848 bytes,    1177304 total
: 88650K->1342K(109248K), 0.0046076 secs] 104194K->16887K(502464K), 0.0046858 secs] [Times: user=0.01 sys=0.00, real=0.01 secs] 
Heap after GC invocations=58 (full 1):
 par new generation   total 109248K, used 1342K [0x00000000e0000000, 0x00000000e8000000, 0x00000000e8000000)
  eden space 87424K,   0% used [0x00000000e0000000, 0x00000000e0000000, 0x00000000e5560000)
  from space 21824K,   6% used [0x00000000e5560000, 0x00000000e56af9d8, 0x00000000e6ab0000)
  to   space 21824K,   0% used [0x00000000e6ab0000, 0x00000000e6ab0000, 0x00000000e8000000)
 concurrent mark-sweep generation total 393216K, used 15544K [0x00000000e8000000, 0x0000000100000000, 0x0000000100000000)
 Metaspace       used 31670K, capacity 32022K, committed 32480K, reserved 1077248K
  class space    used 3634K, capacity 3785K, committed 3812K, reserved 1048576K
}
2016-05-30T22:45:27.640+0200: 4642.601: Total time for which application threads were stopped: 0.0048672 seconds, Stopping threads took: 0.0000229 seconds
2016-05-30T22:45:32.641+0200: 4647.602: Total time for which application threads were stopped: 0.0001277 seconds, Stopping threads took: 0.0000420 seconds
2016-05-30T22:45:39.643+0200: 4654.604: Total time for which application threads were stopped: 0.0000734 seconds, Stopping threads took: 0.0000248 seconds
{Heap before GC invocations=58 (full 1):
 par new generation   total 109248K, used 88766K [0x00000000e0000000, 0x00000000e8000000, 0x00000000e8000000)
  eden space 87424K, 100% used [0x00000000e0000000, 0x00000000e5560000, 0x00000000e5560000)
  from space 21824K,   6% used [0x00000000e5560000, 0x00000000e56af9d8, 0x00000000e6ab0000)
  to   space 21824K,   0% used [0x00000000e6ab0000, 0x00000000e6ab0000, 0x00000000e8000000)
 concurrent mark-sweep generation total 393216K, used 15544K [0x00000000e8000000, 0x0000000100000000, 0x0000000100000000)
 Metaspace       used 31672K, capacity 32022K, committed 32480K, reserved 1077248K
  class space    used 3634K, capacity 3785K, committed 3812K, reserved 1048576K
2016-05-30T22:45:40.481+0200: 4655.442: [GC (Allocation Failure) 2016-05-30T22:45:40.481+0200: 4655.442: [ParNew
Desired survivor size 20112992 bytes, new threshold 8 (max 8)
- age   1:     835288 bytes,     835288 total
- age   2:        352 bytes,     835640 total
- age   4:        264 bytes,     835904 total
- age   5:       3264 bytes,     839168 total
- age   6:       1128 bytes,     840296 total
- age   7:       4096 bytes,     844392 total
- age   8:       1656 bytes,     846048 total
: 88766K->1217K(109248K), 0.0052798 secs] 104311K->16762K(502464K), 0.0053656 secs] [Times: user=0.05 sys=0.00, real=0.01 secs] 
Heap after GC invocations=59 (full 1):
 par new generation   total 109248K, used 1217K [0x00000000e0000000, 0x00000000e8000000, 0x00000000e8000000)
  eden space 87424K,   0% used [0x00000000e0000000, 0x00000000e0000000, 0x00000000e5560000)
  from space 21824K,   5% used [0x00000000e6ab0000, 0x00000000e6be0470, 0x00000000e8000000)
  to   space 21824K,   0% used [0x00000000e5560000, 0x00000000e5560000, 0x00000000e6ab0000)
 concurrent mark-sweep generation total 393216K, used 15545K [0x00000000e8000000, 0x0000000100000000, 0x0000000100000000)
 Metaspace       used 31672K, capacity 32022K, committed 32480K, reserved 1077248K
  class space    used 3634K, capacity 3785K, committed 3812K, reserved 1048576K
}
2016-05-30T22:45:40.486+0200: 4655.448: Total time for which application threads were stopped: 0.0055621 seconds, Stopping threads took: 0.0000235 seconds
{Heap before GC invocations=59 (full 1):
 par new generation   total 109248K, used 88641K [0x00000000e0000000, 0x00000000e8000000, 0x00000000e8000000)
  eden space 87424K, 100% used [0x00000000e0000000, 0x00000000e5560000, 0x00000000e5560000)
  from space 21824K,   5% used [0x00000000e6ab0000, 0x00000000e6be0470, 0x00000000e8000000)
  to   space 21824K,   0% used [0x00000000e5560000, 0x00000000e5560000, 0x00000000e6ab0000)
 concurrent mark-sweep generation total 393216K, used 15545K [0x00000000e8000000, 0x0000000100000000, 0x0000000100000000)
 Metaspace       used 31672K, capacity 32022K, committed 32480K, reserved 1077248K
  class space    used 3634K, capacity 3785K, committed 3812K, reserved 1048576K
2016-05-30T22:45:57.362+0200: 4672.324: [GC (Allocation Failure) 2016-05-30T22:45:57.362+0200: 4672.324: [ParNew
Desired survivor size 20112992 bytes, new threshold 8 (max 8)
- age   1:    1030976 bytes,    1030976 total
- age   2:       3640 bytes,    1034616 total
- age   3:        352 bytes,    1034968 total
- age   5:        264 bytes,    1035232 total
- age   6:       3040 bytes,    1038272 total
- age   7:       1128 bytes,    1039400 total
- age   8:       4096 bytes,    1043496 total
: 88641K->1348K(109248K), 0.0040603 secs] 104186K->16895K(502464K), 0.0041385 secs] [Times: user=0.00 sys=0.00, real=0.00 secs] 
Heap after GC invocations=60 (full 1):
 par new generation   total 109248K, used 1348K [0x00000000e0000000, 0x00000000e8000000, 0x00000000e8000000)
  eden space 87424K,   0% used [0x00000000e0000000, 0x00000000e0000000, 0x00000000e5560000)
  from space 21824K,   6% used [0x00000000e5560000, 0x00000000e56b1380, 0x00000000e6ab0000)
  to   space 21824K,   0% used [0x00000000e6ab0000, 0x00000000e6ab0000, 0x00000000e8000000)
 concurrent mark-sweep generation total 393216K, used 15547K [0x00000000e8000000, 0x0000000100000000, 0x0000000100000000)
 Metaspace       used 31672K, capacity 32022K, committed 32480K, reserved 1077248K
  class space    used 3634K, capacity 3785K, committed 3812K, reserved 1048576K
}
2016-05-30T22:45:57.366+0200: 4672.328: Total time for which application threads were stopped: 0.0043622 seconds, Stopping threads took: 0.0000226 seconds
{Heap before GC invocations=60 (full 1):
 par new generation   total 109248K, used 88772K [0x00000000e0000000, 0x00000000e8000000, 0x00000000e8000000)
  eden space 87424K, 100% used [0x00000000e0000000, 0x00000000e5560000, 0x00000000e5560000)
  from space 21824K,   6% used [0x00000000e5560000, 0x00000000e56b1380, 0x00000000e6ab0000)
  to   space 21824K,   0% used [0x00000000e6ab0000, 0x00000000e6ab0000, 0x00000000e8000000)
 concurrent mark-sweep generation total 393216K, used 15547K [0x00000000e8000000, 0x0000000100000000, 0x0000000100000000)
 Metaspace       used 31672K, capacity 32022K, committed 32480K, reserved 1077248K
  class space    used 3634K, capacity 3785K, committed 3812K, reserved 1048576K
2016-05-30T22:45:57.937+0200: 4672.898: [GC (Allocation Failure) 2016-05-30T22:45:57.937+0200: 4672.898: [ParNew
Desired survivor size 20112992 bytes, new threshold 8 (max 8)
- age   1:     761968 bytes,     761968 total
- age   2:     263608 bytes,    1025576 total
- age   3:       3640 bytes,    1029216 total
- age   4:        352 bytes,    1029568 total
- age   6:        264 bytes,    1029832 total
- age   7:       3040 bytes,    1032872 total
- age   8:       1128 bytes,    1034000 total
: 88772K->1287K(109248K), 0.0051790 secs] 104319K->16839K(502464K), 0.0052690 secs] [Times: user=0.00 sys=0.00, real=0.00 secs] 
Heap after GC invocations=61 (full 1):
 par new generation   total 109248K, used 1287K [0x00000000e0000000, 0x00000000e8000000, 0x00000000e8000000)
  eden space 87424K,   0% used [0x00000000e0000000, 0x00000000e0000000, 0x00000000e5560000)
  from space 21824K,   5% used [0x00000000e6ab0000, 0x00000000e6bf1ff0, 0x00000000e8000000)
  to   space 21824K,   0% used [0x00000000e5560000, 0x00000000e5560000, 0x00000000e6ab0000)
 concurrent mark-sweep generation total 393216K, used 15551K [0x00000000e8000000, 0x0000000100000000, 0x0000000100000000)
 Metaspace       used 31672K, capacity 32022K, committed 32480K, reserved 1077248K
  class space    used 3634K, capacity 3785K, committed 3812K, reserved 1048576K
}
2016-05-30T22:45:57.942+0200: 4672.904: Total time for which application threads were stopped: 0.0054637 seconds, Stopping threads took: 0.0000238 seconds
{Heap before GC invocations=61 (full 1):
 par new generation   total 109248K, used 88711K [0x00000000e0000000, 0x00000000e8000000, 0x00000000e8000000)
  eden space 87424K, 100% used [0x00000000e0000000, 0x00000000e5560000, 0x00000000e5560000)
  from space 21824K,   5% used [0x00000000e6ab0000, 0x00000000e6bf1ff0, 0x00000000e8000000)
  to   space 21824K,   0% used [0x00000000e5560000, 0x00000000e5560000, 0x00000000e6ab0000)
 concurrent mark-sweep generation total 393216K, used 15551K [0x00000000e8000000, 0x0000000100000000, 0x0000000100000000)
 Metaspace       used 31672K, capacity 32022K, committed 32480K, reserved 1077248K
  class space    used 3634K, capacity 3785K, committed 3812K, reserved 1048576K
2016-05-30T22:45:58.517+0200: 4673.478: [GC (Allocation Failure) 2016-05-30T22:45:58.517+0200: 4673.478: [ParNew
Desired survivor size 20112992 bytes, new threshold 8 (max 8)
- age   1:     765648 bytes,     765648 total
- age   3:     263608 bytes,    1029256 total
- age   4:       3640 bytes,    1032896 total
- age   5:        352 bytes,    1033248 total
- age   7:        264 bytes,    1033512 total
- age   8:       3040 bytes,    1036552 total
: 88711K->1232K(109248K), 0.0052234 secs] 104263K->16784K(502464K), 0.0052973 secs] [Times: user=0.00 sys=0.00, real=0.01 secs] 
Heap after GC invocations=62 (full 1):
 par new generation   total 109248K, used 1232K [0x00000000e0000000, 0x00000000e8000000, 0x00000000e8000000)
  eden space 87424K,   0% used [0x00000000e0000000, 0x00000000e0000000, 0x00000000e5560000)
  from space 21824K,   5% used [0x00000000e5560000, 0x00000000e5694030, 0x00000000e6ab0000)
  to   space 21824K,   0% used [0x00000000e6ab0000, 0x00000000e6ab0000, 0x00000000e8000000)
 concurrent mark-sweep generation total 393216K, used 15552K [0x00000000e8000000, 0x0000000100000000, 0x0000000100000000)
 Metaspace       used 31672K, capacity 32022K, committed 32480K, reserved 1077248K
  class space    used 3634K, capacity 3785K, committed 3812K, reserved 1048576K
}
2016-05-30T22:45:58.522+0200: 4673.484: Total time for which application threads were stopped: 0.0054812 seconds, Stopping threads took: 0.0000226 seconds
2016-05-30T22:47:20.544+0200: 4755.505: Total time for which application threads were stopped: 0.0000924 seconds, Stopping threads took: 0.0000323 seconds
{Heap before GC invocations=62 (full 1):
 par new generation   total 109248K, used 88656K [0x00000000e0000000, 0x00000000e8000000, 0x00000000e8000000)
  eden space 87424K, 100% used [0x00000000e0000000, 0x00000000e5560000, 0x00000000e5560000)
  from space 21824K,   5% used [0x00000000e5560000, 0x00000000e5694030, 0x00000000e6ab0000)
  to   space 21824K,   0% used [0x00000000e6ab0000, 0x00000000e6ab0000, 0x00000000e8000000)
 concurrent mark-sweep generation total 393216K, used 15552K [0x00000000e8000000, 0x0000000100000000, 0x0000000100000000)
 Metaspace       used 31674K, capacity 32022K, committed 32480K, reserved 1077248K
  class space    used 3634K, capacity 3785K, committed 3812K, reserved 1048576K
2016-05-30T22:47:29.017+0200: 4763.979: [GC (Allocation Failure) 2016-05-30T22:47:29.017+0200: 4763.979: [ParNew
Desired survivor size 20112992 bytes, new threshold 8 (max 8)
- age   1:    1842960 bytes,    1842960 total
- age   4:       2008 bytes,    1844968 total
- age   5:       2376 bytes,    1847344 total
- age   6:        288 bytes,    1847632 total
- age   8:        264 bytes,    1847896 total
: 88656K->2165K(109248K), 0.0055044 secs] 104208K->17720K(502464K), 0.0055886 secs] [Times: user=0.00 sys=0.00, real=0.01 secs] 
Heap after GC invocations=63 (full 1):
 par new generation   total 109248K, used 2165K [0x00000000e0000000, 0x00000000e8000000, 0x00000000e8000000)
  eden space 87424K,   0% used [0x00000000e0000000, 0x00000000e0000000, 0x00000000e5560000)
  from space 21824K,   9% used [0x00000000e6ab0000, 0x00000000e6ccd578, 0x00000000e8000000)
  to   space 21824K,   0% used [0x00000000e5560000, 0x00000000e5560000, 0x00000000e6ab0000)
 concurrent mark-sweep generation total 393216K, used 15554K [0x00000000e8000000, 0x0000000100000000, 0x0000000100000000)
 Metaspace       used 31674K, capacity 32022K, committed 32480K, reserved 1077248K
  class space    used 3634K, capacity 3785K, committed 3812K, reserved 1048576K
}
2016-05-30T22:47:29.023+0200: 4763.984: Total time for which application threads were stopped: 0.0057743 seconds, Stopping threads took: 0.0000220 seconds
2016-05-30T22:47:33.024+0200: 4767.985: Total time for which application threads were stopped: 0.0000800 seconds, Stopping threads took: 0.0000257 seconds
2016-05-30T22:47:34.024+0200: 4768.986: Total time for which application threads were stopped: 0.0001002 seconds, Stopping threads took: 0.0000266 seconds
{Heap before GC invocations=63 (full 1):
 par new generation   total 109248K, used 89589K [0x00000000e0000000, 0x00000000e8000000, 0x00000000e8000000)
  eden space 87424K, 100% used [0x00000000e0000000, 0x00000000e5560000, 0x00000000e5560000)
  from space 21824K,   9% used [0x00000000e6ab0000, 0x00000000e6ccd578, 0x00000000e8000000)
  to   space 21824K,   0% used [0x00000000e5560000, 0x00000000e5560000, 0x00000000e6ab0000)
 concurrent mark-sweep generation total 393216K, used 15554K [0x00000000e8000000, 0x0000000100000000, 0x0000000100000000)
 Metaspace       used 31689K, capacity 32022K, committed 32480K, reserved 1077248K
  class space    used 3634K, capacity 3785K, committed 3812K, reserved 1048576K
2016-05-30T22:47:46.109+0200: 4781.071: [GC (Allocation Failure) 2016-05-30T22:47:46.109+0200: 4781.071: [ParNew
Desired survivor size 20112992 bytes, new threshold 8 (max 8)
- age   1:     876216 bytes,     876216 total
- age   2:       4928 bytes,     881144 total
- age   5:       2008 bytes,     883152 total
- age   6:       2376 bytes,     885528 total
- age   7:        288 bytes,     885816 total
: 89589K->2079K(109248K), 0.0045614 secs] 105144K->17634K(502464K), 0.0046218 secs] [Times: user=0.00 sys=0.00, real=0.01 secs] 
