Java HotSpot(TM) 64-Bit Server VM (25.65-b01) for windows-amd64 JRE (1.8.0_65-b17), built on Oct  6 2015 16:39:20 by "java_re" with MS VC++ 10.0 (VS2010)
Memory: 4k page, physical 8370208k(3283796k free), swap 15710240k(6728744k free)
CommandLine flags: -XX:CMSInitiatingOccupancyFraction=50 -XX:CMSMaxAbortablePrecleanTime=6000 -XX:+CMSParallelRemarkEnabled -XX:+CMSScavengeBeforeRemark -XX:ConcGCThreads=4 -XX:InitialHeapSize=536870912 -XX:MaxHeapSize=536870912 -XX:MaxTenuringThreshold=8 -XX:NewRatio=3 -XX:OldPLABSize=16 -XX:ParallelGCThreads=4 -XX:+ParallelRefProcEnabled -XX:PretenureSizeThreshold=67108864 -XX:+PrintGC -XX:+PrintGCApplicationStoppedTime -XX:+PrintGCDateStamps -XX:+PrintGCDetails -XX:+PrintGCTimeStamps -XX:+PrintHeapAtGC -XX:+PrintTenuringDistribution -XX:SurvivorRatio=4 -XX:TargetSurvivorRatio=90 -XX:ThreadStackSize=256 -XX:+UseCMSInitiatingOccupancyOnly -XX:+UseCompressedClassPointers -XX:+UseCompressedOops -XX:+UseConcMarkSweepGC -XX:-UseLargePagesIndividualAllocation -XX:+UseParNewGC 
2016-04-18T19:21:07.495+0200: 0.109: Total time for which application threads were stopped: 0.0000969 seconds, Stopping threads took: 0.0000214 seconds
2016-04-18T19:21:07.566+0200: 0.179: Total time for which application threads were stopped: 0.0000897 seconds, Stopping threads took: 0.0000148 seconds
2016-04-18T19:21:07.721+0200: 0.335: Total time for which application threads were stopped: 0.0001530 seconds, Stopping threads took: 0.0000229 seconds
2016-04-18T19:21:07.851+0200: 0.464: Total time for which application threads were stopped: 0.0001250 seconds, Stopping threads took: 0.0000151 seconds
2016-04-18T19:21:07.900+0200: 0.514: Total time for which application threads were stopped: 0.0001437 seconds, Stopping threads took: 0.0000163 seconds
2016-04-18T19:21:08.106+0200: 0.720: Total time for which application threads were stopped: 0.0002155 seconds, Stopping threads took: 0.0000217 seconds
2016-04-18T19:21:08.242+0200: 0.856: Total time for which application threads were stopped: 0.0001971 seconds, Stopping threads took: 0.0000175 seconds
2016-04-18T19:21:08.243+0200: 0.857: Total time for which application threads were stopped: 0.0000691 seconds, Stopping threads took: 0.0000097 seconds
2016-04-18T19:21:08.245+0200: 0.859: Total time for which application threads were stopped: 0.0000894 seconds, Stopping threads took: 0.0000109 seconds
2016-04-18T19:21:08.884+0200: 1.497: Total time for which application threads were stopped: 0.0002379 seconds, Stopping threads took: 0.0000272 seconds
2016-04-18T19:21:08.913+0200: 1.527: Total time for which application threads were stopped: 0.0001989 seconds, Stopping threads took: 0.0000172 seconds
{Heap before GC invocations=0 (full 0):
 par new generation   total 109248K, used 87424K [0x00000000e0000000, 0x00000000e8000000, 0x00000000e8000000)
  eden space 87424K, 100% used [0x00000000e0000000, 0x00000000e5560000, 0x00000000e5560000)
  from space 21824K,   0% used [0x00000000e5560000, 0x00000000e5560000, 0x00000000e6ab0000)
  to   space 21824K,   0% used [0x00000000e6ab0000, 0x00000000e6ab0000, 0x00000000e8000000)
 concurrent mark-sweep generation total 393216K, used 0K [0x00000000e8000000, 0x0000000100000000, 0x0000000100000000)
 Metaspace       used 19060K, capacity 19332K, committed 19712K, reserved 1067008K
  class space    used 2320K, capacity 2440K, committed 2560K, reserved 1048576K
2016-04-18T19:21:09.095+0200: 1.710: [GC (Allocation Failure) 2016-04-18T19:21:09.095+0200: 1.710: [ParNew
Desired survivor size 20112992 bytes, new threshold 8 (max 8)
- age   1:   11778192 bytes,   11778192 total
: 87424K->11621K(109248K), 0.0087304 secs] 87424K->11621K(502464K), 0.0088844 secs] [Times: user=0.05 sys=0.01, real=0.01 secs] 
Heap after GC invocations=1 (full 0):
 par new generation   total 109248K, used 11621K [0x00000000e0000000, 0x00000000e8000000, 0x00000000e8000000)
  eden space 87424K,   0% used [0x00000000e0000000, 0x00000000e0000000, 0x00000000e5560000)
  from space 21824K,  53% used [0x00000000e6ab0000, 0x00000000e76095b8, 0x00000000e8000000)
  to   space 21824K,   0% used [0x00000000e5560000, 0x00000000e5560000, 0x00000000e6ab0000)
 concurrent mark-sweep generation total 393216K, used 0K [0x00000000e8000000, 0x0000000100000000, 0x0000000100000000)
 Metaspace       used 19060K, capacity 19332K, committed 19712K, reserved 1067008K
  class space    used 2320K, capacity 2440K, committed 2560K, reserved 1048576K
}
2016-04-18T19:21:09.104+0200: 1.719: Total time for which application threads were stopped: 0.0090465 seconds, Stopping threads took: 0.0000229 seconds
2016-04-18T19:21:10.105+0200: 2.719: Total time for which application threads were stopped: 0.0001029 seconds, Stopping threads took: 0.0000332 seconds
2016-04-18T19:21:11.473+0200: 4.087: Total time for which application threads were stopped: 0.0001757 seconds, Stopping threads took: 0.0000154 seconds
2016-04-18T19:21:15.268+0200: 7.882: Total time for which application threads were stopped: 0.0000767 seconds, Stopping threads took: 0.0000178 seconds
2016-04-18T19:21:15.268+0200: 7.882: Total time for which application threads were stopped: 0.0000335 seconds, Stopping threads took: 0.0000094 seconds
2016-04-18T19:21:15.311+0200: 7.926: Total time for which application threads were stopped: 0.0000827 seconds, Stopping threads took: 0.0000202 seconds
2016-04-18T19:21:15.311+0200: 7.926: Total time for which application threads were stopped: 0.0001050 seconds, Stopping threads took: 0.0000827 seconds
2016-04-18T19:21:15.313+0200: 7.927: Total time for which application threads were stopped: 0.0000510 seconds, Stopping threads took: 0.0000085 seconds
2016-04-18T19:21:15.313+0200: 7.927: Total time for which application threads were stopped: 0.0000269 seconds, Stopping threads took: 0.0000069 seconds
2016-04-18T19:21:15.313+0200: 7.927: Total time for which application threads were stopped: 0.0000263 seconds, Stopping threads took: 0.0000066 seconds
2016-04-18T19:21:15.313+0200: 7.927: Total time for which application threads were stopped: 0.0000260 seconds, Stopping threads took: 0.0000063 seconds
2016-04-18T19:21:15.313+0200: 7.928: Total time for which application threads were stopped: 0.0000263 seconds, Stopping threads took: 0.0000066 seconds
2016-04-18T19:21:15.314+0200: 7.928: Total time for which application threads were stopped: 0.0000341 seconds, Stopping threads took: 0.0000097 seconds
2016-04-18T19:21:15.314+0200: 7.928: Total time for which application threads were stopped: 0.0000302 seconds, Stopping threads took: 0.0000078 seconds
2016-04-18T19:21:15.314+0200: 7.928: Total time for which application threads were stopped: 0.0000266 seconds, Stopping threads took: 0.0000066 seconds
2016-04-18T19:21:15.314+0200: 7.928: Total time for which application threads were stopped: 0.0000269 seconds, Stopping threads took: 0.0000069 seconds
2016-04-18T19:21:15.314+0200: 7.929: Total time for which application threads were stopped: 0.0000266 seconds, Stopping threads took: 0.0000066 seconds
2016-04-18T19:21:15.314+0200: 7.929: Total time for which application threads were stopped: 0.0000266 seconds, Stopping threads took: 0.0000069 seconds
2016-04-18T19:21:15.314+0200: 7.929: Total time for which application threads were stopped: 0.0000266 seconds, Stopping threads took: 0.0000066 seconds
2016-04-18T19:21:15.315+0200: 7.929: Total time for which application threads were stopped: 0.0000371 seconds, Stopping threads took: 0.0000109 seconds
2016-04-18T19:21:15.324+0200: 7.938: Total time for which application threads were stopped: 0.0000646 seconds, Stopping threads took: 0.0000211 seconds
2016-04-18T19:21:15.324+0200: 7.939: Total time for which application threads were stopped: 0.0000389 seconds, Stopping threads took: 0.0000130 seconds
2016-04-18T19:21:15.326+0200: 7.940: Total time for which application threads were stopped: 0.0000567 seconds, Stopping threads took: 0.0000151 seconds
2016-04-18T19:21:15.326+0200: 7.940: Total time for which application threads were stopped: 0.0000329 seconds, Stopping threads took: 0.0000109 seconds
2016-04-18T19:21:15.329+0200: 7.943: Total time for which application threads were stopped: 0.0000465 seconds, Stopping threads took: 0.0000133 seconds
2016-04-18T19:21:15.329+0200: 7.943: Total time for which application threads were stopped: 0.0000344 seconds, Stopping threads took: 0.0000094 seconds
2016-04-18T19:21:15.404+0200: 8.018: Total time for which application threads were stopped: 0.0000649 seconds, Stopping threads took: 0.0000172 seconds
2016-04-18T19:21:15.404+0200: 8.019: Total time for which application threads were stopped: 0.0000408 seconds, Stopping threads took: 0.0000184 seconds
2016-04-18T19:21:15.412+0200: 8.026: Total time for which application threads were stopped: 0.0001681 seconds, Stopping threads took: 0.0000130 seconds
2016-04-18T19:21:15.567+0200: 8.181: Total time for which application threads were stopped: 0.0001331 seconds, Stopping threads took: 0.0000211 seconds
2016-04-18T19:21:15.592+0200: 8.206: Total time for which application threads were stopped: 0.0000957 seconds, Stopping threads took: 0.0000284 seconds
2016-04-18T19:21:15.599+0200: 8.214: Total time for which application threads were stopped: 0.0002533 seconds, Stopping threads took: 0.0000220 seconds
2016-04-18T19:21:15.618+0200: 8.233: Total time for which application threads were stopped: 0.0002874 seconds, Stopping threads took: 0.0000229 seconds
2016-04-18T19:21:15.668+0200: 8.282: Total time for which application threads were stopped: 0.0001090 seconds, Stopping threads took: 0.0000278 seconds
2016-04-18T19:21:15.689+0200: 8.303: Total time for which application threads were stopped: 0.0002641 seconds, Stopping threads took: 0.0000205 seconds
2016-04-18T19:21:15.725+0200: 8.339: Total time for which application threads were stopped: 0.0001075 seconds, Stopping threads took: 0.0000423 seconds
{Heap before GC invocations=1 (full 0):
 par new generation   total 109248K, used 99045K [0x00000000e0000000, 0x00000000e8000000, 0x00000000e8000000)
  eden space 87424K, 100% used [0x00000000e0000000, 0x00000000e5560000, 0x00000000e5560000)
  from space 21824K,  53% used [0x00000000e6ab0000, 0x00000000e76095b8, 0x00000000e8000000)
  to   space 21824K,   0% used [0x00000000e5560000, 0x00000000e5560000, 0x00000000e6ab0000)
 concurrent mark-sweep generation total 393216K, used 0K [0x00000000e8000000, 0x0000000100000000, 0x0000000100000000)
 Metaspace       used 21914K, capacity 22188K, committed 22548K, reserved 1069056K
  class space    used 2660K, capacity 2794K, committed 2816K, reserved 1048576K
2016-04-18T19:21:15.733+0200: 8.346: [GC (Allocation Failure) 2016-04-18T19:21:15.733+0200: 8.347: [ParNew
Desired survivor size 20112992 bytes, new threshold 8 (max 8)
- age   1:    4418104 bytes,    4418104 total
- age   2:    5466008 bytes,    9884112 total
: 99045K->14240K(109248K), 0.0082918 secs] 99045K->14240K(502464K), 0.0083884 secs] [Times: user=0.03 sys=0.00, real=0.01 secs] 
Heap after GC invocations=2 (full 0):
 par new generation   total 109248K, used 14240K [0x00000000e0000000, 0x00000000e8000000, 0x00000000e8000000)
  eden space 87424K,   0% used [0x00000000e0000000, 0x00000000e0000000, 0x00000000e5560000)
  from space 21824K,  65% used [0x00000000e5560000, 0x00000000e6348240, 0x00000000e6ab0000)
  to   space 21824K,   0% used [0x00000000e6ab0000, 0x00000000e6ab0000, 0x00000000e8000000)
 concurrent mark-sweep generation total 393216K, used 0K [0x00000000e8000000, 0x0000000100000000, 0x0000000100000000)
 Metaspace       used 21914K, capacity 22188K, committed 22548K, reserved 1069056K
  class space    used 2660K, capacity 2794K, committed 2816K, reserved 1048576K
}
2016-04-18T19:21:15.741+0200: 8.355: Total time for which application threads were stopped: 0.0085940 seconds, Stopping threads took: 0.0000281 seconds
2016-04-18T19:21:15.741+0200: 8.355: [GC (CMS Initial Mark) [1 CMS-initial-mark: 0K(393216K)] 15325K(502464K), 0.0016654 secs] [Times: user=0.00 sys=0.00, real=0.00 secs] 
2016-04-18T19:21:15.743+0200: 8.357: Total time for which application threads were stopped: 0.0017985 seconds, Stopping threads took: 0.0000456 seconds
2016-04-18T19:21:15.743+0200: 8.357: [CMS-concurrent-mark-start]
2016-04-18T19:21:15.743+0200: 8.357: [CMS-concurrent-mark: 0.000/0.000 secs] [Times: user=0.00 sys=0.00, real=0.00 secs] 
2016-04-18T19:21:15.743+0200: 8.357: [CMS-concurrent-preclean-start]
2016-04-18T19:21:15.744+0200: 8.358: [CMS-concurrent-preclean: 0.001/0.001 secs] [Times: user=0.00 sys=0.00, real=0.00 secs] 
2016-04-18T19:21:15.744+0200: 8.358: Total time for which application threads were stopped: 0.0001171 seconds, Stopping threads took: 0.0000408 seconds
2016-04-18T19:21:15.744+0200: 8.358: [GC (CMS Final Remark) [YG occupancy: 15325 K (109248 K)]{Heap before GC invocations=2 (full 1):
 par new generation   total 109248K, used 15325K [0x00000000e0000000, 0x00000000e8000000, 0x00000000e8000000)
  eden space 87424K,   1% used [0x00000000e0000000, 0x00000000e010f1c0, 0x00000000e5560000)
  from space 21824K,  65% used [0x00000000e5560000, 0x00000000e6348240, 0x00000000e6ab0000)
  to   space 21824K,   0% used [0x00000000e6ab0000, 0x00000000e6ab0000, 0x00000000e8000000)
 concurrent mark-sweep generation total 393216K, used 0K [0x00000000e8000000, 0x0000000100000000, 0x0000000100000000)
 Metaspace       used 21914K, capacity 22188K, committed 22548K, reserved 1069056K
  class space    used 2660K, capacity 2794K, committed 2816K, reserved 1048576K
2016-04-18T19:21:15.744+0200: 8.358: [GC (CMS Final Remark) 2016-04-18T19:21:15.744+0200: 8.358: [ParNew
Desired survivor size 20112992 bytes, new threshold 8 (max 8)
- age   1:     143904 bytes,     143904 total
- age   2:    3460936 bytes,    3604840 total
- age   3:    5465984 bytes,    9070824 total
: 15325K->10799K(109248K), 0.0069434 secs] 15325K->10799K(502464K), 0.0069926 secs] [Times: user=0.00 sys=0.00, real=0.01 secs] 
Heap after GC invocations=3 (full 1):
 par new generation   total 109248K, used 10799K [0x00000000e0000000, 0x00000000e8000000, 0x00000000e8000000)
  eden space 87424K,   0% used [0x00000000e0000000, 0x00000000e0000000, 0x00000000e5560000)
  from space 21824K,  49% used [0x00000000e6ab0000, 0x00000000e753bdc0, 0x00000000e8000000)
  to   space 21824K,   0% used [0x00000000e5560000, 0x00000000e5560000, 0x00000000e6ab0000)
 concurrent mark-sweep generation total 393216K, used 0K [0x00000000e8000000, 0x0000000100000000, 0x0000000100000000)
 Metaspace       used 21914K, capacity 22188K, committed 22548K, reserved 1069056K
  class space    used 2660K, capacity 2794K, committed 2816K, reserved 1048576K
}
2016-04-18T19:21:15.751+0200: 8.365: [Rescan (parallel) , 0.0020360 secs]2016-04-18T19:21:15.753+0200: 8.367: [weak refs processing, 0.0002445 secs]2016-04-18T19:21:15.753+0200: 8.368: [class unloading, 0.0024910 secs]2016-04-18T19:21:15.756+0200: 8.370: [scrub symbol table, 0.0025124 secs]2016-04-18T19:21:15.758+0200: 8.373: [scrub string table, 0.0003025 secs][1 CMS-remark: 0K(393216K)] 10799K(502464K), 0.0153813 secs] [Times: user=0.03 sys=0.00, real=0.02 secs] 
2016-04-18T19:21:15.759+0200: 8.374: Total time for which application threads were stopped: 0.0154879 seconds, Stopping threads took: 0.0000362 seconds
2016-04-18T19:21:15.759+0200: 8.374: [CMS-concurrent-sweep-start]
2016-04-18T19:21:15.759+0200: 8.374: [CMS-concurrent-sweep: 0.000/0.000 secs] [Times: user=0.00 sys=0.00, real=0.00 secs] 
2016-04-18T19:21:15.759+0200: 8.374: [CMS-concurrent-reset-start]
2016-04-18T19:21:15.761+0200: 8.376: [CMS-concurrent-reset: 0.002/0.002 secs] [Times: user=0.00 sys=0.00, real=0.00 secs] 
2016-04-18T19:21:15.862+0200: 8.477: Total time for which application threads were stopped: 0.0001325 seconds, Stopping threads took: 0.0000444 seconds
{Heap before GC invocations=3 (full 1):
 par new generation   total 109248K, used 98223K [0x00000000e0000000, 0x00000000e8000000, 0x00000000e8000000)
  eden space 87424K, 100% used [0x00000000e0000000, 0x00000000e5560000, 0x00000000e5560000)
  from space 21824K,  49% used [0x00000000e6ab0000, 0x00000000e753bdc0, 0x00000000e8000000)
  to   space 21824K,   0% used [0x00000000e5560000, 0x00000000e5560000, 0x00000000e6ab0000)
 concurrent mark-sweep generation total 393216K, used 0K [0x00000000e8000000, 0x0000000100000000, 0x0000000100000000)
 Metaspace       used 22826K, capacity 23114K, committed 23424K, reserved 1069056K
  class space    used 2786K, capacity 2927K, committed 2944K, reserved 1048576K
2016-04-18T19:21:15.900+0200: 8.514: [GC (Allocation Failure) 2016-04-18T19:21:15.900+0200: 8.515: [ParNew
Desired survivor size 20112992 bytes, new threshold 8 (max 8)
- age   1:    1031544 bytes,    1031544 total
- age   2:        400 bytes,    1031944 total
- age   3:    1847016 bytes,    2878960 total
- age   4:    5463800 bytes,    8342760 total
: 98223K->13988K(109248K), 0.0064019 secs] 98223K->13988K(502464K), 0.0065175 secs] [Times: user=0.00 sys=0.00, real=0.01 secs] 
Heap after GC invocations=4 (full 1):
 par new generation   total 109248K, used 13988K [0x00000000e0000000, 0x00000000e8000000, 0x00000000e8000000)
  eden space 87424K,   0% used [0x00000000e0000000, 0x00000000e0000000, 0x00000000e5560000)
  from space 21824K,  64% used [0x00000000e5560000, 0x00000000e6309360, 0x00000000e6ab0000)
  to   space 21824K,   0% used [0x00000000e6ab0000, 0x00000000e6ab0000, 0x00000000e8000000)
 concurrent mark-sweep generation total 393216K, used 0K [0x00000000e8000000, 0x0000000100000000, 0x0000000100000000)
 Metaspace       used 22826K, capacity 23114K, committed 23424K, reserved 1069056K
  class space    used 2786K, capacity 2927K, committed 2944K, reserved 1048576K
}
2016-04-18T19:21:15.907+0200: 8.521: Total time for which application threads were stopped: 0.0066956 seconds, Stopping threads took: 0.0000214 seconds
2016-04-18T19:21:15.908+0200: 8.521: Total time for which application threads were stopped: 0.0000884 seconds, Stopping threads took: 0.0000190 seconds
2016-04-18T19:21:15.908+0200: 8.522: Total time for which application threads were stopped: 0.0000510 seconds, Stopping threads took: 0.0000142 seconds
2016-04-18T19:21:15.908+0200: 8.522: Total time for which application threads were stopped: 0.0000456 seconds, Stopping threads took: 0.0000160 seconds
2016-04-18T19:21:15.977+0200: 8.591: Total time for which application threads were stopped: 0.0000960 seconds, Stopping threads took: 0.0000193 seconds
2016-04-18T19:21:15.982+0200: 8.595: Total time for which application threads were stopped: 0.0000622 seconds, Stopping threads took: 0.0000124 seconds
2016-04-18T19:21:15.983+0200: 8.597: Total time for which application threads were stopped: 0.0000444 seconds, Stopping threads took: 0.0000088 seconds
2016-04-18T19:21:15.984+0200: 8.597: Total time for which application threads were stopped: 0.0000583 seconds, Stopping threads took: 0.0000169 seconds
2016-04-18T19:21:16.035+0200: 8.649: Total time for which application threads were stopped: 0.0002919 seconds, Stopping threads took: 0.0000160 seconds
2016-04-18T19:21:16.114+0200: 8.728: Total time for which application threads were stopped: 0.0001346 seconds, Stopping threads took: 0.0000335 seconds
2016-04-18T19:21:16.155+0200: 8.769: Total time for which application threads were stopped: 0.0003480 seconds, Stopping threads took: 0.0000217 seconds
2016-04-18T19:21:16.165+0200: 8.779: Total time for which application threads were stopped: 0.0002877 seconds, Stopping threads took: 0.0000154 seconds
2016-04-18T19:21:16.233+0200: 8.847: Total time for which application threads were stopped: 0.0001093 seconds, Stopping threads took: 0.0000272 seconds
2016-04-18T19:21:16.234+0200: 8.848: Total time for which application threads were stopped: 0.0001150 seconds, Stopping threads took: 0.0000558 seconds
2016-04-18T19:21:16.337+0200: 8.951: Total time for which application threads were stopped: 0.0001093 seconds, Stopping threads took: 0.0000269 seconds
{Heap before GC invocations=4 (full 1):
 par new generation   total 109248K, used 101412K [0x00000000e0000000, 0x00000000e8000000, 0x00000000e8000000)
  eden space 87424K, 100% used [0x00000000e0000000, 0x00000000e5560000, 0x00000000e5560000)
  from space 21824K,  64% used [0x00000000e5560000, 0x00000000e6309360, 0x00000000e6ab0000)
  to   space 21824K,   0% used [0x00000000e6ab0000, 0x00000000e6ab0000, 0x00000000e8000000)
 concurrent mark-sweep generation total 393216K, used 0K [0x00000000e8000000, 0x0000000100000000, 0x0000000100000000)
 Metaspace       used 26692K, capacity 27072K, committed 27520K, reserved 1073152K
  class space    used 3264K, capacity 3396K, committed 3456K, reserved 1048576K
2016-04-18T19:21:16.351+0200: 8.965: [GC (Allocation Failure) 2016-04-18T19:21:16.351+0200: 8.965: [ParNew
Desired survivor size 20112992 bytes, new threshold 8 (max 8)
- age   1:    4601544 bytes,    4601544 total
- age   2:     333248 bytes,    4934792 total
- age   3:        376 bytes,    4935168 total
- age   4:    1133776 bytes,    6068944 total
- age   5:    5448856 bytes,   11517800 total
: 101412K->13112K(109248K), 0.0086869 secs] 101412K->13112K(502464K), 0.0087709 secs] [Times: user=0.00 sys=0.00, real=0.01 secs] 
Heap after GC invocations=5 (full 1):
 par new generation   total 109248K, used 13112K [0x00000000e0000000, 0x00000000e8000000, 0x00000000e8000000)
  eden space 87424K,   0% used [0x00000000e0000000, 0x00000000e0000000, 0x00000000e5560000)
  from space 21824K,  60% used [0x00000000e6ab0000, 0x00000000e777e358, 0x00000000e8000000)
  to   space 21824K,   0% used [0x00000000e5560000, 0x00000000e5560000, 0x00000000e6ab0000)
 concurrent mark-sweep generation total 393216K, used 0K [0x00000000e8000000, 0x0000000100000000, 0x0000000100000000)
 Metaspace       used 26692K, capacity 27072K, committed 27520K, reserved 1073152K
  class space    used 3264K, capacity 3396K, committed 3456K, reserved 1048576K
}
2016-04-18T19:21:16.360+0200: 8.973: Total time for which application threads were stopped: 0.0089520 seconds, Stopping threads took: 0.0000251 seconds
2016-04-18T19:21:16.455+0200: 9.069: Total time for which application threads were stopped: 0.0001452 seconds, Stopping threads took: 0.0000238 seconds
2016-04-18T19:21:16.536+0200: 9.150: Total time for which application threads were stopped: 0.0001479 seconds, Stopping threads took: 0.0000257 seconds
2016-04-18T19:21:16.536+0200: 9.150: Total time for which application threads were stopped: 0.0000785 seconds, Stopping threads took: 0.0000112 seconds
2016-04-18T19:21:16.536+0200: 9.150: Total time for which application threads were stopped: 0.0000734 seconds, Stopping threads took: 0.0000205 seconds
2016-04-18T19:21:16.536+0200: 9.150: Total time for which application threads were stopped: 0.0000676 seconds, Stopping threads took: 0.0000181 seconds
2016-04-18T19:21:16.546+0200: 9.160: Total time for which application threads were stopped: 0.0001108 seconds, Stopping threads took: 0.0000341 seconds
2016-04-18T19:21:16.546+0200: 9.160: Total time for which application threads were stopped: 0.0000456 seconds, Stopping threads took: 0.0000124 seconds
2016-04-18T19:21:16.549+0200: 9.163: Total time for which application threads were stopped: 0.0000727 seconds, Stopping threads took: 0.0000208 seconds
2016-04-18T19:21:16.549+0200: 9.163: Total time for which application threads were stopped: 0.0000507 seconds, Stopping threads took: 0.0000142 seconds
2016-04-18T19:21:17.550+0200: 10.163: Total time for which application threads were stopped: 0.0001223 seconds, Stopping threads took: 0.0000465 seconds
2016-04-18T19:21:24.209+0200: 16.823: Total time for which application threads were stopped: 0.0001570 seconds, Stopping threads took: 0.0000199 seconds
2016-04-18T19:21:24.210+0200: 16.824: Total time for which application threads were stopped: 0.0000694 seconds, Stopping threads took: 0.0000287 seconds
2016-04-18T19:21:24.385+0200: 16.999: Total time for which application threads were stopped: 0.0003628 seconds, Stopping threads took: 0.0000193 seconds
2016-04-18T19:21:24.439+0200: 17.053: Total time for which application threads were stopped: 0.0001373 seconds, Stopping threads took: 0.0000302 seconds
2016-04-18T19:21:24.617+0200: 17.232: Total time for which application threads were stopped: 0.0001576 seconds, Stopping threads took: 0.0000235 seconds
{Heap before GC invocations=5 (full 1):
 par new generation   total 109248K, used 100536K [0x00000000e0000000, 0x00000000e8000000, 0x00000000e8000000)
  eden space 87424K, 100% used [0x00000000e0000000, 0x00000000e5560000, 0x00000000e5560000)
  from space 21824K,  60% used [0x00000000e6ab0000, 0x00000000e777e358, 0x00000000e8000000)
  to   space 21824K,   0% used [0x00000000e5560000, 0x00000000e5560000, 0x00000000e6ab0000)
 concurrent mark-sweep generation total 393216K, used 0K [0x00000000e8000000, 0x0000000100000000, 0x0000000100000000)
 Metaspace       used 29839K, capacity 30216K, committed 30720K, reserved 1077248K
  class space    used 3569K, capacity 3718K, committed 3840K, reserved 1048576K
2016-04-18T19:21:24.848+0200: 17.462: [GC (Allocation Failure) 2016-04-18T19:21:24.848+0200: 17.462: [ParNew
Desired survivor size 20112992 bytes, new threshold 6 (max 8)
- age   1:   13718664 bytes,   13718664 total
- age   2:     991432 bytes,   14710096 total
- age   3:     330360 bytes,   15040456 total
- age   4:        376 bytes,   15040832 total
- age   5:    1094016 bytes,   16134848 total
- age   6:    5390720 bytes,   21525568 total
: 100536K->21824K(109248K), 0.0116394 secs] 100536K->22634K(502464K), 0.0117240 secs] [Times: user=0.06 sys=0.00, real=0.01 secs] 
Heap after GC invocations=6 (full 1):
 par new generation   total 109248K, used 21824K [0x00000000e0000000, 0x00000000e8000000, 0x00000000e8000000)
  eden space 87424K,   0% used [0x00000000e0000000, 0x00000000e0000000, 0x00000000e5560000)
  from space 21824K, 100% used [0x00000000e5560000, 0x00000000e6ab0000, 0x00000000e6ab0000)
  to   space 21824K,   0% used [0x00000000e6ab0000, 0x00000000e6ab0000, 0x00000000e8000000)
 concurrent mark-sweep generation total 393216K, used 810K [0x00000000e8000000, 0x0000000100000000, 0x0000000100000000)
 Metaspace       used 29839K, capacity 30216K, committed 30720K, reserved 1077248K
  class space    used 3569K, capacity 3718K, committed 3840K, reserved 1048576K
}
2016-04-18T19:21:24.860+0200: 17.474: Total time for which application threads were stopped: 0.0119476 seconds, Stopping threads took: 0.0000238 seconds
2016-04-18T19:21:24.860+0200: 17.475: Total time for which application threads were stopped: 0.0001340 seconds, Stopping threads took: 0.0000404 seconds
2016-04-18T19:21:24.861+0200: 17.475: Total time for which application threads were stopped: 0.0000860 seconds, Stopping threads took: 0.0000245 seconds
{Heap before GC invocations=6 (full 1):
 par new generation   total 109248K, used 109248K [0x00000000e0000000, 0x00000000e8000000, 0x00000000e8000000)
  eden space 87424K, 100% used [0x00000000e0000000, 0x00000000e5560000, 0x00000000e5560000)
  from space 21824K, 100% used [0x00000000e5560000, 0x00000000e6ab0000, 0x00000000e6ab0000)
  to   space 21824K,   0% used [0x00000000e6ab0000, 0x00000000e6ab0000, 0x00000000e8000000)
 concurrent mark-sweep generation total 393216K, used 810K [0x00000000e8000000, 0x0000000100000000, 0x0000000100000000)
 Metaspace       used 29856K, capacity 30216K, committed 30720K, reserved 1077248K
  class space    used 3569K, capacity 3718K, committed 3840K, reserved 1048576K
2016-04-18T19:21:25.265+0200: 17.879: [GC (Allocation Failure) 2016-04-18T19:21:25.265+0200: 17.879: [ParNew
Desired survivor size 20112992 bytes, new threshold 8 (max 8)
- age   1:    8660664 bytes,    8660664 total
- age   2:    7790536 bytes,   16451200 total
- age   3:     991064 bytes,   17442264 total
- age   4:     330360 bytes,   17772624 total
- age   5:        376 bytes,   17773000 total
- age   6:     681792 bytes,   18454792 total
: 109248K->21824K(109248K), 0.0189849 secs] 110058K->32097K(502464K), 0.0190561 secs] [Times: user=0.06 sys=0.00, real=0.02 secs] 
Heap after GC invocations=7 (full 1):
 par new generation   total 109248K, used 21824K [0x00000000e0000000, 0x00000000e8000000, 0x00000000e8000000)
  eden space 87424K,   0% used [0x00000000e0000000, 0x00000000e0000000, 0x00000000e5560000)
  from space 21824K, 100% used [0x00000000e6ab0000, 0x00000000e8000000, 0x00000000e8000000)
  to   space 21824K,   0% used [0x00000000e5560000, 0x00000000e5560000, 0x00000000e6ab0000)
 concurrent mark-sweep generation total 393216K, used 10273K [0x00000000e8000000, 0x0000000100000000, 0x0000000100000000)
 Metaspace       used 29856K, capacity 30216K, committed 30720K, reserved 1077248K
  class space    used 3569K, capacity 3718K, committed 3840K, reserved 1048576K
}
2016-04-18T19:21:25.284+0200: 17.898: Total time for which application threads were stopped: 0.0192511 seconds, Stopping threads took: 0.0000220 seconds
{Heap before GC invocations=7 (full 1):
 par new generation   total 109248K, used 109248K [0x00000000e0000000, 0x00000000e8000000, 0x00000000e8000000)
  eden space 87424K, 100% used [0x00000000e0000000, 0x00000000e5560000, 0x00000000e5560000)
  from space 21824K, 100% used [0x00000000e6ab0000, 0x00000000e8000000, 0x00000000e8000000)
  to   space 21824K,   0% used [0x00000000e5560000, 0x00000000e5560000, 0x00000000e6ab0000)
 concurrent mark-sweep generation total 393216K, used 10273K [0x00000000e8000000, 0x0000000100000000, 0x0000000100000000)
 Metaspace       used 29879K, capacity 30216K, committed 30720K, reserved 1077248K
  class space    used 3569K, capacity 3718K, committed 3840K, reserved 1048576K
2016-04-18T19:21:25.653+0200: 18.267: [GC (Allocation Failure) 2016-04-18T19:21:25.653+0200: 18.267: [ParNew
Desired survivor size 20112992 bytes, new threshold 3 (max 8)
- age   1:    8941952 bytes,    8941952 total
- age   2:    4148328 bytes,   13090280 total
- age   3:    7236848 bytes,   20327128 total
- age   4:     974192 bytes,   21301320 total
- age   5:     260272 bytes,   21561592 total
- age   6:        376 bytes,   21561968 total
- age   7:     679424 bytes,   22241392 total
: 109248K->21824K(109248K), 0.0132758 secs] 119521K->37868K(502464K), 0.0133646 secs] [Times: user=0.09 sys=0.00, real=0.01 secs] 
Heap after GC invocations=8 (full 1):
 par new generation   total 109248K, used 21824K [0x00000000e0000000, 0x00000000e8000000, 0x00000000e8000000)
  eden space 87424K,   0% used [0x00000000e0000000, 0x00000000e0000000, 0x00000000e5560000)
  from space 21824K, 100% used [0x00000000e5560000, 0x00000000e6ab0000, 0x00000000e6ab0000)
  to   space 21824K,   0% used [0x00000000e6ab0000, 0x00000000e6ab0000, 0x00000000e8000000)
 concurrent mark-sweep generation total 393216K, used 16044K [0x00000000e8000000, 0x0000000100000000, 0x0000000100000000)
 Metaspace       used 29879K, capacity 30216K, committed 30720K, reserved 1077248K
  class space    used 3569K, capacity 3718K, committed 3840K, reserved 1048576K
}
2016-04-18T19:21:25.667+0200: 18.281: Total time for which application threads were stopped: 0.0135732 seconds, Stopping threads took: 0.0000272 seconds
{Heap before GC invocations=8 (full 1):
 par new generation   total 109248K, used 109248K [0x00000000e0000000, 0x00000000e8000000, 0x00000000e8000000)
  eden space 87424K, 100% used [0x00000000e0000000, 0x00000000e5560000, 0x00000000e5560000)
  from space 21824K, 100% used [0x00000000e5560000, 0x00000000e6ab0000, 0x00000000e6ab0000)
  to   space 21824K,   0% used [0x00000000e6ab0000, 0x00000000e6ab0000, 0x00000000e8000000)
 concurrent mark-sweep generation total 393216K, used 16044K [0x00000000e8000000, 0x0000000100000000, 0x0000000100000000)
 Metaspace       used 29905K, capacity 30216K, committed 30720K, reserved 1077248K
  class space    used 3569K, capacity 3718K, committed 3840K, reserved 1048576K
2016-04-18T19:21:26.022+0200: 18.636: [GC (Allocation Failure) 2016-04-18T19:21:26.022+0200: 18.636: [ParNew
Desired survivor size 20112992 bytes, new threshold 8 (max 8)
- age   1:   12017808 bytes,   12017808 total
- age   2:    2310360 bytes,   14328168 total
- age   3:    1406328 bytes,   15734496 total
: 109248K->21824K(109248K), 0.0162434 secs] 125292K->56394K(502464K), 0.0163131 secs] [Times: user=0.02 sys=0.00, real=0.02 secs] 
Heap after GC invocations=9 (full 1):
 par new generation   total 109248K, used 21824K [0x00000000e0000000, 0x00000000e8000000, 0x00000000e8000000)
  eden space 87424K,   0% used [0x00000000e0000000, 0x00000000e0000000, 0x00000000e5560000)
  from space 21824K, 100% used [0x00000000e6ab0000, 0x00000000e8000000, 0x00000000e8000000)
  to   space 21824K,   0% used [0x00000000e5560000, 0x00000000e5560000, 0x00000000e6ab0000)
 concurrent mark-sweep generation total 393216K, used 34570K [0x00000000e8000000, 0x0000000100000000, 0x0000000100000000)
 Metaspace       used 29905K, capacity 30216K, committed 30720K, reserved 1077248K
  class space    used 3569K, capacity 3718K, committed 3840K, reserved 1048576K
}
2016-04-18T19:21:26.038+0200: 18.652: Total time for which application threads were stopped: 0.0164970 seconds, Stopping threads took: 0.0000199 seconds
{Heap before GC invocations=9 (full 1):
 par new generation   total 109248K, used 109248K [0x00000000e0000000, 0x00000000e8000000, 0x00000000e8000000)
  eden space 87424K, 100% used [0x00000000e0000000, 0x00000000e5560000, 0x00000000e5560000)
  from space 21824K, 100% used [0x00000000e6ab0000, 0x00000000e8000000, 0x00000000e8000000)
  to   space 21824K,   0% used [0x00000000e5560000, 0x00000000e5560000, 0x00000000e6ab0000)
 concurrent mark-sweep generation total 393216K, used 34570K [0x00000000e8000000, 0x0000000100000000, 0x0000000100000000)
 Metaspace       used 29935K, capacity 30280K, committed 30720K, reserved 1077248K
  class space    used 3569K, capacity 3718K, committed 3840K, reserved 1048576K
2016-04-18T19:21:26.397+0200: 19.010: [GC (Allocation Failure) 2016-04-18T19:21:26.397+0200: 19.010: [ParNew
Desired survivor size 20112992 bytes, new threshold 3 (max 8)
- age   1:   14015640 bytes,   14015640 total
- age   2:    4960392 bytes,   18976032 total
- age   3:    2049440 bytes,   21025472 total
- age   4:    1206880 bytes,   22232352 total
: 109248K->21824K(109248K), 0.0124526 secs] 143818K->60966K(502464K), 0.0125870 secs] [Times: user=0.00 sys=0.00, real=0.01 secs] 
Heap after GC invocations=10 (full 1):
 par new generation   total 109248K, used 21824K [0x00000000e0000000, 0x00000000e8000000, 0x00000000e8000000)
  eden space 87424K,   0% used [0x00000000e0000000, 0x00000000e0000000, 0x00000000e5560000)
  from space 21824K, 100% used [0x00000000e5560000, 0x00000000e6ab0000, 0x00000000e6ab0000)
  to   space 21824K,   0% used [0x00000000e6ab0000, 0x00000000e6ab0000, 0x00000000e8000000)
 concurrent mark-sweep generation total 393216K, used 39142K [0x00000000e8000000, 0x0000000100000000, 0x0000000100000000)
 Metaspace       used 29935K, capacity 30280K, committed 30720K, reserved 1077248K
  class space    used 3569K, capacity 3718K, committed 3840K, reserved 1048576K
}
2016-04-18T19:21:26.409+0200: 19.023: Total time for which application threads were stopped: 0.0127756 seconds, Stopping threads took: 0.0000293 seconds
{Heap before GC invocations=10 (full 1):
 par new generation   total 109248K, used 109058K [0x00000000e0000000, 0x00000000e8000000, 0x00000000e8000000)
  eden space 87424K,  99% used [0x00000000e0000000, 0x00000000e55308b0, 0x00000000e5560000)
  from space 21824K, 100% used [0x00000000e5560000, 0x00000000e6ab0000, 0x00000000e6ab0000)
  to   space 21824K,   0% used [0x00000000e6ab0000, 0x00000000e6ab0000, 0x00000000e8000000)
 concurrent mark-sweep generation total 393216K, used 39142K [0x00000000e8000000, 0x0000000100000000, 0x0000000100000000)
 Metaspace       used 29943K, capacity 30280K, committed 30720K, reserved 1077248K
  class space    used 3569K, capacity 3718K, committed 3840K, reserved 1048576K
2016-04-18T19:21:26.750+0200: 19.364: [GC (Allocation Failure) 2016-04-18T19:21:26.750+0200: 19.364: [ParNew
Desired survivor size 20112992 bytes, new threshold 3 (max 8)
- age   1:   13179376 bytes,   13179376 total
- age   2:    5071656 bytes,   18251032 total
- age   3:    3818440 bytes,   22069472 total
: 109058K->21824K(109248K), 0.0137380 secs] 148200K->75106K(502464K), 0.0138110 secs] [Times: user=0.03 sys=0.03, real=0.01 secs] 
Heap after GC invocations=11 (full 1):
 par new generation   total 109248K, used 21824K [0x00000000e0000000, 0x00000000e8000000, 0x00000000e8000000)
  eden space 87424K,   0% used [0x00000000e0000000, 0x00000000e0000000, 0x00000000e5560000)
  from space 21824K, 100% used [0x00000000e6ab0000, 0x00000000e8000000, 0x00000000e8000000)
  to   space 21824K,   0% used [0x00000000e5560000, 0x00000000e5560000, 0x00000000e6ab0000)
 concurrent mark-sweep generation total 393216K, used 53282K [0x00000000e8000000, 0x0000000100000000, 0x0000000100000000)
 Metaspace       used 29943K, capacity 30280K, committed 30720K, reserved 1077248K
  class space    used 3569K, capacity 3718K, committed 3840K, reserved 1048576K
}
2016-04-18T19:21:26.764+0200: 19.378: Total time for which application threads were stopped: 0.0141005 seconds, Stopping threads took: 0.0000272 seconds
{Heap before GC invocations=11 (full 1):
 par new generation   total 109248K, used 109248K [0x00000000e0000000, 0x00000000e8000000, 0x00000000e8000000)
  eden space 87424K, 100% used [0x00000000e0000000, 0x00000000e5560000, 0x00000000e5560000)
  from space 21824K, 100% used [0x00000000e6ab0000, 0x00000000e8000000, 0x00000000e8000000)
  to   space 21824K,   0% used [0x00000000e5560000, 0x00000000e5560000, 0x00000000e6ab0000)
 concurrent mark-sweep generation total 393216K, used 53282K [0x00000000e8000000, 0x0000000100000000, 0x0000000100000000)
 Metaspace       used 29945K, capacity 30280K, committed 30720K, reserved 1077248K
  class space    used 3570K, capacity 3718K, committed 3840K, reserved 1048576K
2016-04-18T19:21:27.082+0200: 19.695: [GC (Allocation Failure) 2016-04-18T19:21:27.082+0200: 19.696: [ParNew
Desired survivor size 20112992 bytes, new threshold 3 (max 8)
- age   1:   11053368 bytes,   11053368 total
- age   2:    4765712 bytes,   15819080 total
- age   3:    4569632 bytes,   20388712 total
: 109248K->21824K(109248K), 0.0110318 secs] 162530K->88753K(502464K), 0.0111015 secs] [Times: user=0.06 sys=0.00, real=0.01 secs] 
Heap after GC invocations=12 (full 1):
 par new generation   total 109248K, used 21824K [0x00000000e0000000, 0x00000000e8000000, 0x00000000e8000000)
  eden space 87424K,   0% used [0x00000000e0000000, 0x00000000e0000000, 0x00000000e5560000)
  from space 21824K, 100% used [0x00000000e5560000, 0x00000000e6ab0000, 0x00000000e6ab0000)
  to   space 21824K,   0% used [0x00000000e6ab0000, 0x00000000e6ab0000, 0x00000000e8000000)
 concurrent mark-sweep generation total 393216K, used 66929K [0x00000000e8000000, 0x0000000100000000, 0x0000000100000000)
 Metaspace       used 29945K, capacity 30280K, committed 30720K, reserved 1077248K
  class space    used 3570K, capacity 3718K, committed 3840K, reserved 1048576K
}
2016-04-18T19:21:27.093+0200: 19.707: Total time for which application threads were stopped: 0.0112757 seconds, Stopping threads took: 0.0000226 seconds
{Heap before GC invocations=12 (full 1):
 par new generation   total 109248K, used 109248K [0x00000000e0000000, 0x00000000e8000000, 0x00000000e8000000)
  eden space 87424K, 100% used [0x00000000e0000000, 0x00000000e5560000, 0x00000000e5560000)
  from space 21824K, 100% used [0x00000000e5560000, 0x00000000e6ab0000, 0x00000000e6ab0000)
  to   space 21824K,   0% used [0x00000000e6ab0000, 0x00000000e6ab0000, 0x00000000e8000000)
 concurrent mark-sweep generation total 393216K, used 66929K [0x00000000e8000000, 0x0000000100000000, 0x0000000100000000)
 Metaspace       used 29945K, capacity 30280K, committed 30720K, reserved 1077248K
  class space    used 3570K, capacity 3718K, committed 3840K, reserved 1048576K
2016-04-18T19:21:27.416+0200: 20.030: [GC (Allocation Failure) 2016-04-18T19:21:27.416+0200: 20.030: [ParNew
Desired survivor size 20112992 bytes, new threshold 3 (max 8)
- age   1:   14020328 bytes,   14020328 total
- age   2:    3227952 bytes,   17248280 total
- age   3:    4209264 bytes,   21457544 total
: 109248K->21824K(109248K), 0.0131844 secs] 176177K->103943K(502464K), 0.0132659 secs] [Times: user=0.00 sys=0.00, real=0.01 secs] 
Heap after GC invocations=13 (full 1):
 par new generation   total 109248K, used 21824K [0x00000000e0000000, 0x00000000e8000000, 0x00000000e8000000)
  eden space 87424K,   0% used [0x00000000e0000000, 0x00000000e0000000, 0x00000000e5560000)
  from space 21824K, 100% used [0x00000000e6ab0000, 0x00000000e8000000, 0x00000000e8000000)
  to   space 21824K,   0% used [0x00000000e5560000, 0x00000000e5560000, 0x00000000e6ab0000)
 concurrent mark-sweep generation total 393216K, used 82119K [0x00000000e8000000, 0x0000000100000000, 0x0000000100000000)
 Metaspace       used 29945K, capacity 30280K, committed 30720K, reserved 1077248K
  class space    used 3570K, capacity 3718K, committed 3840K, reserved 1048576K
}
2016-04-18T19:21:27.429+0200: 20.043: Total time for which application threads were stopped: 0.0134690 seconds, Stopping threads took: 0.0000414 seconds
{Heap before GC invocations=13 (full 1):
 par new generation   total 109248K, used 109248K [0x00000000e0000000, 0x00000000e8000000, 0x00000000e8000000)
  eden space 87424K, 100% used [0x00000000e0000000, 0x00000000e5560000, 0x00000000e5560000)
  from space 21824K, 100% used [0x00000000e6ab0000, 0x00000000e8000000, 0x00000000e8000000)
  to   space 21824K,   0% used [0x00000000e5560000, 0x00000000e5560000, 0x00000000e6ab0000)
 concurrent mark-sweep generation total 393216K, used 82119K [0x00000000e8000000, 0x0000000100000000, 0x0000000100000000)
 Metaspace       used 29946K, capacity 30280K, committed 30720K, reserved 1077248K
  class space    used 3570K, capacity 3718K, committed 3840K, reserved 1048576K
2016-04-18T19:21:27.769+0200: 20.383: [GC (Allocation Failure) 2016-04-18T19:21:27.769+0200: 20.383: [ParNew
Desired survivor size 20112992 bytes, new threshold 3 (max 8)
- age   1:   13553912 bytes,   13553912 total
- age   2:    6354672 bytes,   19908584 total
- age   3:    2472440 bytes,   22381024 total
: 109248K->21824K(109248K), 0.0143239 secs] 191367K->123248K(502464K), 0.0144099 secs] [Times: user=0.05 sys=0.01, real=0.01 secs] 
Heap after GC invocations=14 (full 1):
 par new generation   total 109248K, used 21824K [0x00000000e0000000, 0x00000000e8000000, 0x00000000e8000000)
  eden space 87424K,   0% used [0x00000000e0000000, 0x00000000e0000000, 0x00000000e5560000)
  from space 21824K, 100% used [0x00000000e5560000, 0x00000000e6ab0000, 0x00000000e6ab0000)
  to   space 21824K,   0% used [0x00000000e6ab0000, 0x00000000e6ab0000, 0x00000000e8000000)
 concurrent mark-sweep generation total 393216K, used 101424K [0x00000000e8000000, 0x0000000100000000, 0x0000000100000000)
 Metaspace       used 29946K, capacity 30280K, committed 30720K, reserved 1077248K
  class space    used 3570K, capacity 3718K, committed 3840K, reserved 1048576K
}
2016-04-18T19:21:27.784+0200: 20.398: Total time for which application threads were stopped: 0.0145943 seconds, Stopping threads took: 0.0000211 seconds
{Heap before GC invocations=14 (full 1):
 par new generation   total 109248K, used 109248K [0x00000000e0000000, 0x00000000e8000000, 0x00000000e8000000)
  eden space 87424K, 100% used [0x00000000e0000000, 0x00000000e5560000, 0x00000000e5560000)
  from space 21824K, 100% used [0x00000000e5560000, 0x00000000e6ab0000, 0x00000000e6ab0000)
  to   space 21824K,   0% used [0x00000000e6ab0000, 0x00000000e6ab0000, 0x00000000e8000000)
 concurrent mark-sweep generation total 393216K, used 101424K [0x00000000e8000000, 0x0000000100000000, 0x0000000100000000)
 Metaspace       used 29946K, capacity 30280K, committed 30720K, reserved 1077248K
  class space    used 3570K, capacity 3718K, committed 3840K, reserved 1048576K
2016-04-18T19:21:28.103+0200: 20.717: [GC (Allocation Failure) 2016-04-18T19:21:28.103+0200: 20.717: [ParNew
Desired survivor size 20112992 bytes, new threshold 3 (max 8)
- age   1:   14006680 bytes,   14006680 total
- age   2:    3735144 bytes,   17741824 total
- age   3:    4137904 bytes,   21879728 total
: 109248K->21824K(109248K), 0.0131650 secs] 210672K->141301K(502464K), 0.0132263 secs] [Times: user=0.01 sys=0.00, real=0.01 secs] 
Heap after GC invocations=15 (full 1):
 par new generation   total 109248K, used 21824K [0x00000000e0000000, 0x00000000e8000000, 0x00000000e8000000)
  eden space 87424K,   0% used [0x00000000e0000000, 0x00000000e0000000, 0x00000000e5560000)
  from space 21824K, 100% used [0x00000000e6ab0000, 0x00000000e8000000, 0x00000000e8000000)
  to   space 21824K,   0% used [0x00000000e5560000, 0x00000000e5560000, 0x00000000e6ab0000)
 concurrent mark-sweep generation total 393216K, used 119477K [0x00000000e8000000, 0x0000000100000000, 0x0000000100000000)
 Metaspace       used 29946K, capacity 30280K, committed 30720K, reserved 1077248K
  class space    used 3570K, capacity 3718K, committed 3840K, reserved 1048576K
}
2016-04-18T19:21:28.116+0200: 20.730: Total time for which application threads were stopped: 0.0134080 seconds, Stopping threads took: 0.0000223 seconds
{Heap before GC invocations=15 (full 1):
 par new generation   total 109248K, used 109248K [0x00000000e0000000, 0x00000000e8000000, 0x00000000e8000000)
  eden space 87424K, 100% used [0x00000000e0000000, 0x00000000e5560000, 0x00000000e5560000)
  from space 21824K, 100% used [0x00000000e6ab0000, 0x00000000e8000000, 0x00000000e8000000)
  to   space 21824K,   0% used [0x00000000e5560000, 0x00000000e5560000, 0x00000000e6ab0000)
 concurrent mark-sweep generation total 393216K, used 119477K [0x00000000e8000000, 0x0000000100000000, 0x0000000100000000)
 Metaspace       used 29946K, capacity 30280K, committed 30720K, reserved 1077248K
  class space    used 3570K, capacity 3718K, committed 3840K, reserved 1048576K
2016-04-18T19:21:28.478+0200: 21.092: [GC (Allocation Failure) 2016-04-18T19:21:28.478+0200: 21.092: [ParNew
Desired survivor size 20112992 bytes, new threshold 3 (max 8)
- age   1:   11463544 bytes,   11463544 total
- age   2:    7449352 bytes,   18912896 total
- age   3:    3320128 bytes,   22233024 total
: 109248K->21824K(109248K), 0.0121182 secs] 228725K->151963K(502464K), 0.0122356 secs] [Times: user=0.00 sys=0.00, real=0.01 secs] 
Heap after GC invocations=16 (full 1):
 par new generation   total 109248K, used 21824K [0x00000000e0000000, 0x00000000e8000000, 0x00000000e8000000)
  eden space 87424K,   0% used [0x00000000e0000000, 0x00000000e0000000, 0x00000000e5560000)
  from space 21824K, 100% used [0x00000000e5560000, 0x00000000e6ab0000, 0x00000000e6ab0000)
  to   space 21824K,   0% used [0x00000000e6ab0000, 0x00000000e6ab0000, 0x00000000e8000000)
 concurrent mark-sweep generation total 393216K, used 130139K [0x00000000e8000000, 0x0000000100000000, 0x0000000100000000)
 Metaspace       used 29946K, capacity 30280K, committed 30720K, reserved 1077248K
  class space    used 3570K, capacity 3718K, committed 3840K, reserved 1048576K
}
2016-04-18T19:21:28.490+0200: 21.104: Total time for which application threads were stopped: 0.0124448 seconds, Stopping threads took: 0.0000205 seconds
{Heap before GC invocations=16 (full 1):
 par new generation   total 109248K, used 109248K [0x00000000e0000000, 0x00000000e8000000, 0x00000000e8000000)
  eden space 87424K, 100% used [0x00000000e0000000, 0x00000000e5560000, 0x00000000e5560000)
  from space 21824K, 100% used [0x00000000e5560000, 0x00000000e6ab0000, 0x00000000e6ab0000)
  to   space 21824K,   0% used [0x00000000e6ab0000, 0x00000000e6ab0000, 0x00000000e8000000)
 concurrent mark-sweep generation total 393216K, used 130139K [0x00000000e8000000, 0x0000000100000000, 0x0000000100000000)
 Metaspace       used 29946K, capacity 30280K, committed 30720K, reserved 1077248K
  class space    used 3570K, capacity 3718K, committed 3840K, reserved 1048576K
2016-04-18T19:21:28.808+0200: 21.422: [GC (Allocation Failure) 2016-04-18T19:21:28.808+0200: 21.422: [ParNew
Desired survivor size 20112992 bytes, new threshold 3 (max 8)
- age   1:   14362200 bytes,   14362200 total
- age   2:    3943152 bytes,   18305352 total
- age   3:    3597696 bytes,   21903048 total
: 109248K->21824K(109248K), 0.0133274 secs] 239387K->168604K(502464K), 0.0133960 secs] [Times: user=0.06 sys=0.00, real=0.01 secs] 
Heap after GC invocations=17 (full 1):
 par new generation   total 109248K, used 21824K [0x00000000e0000000, 0x00000000e8000000, 0x00000000e8000000)
  eden space 87424K,   0% used [0x00000000e0000000, 0x00000000e0000000, 0x00000000e5560000)
  from space 21824K, 100% used [0x00000000e6ab0000, 0x00000000e8000000, 0x00000000e8000000)
  to   space 21824K,   0% used [0x00000000e5560000, 0x00000000e5560000, 0x00000000e6ab0000)
 concurrent mark-sweep generation total 393216K, used 146780K [0x00000000e8000000, 0x0000000100000000, 0x0000000100000000)
 Metaspace       used 29946K, capacity 30280K, committed 30720K, reserved 1077248K
  class space    used 3570K, capacity 3718K, committed 3840K, reserved 1048576K
}
2016-04-18T19:21:28.821+0200: 21.436: Total time for which application threads were stopped: 0.0135786 seconds, Stopping threads took: 0.0000329 seconds
{Heap before GC invocations=17 (full 1):
 par new generation   total 109248K, used 109248K [0x00000000e0000000, 0x00000000e8000000, 0x00000000e8000000)
  eden space 87424K, 100% used [0x00000000e0000000, 0x00000000e5560000, 0x00000000e5560000)
  from space 21824K, 100% used [0x00000000e6ab0000, 0x00000000e8000000, 0x00000000e8000000)
  to   space 21824K,   0% used [0x00000000e5560000, 0x00000000e5560000, 0x00000000e6ab0000)
 concurrent mark-sweep generation total 393216K, used 146780K [0x00000000e8000000, 0x0000000100000000, 0x0000000100000000)
 Metaspace       used 29946K, capacity 30280K, committed 30720K, reserved 1077248K
  class space    used 3570K, capacity 3718K, committed 3840K, reserved 1048576K
2016-04-18T19:21:29.151+0200: 21.764: [GC (Allocation Failure) 2016-04-18T19:21:29.151+0200: 21.764: [ParNew
Desired survivor size 20112992 bytes, new threshold 8 (max 8)
- age   1:   11866360 bytes,   11866360 total
- age   2:    4935584 bytes,   16801944 total
- age   3:    3243088 bytes,   20045032 total
: 109248K->21824K(109248K), 0.0133842 secs] 256028K->184704K(502464K), 0.0134660 secs] [Times: user=0.06 sys=0.00, real=0.01 secs] 
Heap after GC invocations=18 (full 1):
 par new generation   total 109248K, used 21824K [0x00000000e0000000, 0x00000000e8000000, 0x00000000e8000000)
  eden space 87424K,   0% used [0x00000000e0000000, 0x00000000e0000000, 0x00000000e5560000)
  from space 21824K, 100% used [0x00000000e5560000, 0x00000000e6ab0000, 0x00000000e6ab0000)
  to   space 21824K,   0% used [0x00000000e6ab0000, 0x00000000e6ab0000, 0x00000000e8000000)
 concurrent mark-sweep generation total 393216K, used 162880K [0x00000000e8000000, 0x0000000100000000, 0x0000000100000000)
 Metaspace       used 29946K, capacity 30280K, committed 30720K, reserved 1077248K
  class space    used 3570K, capacity 3718K, committed 3840K, reserved 1048576K
}
2016-04-18T19:21:29.164+0200: 21.778: Total time for which application threads were stopped: 0.0136568 seconds, Stopping threads took: 0.0000293 seconds
2016-04-18T19:21:29.283+0200: 21.897: Total time for which application threads were stopped: 0.0000996 seconds, Stopping threads took: 0.0000190 seconds
2016-04-18T19:21:30.283+0200: 22.897: Total time for which application threads were stopped: 0.0001675 seconds, Stopping threads took: 0.0000465 seconds
2016-04-18T19:21:30.782+0200: 23.396: Total time for which application threads were stopped: 0.0005017 seconds, Stopping threads took: 0.0000196 seconds
{Heap before GC invocations=18 (full 1):
 par new generation   total 109248K, used 109248K [0x00000000e0000000, 0x00000000e8000000, 0x00000000e8000000)
  eden space 87424K, 100% used [0x00000000e0000000, 0x00000000e5560000, 0x00000000e5560000)
  from space 21824K, 100% used [0x00000000e5560000, 0x00000000e6ab0000, 0x00000000e6ab0000)
  to   space 21824K,   0% used [0x00000000e6ab0000, 0x00000000e6ab0000, 0x00000000e8000000)
 concurrent mark-sweep generation total 393216K, used 162880K [0x00000000e8000000, 0x0000000100000000, 0x0000000100000000)
 Metaspace       used 30469K, capacity 30856K, committed 31232K, reserved 1077248K
  class space    used 3616K, capacity 3782K, committed 3840K, reserved 1048576K
2016-04-18T19:21:31.002+0200: 23.616: [GC (Allocation Failure) 2016-04-18T19:21:31.002+0200: 23.616: [ParNew
Desired survivor size 20112992 bytes, new threshold 8 (max 8)
- age   1:    4344928 bytes,    4344928 total
- age   2:   11350400 bytes,   15695328 total
- age   3:    1093728 bytes,   16789056 total
- age   4:    3074088 bytes,   19863144 total
: 109248K->21824K(109248K), 0.0094301 secs] 272128K->191587K(502464K), 0.0095053 secs] [Times: user=0.09 sys=0.00, real=0.01 secs] 
Heap after GC invocations=19 (full 1):
 par new generation   total 109248K, used 21824K [0x00000000e0000000, 0x00000000e8000000, 0x00000000e8000000)
  eden space 87424K,   0% used [0x00000000e0000000, 0x00000000e0000000, 0x00000000e5560000)
  from space 21824K, 100% used [0x00000000e6ab0000, 0x00000000e8000000, 0x00000000e8000000)
  to   space 21824K,   0% used [0x00000000e5560000, 0x00000000e5560000, 0x00000000e6ab0000)
 concurrent mark-sweep generation total 393216K, used 169763K [0x00000000e8000000, 0x0000000100000000, 0x0000000100000000)
 Metaspace       used 30469K, capacity 30856K, committed 31232K, reserved 1077248K
  class space    used 3616K, capacity 3782K, committed 3840K, reserved 1048576K
}
2016-04-18T19:21:31.011+0200: 23.626: Total time for which application threads were stopped: 0.0097256 seconds, Stopping threads took: 0.0000260 seconds
{Heap before GC invocations=19 (full 1):
 par new generation   total 109248K, used 109248K [0x00000000e0000000, 0x00000000e8000000, 0x00000000e8000000)
  eden space 87424K, 100% used [0x00000000e0000000, 0x00000000e5560000, 0x00000000e5560000)
  from space 21824K, 100% used [0x00000000e6ab0000, 0x00000000e8000000, 0x00000000e8000000)
  to   space 21824K,   0% used [0x00000000e5560000, 0x00000000e5560000, 0x00000000e6ab0000)
 concurrent mark-sweep generation total 393216K, used 169763K [0x00000000e8000000, 0x0000000100000000, 0x0000000100000000)
 Metaspace       used 30481K, capacity 30856K, committed 31232K, reserved 1077248K
  class space    used 3616K, capacity 3782K, committed 3840K, reserved 1048576K
2016-04-18T19:21:31.170+0200: 23.784: [GC (Allocation Failure) 2016-04-18T19:21:31.170+0200: 23.784: [ParNew
Desired survivor size 20112992 bytes, new threshold 8 (max 8)
- age   1:     142072 bytes,     142072 total
- age   2:    3958960 bytes,    4101032 total
- age   3:    7713680 bytes,   11814712 total
- age   4:    1013736 bytes,   12828448 total
- age   5:    3049072 bytes,   15877520 total
: 109248K->21824K(109248K), 0.0091497 secs] 279011K->195516K(502464K), 0.0092224 secs] [Times: user=0.05 sys=0.00, real=0.01 secs] 
Heap after GC invocations=20 (full 1):
 par new generation   total 109248K, used 21824K [0x00000000e0000000, 0x00000000e8000000, 0x00000000e8000000)
  eden space 87424K,   0% used [0x00000000e0000000, 0x00000000e0000000, 0x00000000e5560000)
  from space 21824K, 100% used [0x00000000e5560000, 0x00000000e6ab0000, 0x00000000e6ab0000)
  to   space 21824K,   0% used [0x00000000e6ab0000, 0x00000000e6ab0000, 0x00000000e8000000)
 concurrent mark-sweep generation total 393216K, used 173692K [0x00000000e8000000, 0x0000000100000000, 0x0000000100000000)
 Metaspace       used 30481K, capacity 30856K, committed 31232K, reserved 1077248K
  class space    used 3616K, capacity 3782K, committed 3840K, reserved 1048576K
}
2016-04-18T19:21:31.179+0200: 23.793: Total time for which application threads were stopped: 0.0094718 seconds, Stopping threads took: 0.0000341 seconds
{Heap before GC invocations=20 (full 1):
 par new generation   total 109248K, used 109248K [0x00000000e0000000, 0x00000000e8000000, 0x00000000e8000000)
  eden space 87424K, 100% used [0x00000000e0000000, 0x00000000e5560000, 0x00000000e5560000)
  from space 21824K, 100% used [0x00000000e5560000, 0x00000000e6ab0000, 0x00000000e6ab0000)
  to   space 21824K,   0% used [0x00000000e6ab0000, 0x00000000e6ab0000, 0x00000000e8000000)
 concurrent mark-sweep generation total 393216K, used 173692K [0x00000000e8000000, 0x0000000100000000, 0x0000000100000000)
 Metaspace       used 30481K, capacity 30856K, committed 31232K, reserved 1077248K
  class space    used 3616K, capacity 3782K, committed 3840K, reserved 1048576K
2016-04-18T19:21:31.275+0200: 23.889: [GC (Allocation Failure) 2016-04-18T19:21:31.275+0200: 23.889: [ParNew
Desired survivor size 20112992 bytes, new threshold 8 (max 8)
- age   1:      91360 bytes,      91360 total
- age   2:     119384 bytes,     210744 total
- age   3:    3958960 bytes,    4169704 total
- age   4:    7713680 bytes,   11883384 total
- age   5:    1013736 bytes,   12897120 total
- age   6:    3081856 bytes,   15978976 total
: 109248K->20593K(109248K), 0.0076549 secs] 282940K->194285K(502464K), 0.0077331 secs] [Times: user=0.00 sys=0.00, real=0.01 secs] 
Heap after GC invocations=21 (full 1):
 par new generation   total 109248K, used 20593K [0x00000000e0000000, 0x00000000e8000000, 0x00000000e8000000)
  eden space 87424K,   0% used [0x00000000e0000000, 0x00000000e0000000, 0x00000000e5560000)
  from space 21824K,  94% used [0x00000000e6ab0000, 0x00000000e7ecc478, 0x00000000e8000000)
  to   space 21824K,   0% used [0x00000000e5560000, 0x00000000e5560000, 0x00000000e6ab0000)
 concurrent mark-sweep generation total 393216K, used 173692K [0x00000000e8000000, 0x0000000100000000, 0x0000000100000000)
 Metaspace       used 30481K, capacity 30856K, committed 31232K, reserved 1077248K
  class space    used 3616K, capacity 3782K, committed 3840K, reserved 1048576K
}
2016-04-18T19:21:31.283+0200: 23.897: Total time for which application threads were stopped: 0.0079516 seconds, Stopping threads took: 0.0000287 seconds
{Heap before GC invocations=21 (full 1):
 par new generation   total 109248K, used 108017K [0x00000000e0000000, 0x00000000e8000000, 0x00000000e8000000)
  eden space 87424K, 100% used [0x00000000e0000000, 0x00000000e5560000, 0x00000000e5560000)
  from space 21824K,  94% used [0x00000000e6ab0000, 0x00000000e7ecc478, 0x00000000e8000000)
  to   space 21824K,   0% used [0x00000000e5560000, 0x00000000e5560000, 0x00000000e6ab0000)
 concurrent mark-sweep generation total 393216K, used 173692K [0x00000000e8000000, 0x0000000100000000, 0x0000000100000000)
 Metaspace       used 30481K, capacity 30856K, committed 31232K, reserved 1077248K
  class space    used 3616K, capacity 3782K, committed 3840K, reserved 1048576K
2016-04-18T19:21:31.397+0200: 24.011: [GC (Allocation Failure) 2016-04-18T19:21:31.397+0200: 24.011: [ParNew
Desired survivor size 20112992 bytes, new threshold 8 (max 8)
- age   1:      41992 bytes,      41992 total
- age   2:      25376 bytes,      67368 total
- age   3:     119384 bytes,     186752 total
- age   4:    3958960 bytes,    4145712 total
- age   5:    7713680 bytes,   11859392 total
- age   6:    1013736 bytes,   12873128 total
- age   7:    3049072 bytes,   15922200 total
: 108017K->18153K(109248K), 0.0076980 secs] 281709K->191845K(502464K), 0.0077738 secs] [Times: user=0.00 sys=0.00, real=0.01 secs] 
Heap after GC invocations=22 (full 1):
 par new generation   total 109248K, used 18153K [0x00000000e0000000, 0x00000000e8000000, 0x00000000e8000000)
  eden space 87424K,   0% used [0x00000000e0000000, 0x00000000e0000000, 0x00000000e5560000)
  from space 21824K,  83% used [0x00000000e5560000, 0x00000000e671a598, 0x00000000e6ab0000)
  to   space 21824K,   0% used [0x00000000e6ab0000, 0x00000000e6ab0000, 0x00000000e8000000)
 concurrent mark-sweep generation total 393216K, used 173692K [0x00000000e8000000, 0x0000000100000000, 0x0000000100000000)
 Metaspace       used 30481K, capacity 30856K, committed 31232K, reserved 1077248K
  class space    used 3616K, capacity 3782K, committed 3840K, reserved 1048576K
}
2016-04-18T19:21:31.404+0200: 24.019: Total time for which application threads were stopped: 0.0079836 seconds, Stopping threads took: 0.0000257 seconds
2016-04-18T19:21:31.539+0200: 24.153: Total time for which application threads were stopped: 0.0001570 seconds, Stopping threads took: 0.0000263 seconds
{Heap before GC invocations=22 (full 1):
 par new generation   total 109248K, used 105577K [0x00000000e0000000, 0x00000000e8000000, 0x00000000e8000000)
  eden space 87424K, 100% used [0x00000000e0000000, 0x00000000e5560000, 0x00000000e5560000)
  from space 21824K,  83% used [0x00000000e5560000, 0x00000000e671a598, 0x00000000e6ab0000)
  to   space 21824K,   0% used [0x00000000e6ab0000, 0x00000000e6ab0000, 0x00000000e8000000)
 concurrent mark-sweep generation total 393216K, used 173692K [0x00000000e8000000, 0x0000000100000000, 0x0000000100000000)
 Metaspace       used 30485K, capacity 30856K, committed 31232K, reserved 1077248K
  class space    used 3616K, capacity 3782K, committed 3840K, reserved 1048576K
2016-04-18T19:21:31.572+0200: 24.186: [GC (Allocation Failure) 2016-04-18T19:21:31.573+0200: 24.186: [ParNew
Desired survivor size 20112992 bytes, new threshold 8 (max 8)
- age   1:     162072 bytes,     162072 total
- age   2:        872 bytes,     162944 total
- age   3:       1584 bytes,     164528 total
- age   4:     116016 bytes,     280544 total
- age   5:    3958752 bytes,    4239296 total
- age   6:    7713680 bytes,   11952976 total
- age   7:    1013736 bytes,   12966712 total
- age   8:    3049072 bytes,   16015784 total
: 105577K->19272K(109248K), 0.0085351 secs] 279269K->192964K(502464K), 0.0086112 secs] [Times: user=0.00 sys=0.00, real=0.01 secs] 
Heap after GC invocations=23 (full 1):
 par new generation   total 109248K, used 19272K [0x00000000e0000000, 0x00000000e8000000, 0x00000000e8000000)
  eden space 87424K,   0% used [0x00000000e0000000, 0x00000000e0000000, 0x00000000e5560000)
  from space 21824K,  88% used [0x00000000e6ab0000, 0x00000000e7d82260, 0x00000000e8000000)
  to   space 21824K,   0% used [0x00000000e5560000, 0x00000000e5560000, 0x00000000e6ab0000)
 concurrent mark-sweep generation total 393216K, used 173692K [0x00000000e8000000, 0x0000000100000000, 0x0000000100000000)
 Metaspace       used 30485K, capacity 30856K, committed 31232K, reserved 1077248K
  class space    used 3616K, capacity 3782K, committed 3840K, reserved 1048576K
}
2016-04-18T19:21:31.581+0200: 24.195: Total time for which application threads were stopped: 0.0088457 seconds, Stopping threads took: 0.0000260 seconds
{Heap before GC invocations=23 (full 1):
 par new generation   total 109248K, used 106696K [0x00000000e0000000, 0x00000000e8000000, 0x00000000e8000000)
  eden space 87424K, 100% used [0x00000000e0000000, 0x00000000e5560000, 0x00000000e5560000)
  from space 21824K,  88% used [0x00000000e6ab0000, 0x00000000e7d82260, 0x00000000e8000000)
  to   space 21824K,   0% used [0x00000000e5560000, 0x00000000e5560000, 0x00000000e6ab0000)
 concurrent mark-sweep generation total 393216K, used 173692K [0x00000000e8000000, 0x0000000100000000, 0x0000000100000000)
 Metaspace       used 30488K, capacity 30856K, committed 31232K, reserved 1077248K
  class space    used 3616K, capacity 3782K, committed 3840K, reserved 1048576K
2016-04-18T19:21:31.861+0200: 24.475: [GC (Allocation Failure) 2016-04-18T19:21:31.861+0200: 24.475: [ParNew
Desired survivor size 20112992 bytes, new threshold 8 (max 8)
- age   1:      96104 bytes,      96104 total
- age   2:     111072 bytes,     207176 total
- age   3:        872 bytes,     208048 total
- age   4:       1584 bytes,     209632 total
- age   5:     115952 bytes,     325584 total
- age   6:    3958752 bytes,    4284336 total
- age   7:    7713680 bytes,   11998016 total
- age   8:    1013736 bytes,   13011752 total
: 106696K->15512K(109248K), 0.0078396 secs] 280388K->192194K(502464K), 0.0079112 secs] [Times: user=0.08 sys=0.00, real=0.01 secs] 
Heap after GC invocations=24 (full 1):
 par new generation   total 109248K, used 15512K [0x00000000e0000000, 0x00000000e8000000, 0x00000000e8000000)
  eden space 87424K,   0% used [0x00000000e0000000, 0x00000000e0000000, 0x00000000e5560000)
  from space 21824K,  71% used [0x00000000e5560000, 0x00000000e6486270, 0x00000000e6ab0000)
  to   space 21824K,   0% used [0x00000000e6ab0000, 0x00000000e6ab0000, 0x00000000e8000000)
 concurrent mark-sweep generation total 393216K, used 176681K [0x00000000e8000000, 0x0000000100000000, 0x0000000100000000)
 Metaspace       used 30488K, capacity 30856K, committed 31232K, reserved 1077248K
  class space    used 3616K, capacity 3782K, committed 3840K, reserved 1048576K
}
2016-04-18T19:21:31.869+0200: 24.483: Total time for which application threads were stopped: 0.0081182 seconds, Stopping threads took: 0.0000229 seconds
{Heap before GC invocations=24 (full 1):
 par new generation   total 109248K, used 102936K [0x00000000e0000000, 0x00000000e8000000, 0x00000000e8000000)
  eden space 87424K, 100% used [0x00000000e0000000, 0x00000000e5560000, 0x00000000e5560000)
  from space 21824K,  71% used [0x00000000e5560000, 0x00000000e6486270, 0x00000000e6ab0000)
  to   space 21824K,   0% used [0x00000000e6ab0000, 0x00000000e6ab0000, 0x00000000e8000000)
 concurrent mark-sweep generation total 393216K, used 176681K [0x00000000e8000000, 0x0000000100000000, 0x0000000100000000)
 Metaspace       used 30488K, capacity 30856K, committed 31232K, reserved 1077248K
  class space    used 3616K, capacity 3782K, committed 3840K, reserved 1048576K
2016-04-18T19:21:31.951+0200: 24.565: [GC (Allocation Failure) 2016-04-18T19:21:31.951+0200: 24.565: [ParNew
Desired survivor size 20112992 bytes, new threshold 8 (max 8)
- age   1:     134392 bytes,     134392 total
- age   2:      38128 bytes,     172520 total
- age   3:     111072 bytes,     283592 total
- age   4:        872 bytes,     284464 total
- age   5:       1584 bytes,     286048 total
- age   6:     115952 bytes,     402000 total
- age   7:    3958752 bytes,    4360752 total
- age   8:    7713680 bytes,   12074432 total
: 102936K->14299K(109248K), 0.0077071 secs] 279618K->191983K(502464K), 0.0078423 secs] [Times: user=0.05 sys=0.00, real=0.01 secs] 
Heap after GC invocations=25 (full 1):
 par new generation   total 109248K, used 14299K [0x00000000e0000000, 0x00000000e8000000, 0x00000000e8000000)
  eden space 87424K,   0% used [0x00000000e0000000, 0x00000000e0000000, 0x00000000e5560000)
  from space 21824K,  65% used [0x00000000e6ab0000, 0x00000000e78a6d50, 0x00000000e8000000)
  to   space 21824K,   0% used [0x00000000e5560000, 0x00000000e5560000, 0x00000000e6ab0000)
 concurrent mark-sweep generation total 393216K, used 177684K [0x00000000e8000000, 0x0000000100000000, 0x0000000100000000)
 Metaspace       used 30488K, capacity 30856K, committed 31232K, reserved 1077248K
  class space    used 3616K, capacity 3782K, committed 3840K, reserved 1048576K
}
2016-04-18T19:21:31.959+0200: 24.573: Total time for which application threads were stopped: 0.0080567 seconds, Stopping threads took: 0.0000308 seconds
{Heap before GC invocations=25 (full 1):
 par new generation   total 109248K, used 101723K [0x00000000e0000000, 0x00000000e8000000, 0x00000000e8000000)
  eden space 87424K, 100% used [0x00000000e0000000, 0x00000000e5560000, 0x00000000e5560000)
  from space 21824K,  65% used [0x00000000e6ab0000, 0x00000000e78a6d50, 0x00000000e8000000)
  to   space 21824K,   0% used [0x00000000e5560000, 0x00000000e5560000, 0x00000000e6ab0000)
 concurrent mark-sweep generation total 393216K, used 177684K [0x00000000e8000000, 0x0000000100000000, 0x0000000100000000)
 Metaspace       used 30488K, capacity 30856K, committed 31232K, reserved 1077248K
  class space    used 3616K, capacity 3782K, committed 3840K, reserved 1048576K
2016-04-18T19:21:32.084+0200: 24.698: [GC (Allocation Failure) 2016-04-18T19:21:32.084+0200: 24.698: [ParNew
Desired survivor size 20112992 bytes, new threshold 8 (max 8)
- age   1:     193304 bytes,     193304 total
- age   2:        528 bytes,     193832 total
- age   3:       2296 bytes,     196128 total
- age   4:     111016 bytes,     307144 total
- age   5:        872 bytes,     308016 total
- age   6:       1584 bytes,     309600 total
- age   7:     115952 bytes,     425552 total
- age   8:    4159048 bytes,    4584600 total
: 101723K->6869K(109248K), 0.0072682 secs] 279407K->192105K(502464K), 0.0073340 secs] [Times: user=0.11 sys=0.00, real=0.01 secs] 
Heap after GC invocations=26 (full 1):
 par new generation   total 109248K, used 6869K [0x00000000e0000000, 0x00000000e8000000, 0x00000000e8000000)
  eden space 87424K,   0% used [0x00000000e0000000, 0x00000000e0000000, 0x00000000e5560000)
  from space 21824K,  31% used [0x00000000e5560000, 0x00000000e5c15628, 0x00000000e6ab0000)
  to   space 21824K,   0% used [0x00000000e6ab0000, 0x00000000e6ab0000, 0x00000000e8000000)
 concurrent mark-sweep generation total 393216K, used 185235K [0x00000000e8000000, 0x0000000100000000, 0x0000000100000000)
 Metaspace       used 30488K, capacity 30856K, committed 31232K, reserved 1077248K
  class space    used 3616K, capacity 3782K, committed 3840K, reserved 1048576K
}
2016-04-18T19:21:32.091+0200: 24.705: Total time for which application threads were stopped: 0.0075193 seconds, Stopping threads took: 0.0000229 seconds
{Heap before GC invocations=26 (full 1):
 par new generation   total 109248K, used 94293K [0x00000000e0000000, 0x00000000e8000000, 0x00000000e8000000)
  eden space 87424K, 100% used [0x00000000e0000000, 0x00000000e5560000, 0x00000000e5560000)
  from space 21824K,  31% used [0x00000000e5560000, 0x00000000e5c15628, 0x00000000e6ab0000)
  to   space 21824K,   0% used [0x00000000e6ab0000, 0x00000000e6ab0000, 0x00000000e8000000)
 concurrent mark-sweep generation total 393216K, used 185235K [0x00000000e8000000, 0x0000000100000000, 0x0000000100000000)
 Metaspace       used 30518K, capacity 30920K, committed 31232K, reserved 1077248K
  class space    used 3619K, capacity 3782K, committed 3840K, reserved 1048576K
2016-04-18T19:21:32.407+0200: 25.021: [GC (Allocation Failure) 2016-04-18T19:21:32.407+0200: 25.021: [ParNew
Desired survivor size 20112992 bytes, new threshold 8 (max 8)
- age   1:    5587136 bytes,    5587136 total
- age   2:        976 bytes,    5588112 total
- age   3:        528 bytes,    5588640 total
- age   4:       2296 bytes,    5590936 total
- age   5:     111016 bytes,    5701952 total
- age   6:        872 bytes,    5702824 total
- age   7:       1584 bytes,    5704408 total
- age   8:     115952 bytes,    5820360 total
: 94293K->6473K(109248K), 0.0053275 secs] 279529K->195552K(502464K), 0.0054030 secs] [Times: user=0.01 sys=0.00, real=0.00 secs] 
Heap after GC invocations=27 (full 1):
 par new generation   total 109248K, used 6473K [0x00000000e0000000, 0x00000000e8000000, 0x00000000e8000000)
  eden space 87424K,   0% used [0x00000000e0000000, 0x00000000e0000000, 0x00000000e5560000)
  from space 21824K,  29% used [0x00000000e6ab0000, 0x00000000e7102590, 0x00000000e8000000)
  to   space 21824K,   0% used [0x00000000e5560000, 0x00000000e5560000, 0x00000000e6ab0000)
 concurrent mark-sweep generation total 393216K, used 189078K [0x00000000e8000000, 0x0000000100000000, 0x0000000100000000)
 Metaspace       used 30518K, capacity 30920K, committed 31232K, reserved 1077248K
  class space    used 3619K, capacity 3782K, committed 3840K, reserved 1048576K
}
2016-04-18T19:21:32.412+0200: 25.026: Total time for which application threads were stopped: 0.0062111 seconds, Stopping threads took: 0.0006137 seconds
{Heap before GC invocations=27 (full 1):
 par new generation   total 109248K, used 93897K [0x00000000e0000000, 0x00000000e8000000, 0x00000000e8000000)
  eden space 87424K, 100% used [0x00000000e0000000, 0x00000000e5560000, 0x00000000e5560000)
  from space 21824K,  29% used [0x00000000e6ab0000, 0x00000000e7102590, 0x00000000e8000000)
  to   space 21824K,   0% used [0x00000000e5560000, 0x00000000e5560000, 0x00000000e6ab0000)
 concurrent mark-sweep generation total 393216K, used 189078K [0x00000000e8000000, 0x0000000100000000, 0x0000000100000000)
 Metaspace       used 30518K, capacity 30920K, committed 31232K, reserved 1077248K
  class space    used 3619K, capacity 3782K, committed 3840K, reserved 1048576K
2016-04-18T19:21:32.704+0200: 25.317: [GC (Allocation Failure) 2016-04-18T19:21:32.704+0200: 25.317: [ParNew
Desired survivor size 20112992 bytes, new threshold 8 (max 8)
- age   1:   11336360 bytes,   11336360 total
- age   2:    3717576 bytes,   15053936 total
- age   3:        976 bytes,   15054912 total
- age   4:        528 bytes,   15055440 total
- age   5:       2296 bytes,   15057736 total
- age   6:     111016 bytes,   15168752 total
- age   7:        872 bytes,   15169624 total
- age   8:       1584 bytes,   15171208 total
: 93897K->16848K(109248K), 0.0082390 secs] 282976K->206041K(502464K), 0.0083120 secs] [Times: user=0.06 sys=0.00, real=0.01 secs] 
Heap after GC invocations=28 (full 1):
 par new generation   total 109248K, used 16848K [0x00000000e0000000, 0x00000000e8000000, 0x00000000e8000000)
  eden space 87424K,   0% used [0x00000000e0000000, 0x00000000e0000000, 0x00000000e5560000)
  from space 21824K,  77% used [0x00000000e5560000, 0x00000000e65d43f0, 0x00000000e6ab0000)
  to   space 21824K,   0% used [0x00000000e6ab0000, 0x00000000e6ab0000, 0x00000000e8000000)
 concurrent mark-sweep generation total 393216K, used 189192K [0x00000000e8000000, 0x0000000100000000, 0x0000000100000000)
 Metaspace       used 30518K, capacity 30920K, committed 31232K, reserved 1077248K
  class space    used 3619K, capacity 3782K, committed 3840K, reserved 1048576K
}
2016-04-18T19:21:32.712+0200: 25.326: Total time for which application threads were stopped: 0.0084922 seconds, Stopping threads took: 0.0000217 seconds
{Heap before GC invocations=28 (full 1):
 par new generation   total 109248K, used 104272K [0x00000000e0000000, 0x00000000e8000000, 0x00000000e8000000)
  eden space 87424K, 100% used [0x00000000e0000000, 0x00000000e5560000, 0x00000000e5560000)
  from space 21824K,  77% used [0x00000000e5560000, 0x00000000e65d43f0, 0x00000000e6ab0000)
  to   space 21824K,   0% used [0x00000000e6ab0000, 0x00000000e6ab0000, 0x00000000e8000000)
 concurrent mark-sweep generation total 393216K, used 189192K [0x00000000e8000000, 0x0000000100000000, 0x0000000100000000)
 Metaspace       used 30518K, capacity 30920K, committed 31232K, reserved 1077248K
  class space    used 3619K, capacity 3782K, committed 3840K, reserved 1048576K
2016-04-18T19:21:33.012+0200: 25.626: [GC (Allocation Failure) 2016-04-18T19:21:33.012+0200: 25.626: [ParNew
Desired survivor size 20112992 bytes, new threshold 3 (max 8)
- age   1:   11056616 bytes,   11056616 total
- age   2:    6504384 bytes,   17561000 total
- age   3:    3537816 bytes,   21098816 total
- age   4:        976 bytes,   21099792 total
- age   5:        528 bytes,   21100320 total
- age   6:       2296 bytes,   21102616 total
- age   7:     111016 bytes,   21213632 total
- age   8:        872 bytes,   21214504 total
: 104272K->21824K(109248K), 0.0094114 secs] 293465K->214381K(502464K), 0.0094932 secs] [Times: user=0.00 sys=0.00, real=0.01 secs] 
Heap after GC invocations=29 (full 1):
 par new generation   total 109248K, used 21824K [0x00000000e0000000, 0x00000000e8000000, 0x00000000e8000000)
  eden space 87424K,   0% used [0x00000000e0000000, 0x00000000e0000000, 0x00000000e5560000)
  from space 21824K, 100% used [0x00000000e6ab0000, 0x00000000e8000000, 0x00000000e8000000)
  to   space 21824K,   0% used [0x00000000e5560000, 0x00000000e5560000, 0x00000000e6ab0000)
 concurrent mark-sweep generation total 393216K, used 192557K [0x00000000e8000000, 0x0000000100000000, 0x0000000100000000)
 Metaspace       used 30518K, capacity 30920K, committed 31232K, reserved 1077248K
  class space    used 3619K, capacity 3782K, committed 3840K, reserved 1048576K
}
2016-04-18T19:21:33.022+0200: 25.636: Total time for which application threads were stopped: 0.0096701 seconds, Stopping threads took: 0.0000235 seconds
{Heap before GC invocations=29 (full 1):
 par new generation   total 109248K, used 109248K [0x00000000e0000000, 0x00000000e8000000, 0x00000000e8000000)
  eden space 87424K, 100% used [0x00000000e0000000, 0x00000000e5560000, 0x00000000e5560000)
  from space 21824K, 100% used [0x00000000e6ab0000, 0x00000000e8000000, 0x00000000e8000000)
  to   space 21824K,   0% used [0x00000000e5560000, 0x00000000e5560000, 0x00000000e6ab0000)
 concurrent mark-sweep generation total 393216K, used 192557K [0x00000000e8000000, 0x0000000100000000, 0x0000000100000000)
 Metaspace       used 30518K, capacity 30920K, committed 31232K, reserved 1077248K
  class space    used 3619K, capacity 3782K, committed 3840K, reserved 1048576K
2016-04-18T19:21:33.332+0200: 25.946: [GC (Allocation Failure) 2016-04-18T19:21:33.332+0200: 25.946: [ParNew
Desired survivor size 20112992 bytes, new threshold 8 (max 8)
- age   1:    7455144 bytes,    7455144 total
- age   2:    5433376 bytes,   12888520 total
- age   3:    5597352 bytes,   18485872 total
: 109248K->21824K(109248K), 0.0134391 secs] 301805K->227192K(502464K), 0.0135146 secs] [Times: user=0.06 sys=0.00, real=0.01 secs] 
Heap after GC invocations=30 (full 1):
 par new generation   total 109248K, used 21824K [0x00000000e0000000, 0x00000000e8000000, 0x00000000e8000000)
  eden space 87424K,   0% used [0x00000000e0000000, 0x00000000e0000000, 0x00000000e5560000)
  from space 21824K, 100% used [0x00000000e5560000, 0x00000000e6ab0000, 0x00000000e6ab0000)
  to   space 21824K,   0% used [0x00000000e6ab0000, 0x00000000e6ab0000, 0x00000000e8000000)
 concurrent mark-sweep generation total 393216K, used 205368K [0x00000000e8000000, 0x0000000100000000, 0x0000000100000000)
 Metaspace       used 30518K, capacity 30920K, committed 31232K, reserved 1077248K
  class space    used 3619K, capacity 3782K, committed 3840K, reserved 1048576K
}
2016-04-18T19:21:33.346+0200: 25.960: Total time for which application threads were stopped: 0.0136818 seconds, Stopping threads took: 0.0000214 seconds
2016-04-18T19:21:33.346+0200: 25.960: [GC (CMS Initial Mark) [1 CMS-initial-mark: 205368K(393216K)] 228938K(502464K), 0.0016044 secs] [Times: user=0.00 sys=0.00, real=0.00 secs] 
2016-04-18T19:21:33.348+0200: 25.962: Total time for which application threads were stopped: 0.0017058 seconds, Stopping threads took: 0.0000248 seconds
2016-04-18T19:21:33.348+0200: 25.962: [CMS-concurrent-mark-start]
2016-04-18T19:21:33.360+0200: 25.974: [CMS-concurrent-mark: 0.013/0.013 secs] [Times: user=0.08 sys=0.00, real=0.01 secs] 
2016-04-18T19:21:33.360+0200: 25.974: [CMS-concurrent-preclean-start]
2016-04-18T19:21:33.361+0200: 25.976: [CMS-concurrent-preclean: 0.001/0.001 secs] [Times: user=0.00 sys=0.00, real=0.00 secs] 
2016-04-18T19:21:33.361+0200: 25.976: [CMS-concurrent-abortable-preclean-start]
2016-04-18T19:21:33.540+0200: 26.154: [CMS-concurrent-abortable-preclean: 0.178/0.178 secs] [Times: user=0.38 sys=0.00, real=0.18 secs] 
2016-04-18T19:21:33.540+0200: 26.154: [GC (CMS Final Remark) [YG occupancy: 74450 K (109248 K)]{Heap before GC invocations=30 (full 2):
 par new generation   total 109248K, used 74450K [0x00000000e0000000, 0x00000000e8000000, 0x00000000e8000000)
  eden space 87424K,  60% used [0x00000000e0000000, 0x00000000e3364bd0, 0x00000000e5560000)
  from space 21824K, 100% used [0x00000000e5560000, 0x00000000e6ab0000, 0x00000000e6ab0000)
  to   space 21824K,   0% used [0x00000000e6ab0000, 0x00000000e6ab0000, 0x00000000e8000000)
 concurrent mark-sweep generation total 393216K, used 205368K [0x00000000e8000000, 0x0000000100000000, 0x0000000100000000)
 Metaspace       used 30518K, capacity 30920K, committed 31232K, reserved 1077248K
  class space    used 3619K, capacity 3782K, committed 3840K, reserved 1048576K
2016-04-18T19:21:33.540+0200: 26.154: [GC (CMS Final Remark) 2016-04-18T19:21:33.540+0200: 26.154: [ParNew
Desired survivor size 20112992 bytes, new threshold 8 (max 8)
- age   1:    5308944 bytes,    5308944 total
- age   2:    4833624 bytes,   10142568 total
- age   3:    4817384 bytes,   14959952 total
- age   4:    4945328 bytes,   19905280 total
: 74450K->21824K(109248K), 0.0112168 secs] 279819K->238471K(502464K), 0.0112775 secs] [Times: user=0.00 sys=0.00, real=0.01 secs] 
Heap after GC invocations=31 (full 2):
 par new generation   total 109248K, used 21824K [0x00000000e0000000, 0x00000000e8000000, 0x00000000e8000000)
  eden space 87424K,   0% used [0x00000000e0000000, 0x00000000e0000000, 0x00000000e5560000)
  from space 21824K, 100% used [0x00000000e6ab0000, 0x00000000e8000000, 0x00000000e8000000)
  to   space 21824K,   0% used [0x00000000e5560000, 0x00000000e5560000, 0x00000000e6ab0000)
 concurrent mark-sweep generation total 393216K, used 216647K [0x00000000e8000000, 0x0000000100000000, 0x0000000100000000)
 Metaspace       used 30518K, capacity 30920K, committed 31232K, reserved 1077248K
  class space    used 3619K, capacity 3782K, committed 3840K, reserved 1048576K
}
2016-04-18T19:21:33.552+0200: 26.165: [Rescan (parallel) , 0.0021541 secs]2016-04-18T19:21:33.554+0200: 26.167: [weak refs processing, 0.0003643 secs]2016-04-18T19:21:33.554+0200: 26.168: [class unloading, 0.0048929 secs]2016-04-18T19:21:33.559+0200: 26.173: [scrub symbol table, 0.0034409 secs]2016-04-18T19:21:33.563+0200: 26.176: [scrub string table, 0.0004350 secs][1 CMS-remark: 216647K(393216K)] 238471K(502464K), 0.0239387 secs] [Times: user=0.06 sys=0.00, real=0.02 secs] 
2016-04-18T19:21:33.564+0200: 26.178: Total time for which application threads were stopped: 0.0240767 seconds, Stopping threads took: 0.0000480 seconds
2016-04-18T19:21:33.564+0200: 26.178: [CMS-concurrent-sweep-start]
2016-04-18T19:21:33.585+0200: 26.198: [CMS-concurrent-sweep: 0.020/0.020 secs] [Times: user=0.06 sys=0.00, real=0.02 secs] 
2016-04-18T19:21:33.585+0200: 26.199: [CMS-concurrent-reset-start]
2016-04-18T19:21:33.585+0200: 26.199: [CMS-concurrent-reset: 0.001/0.001 secs] [Times: user=0.00 sys=0.00, real=0.00 secs] 
{Heap before GC invocations=31 (full 2):
 par new generation   total 109248K, used 109242K [0x00000000e0000000, 0x00000000e8000000, 0x00000000e8000000)
  eden space 87424K,  99% used [0x00000000e0000000, 0x00000000e555eb20, 0x00000000e5560000)
  from space 21824K, 100% used [0x00000000e6ab0000, 0x00000000e8000000, 0x00000000e8000000)
  to   space 21824K,   0% used [0x00000000e5560000, 0x00000000e5560000, 0x00000000e6ab0000)
 concurrent mark-sweep generation total 393216K, used 60014K [0x00000000e8000000, 0x0000000100000000, 0x0000000100000000)
 Metaspace       used 30521K, capacity 30920K, committed 31232K, reserved 1077248K
  class space    used 3619K, capacity 3782K, committed 3840K, reserved 1048576K
2016-04-18T19:21:33.882+0200: 26.496: [GC (Allocation Failure) 2016-04-18T19:21:33.882+0200: 26.496: [ParNew
Desired survivor size 20112992 bytes, new threshold 5 (max 8)
- age   1:    7027272 bytes,    7027272 total
- age   2:    1613792 bytes,    8641064 total
- age   3:    4091560 bytes,   12732624 total
- age   4:    4263136 bytes,   16995760 total
- age   5:    4779080 bytes,   21774840 total
: 109242K->21824K(109248K), 0.0109005 secs] 169256K->97492K(502464K), 0.0109729 secs] [Times: user=0.00 sys=0.00, real=0.01 secs] 
Heap after GC invocations=32 (full 2):
 par new generation   total 109248K, used 21824K [0x00000000e0000000, 0x00000000e8000000, 0x00000000e8000000)
  eden space 87424K,   0% used [0x00000000e0000000, 0x00000000e0000000, 0x00000000e5560000)
  from space 21824K, 100% used [0x00000000e5560000, 0x00000000e6ab0000, 0x00000000e6ab0000)
  to   space 21824K,   0% used [0x00000000e6ab0000, 0x00000000e6ab0000, 0x00000000e8000000)
 concurrent mark-sweep generation total 393216K, used 75668K [0x00000000e8000000, 0x0000000100000000, 0x0000000100000000)
 Metaspace       used 30521K, capacity 30920K, committed 31232K, reserved 1077248K
  class space    used 3619K, capacity 3782K, committed 3840K, reserved 1048576K
}
2016-04-18T19:21:33.893+0200: 26.507: Total time for which application threads were stopped: 0.0111580 seconds, Stopping threads took: 0.0000223 seconds
{Heap before GC invocations=32 (full 2):
 par new generation   total 109248K, used 109248K [0x00000000e0000000, 0x00000000e8000000, 0x00000000e8000000)
  eden space 87424K, 100% used [0x00000000e0000000, 0x00000000e5560000, 0x00000000e5560000)
  from space 21824K, 100% used [0x00000000e5560000, 0x00000000e6ab0000, 0x00000000e6ab0000)
  to   space 21824K,   0% used [0x00000000e6ab0000, 0x00000000e6ab0000, 0x00000000e8000000)
 concurrent mark-sweep generation total 393216K, used 75668K [0x00000000e8000000, 0x0000000100000000, 0x0000000100000000)
 Metaspace       used 30521K, capacity 30920K, committed 31232K, reserved 1077248K
  class space    used 3619K, capacity 3782K, committed 3840K, reserved 1048576K
2016-04-18T19:21:34.210+0200: 26.824: [GC (Allocation Failure) 2016-04-18T19:21:34.210+0200: 26.824: [ParNew
Desired survivor size 20112992 bytes, new threshold 8 (max 8)
- age   1:    5571688 bytes,    5571688 total
- age   2:    6141520 bytes,   11713208 total
- age   3:    1459824 bytes,   13173032 total
- age   4:    1602168 bytes,   14775200 total
- age   5:    4023536 bytes,   18798736 total
: 109248K->21824K(109248K), 0.0136640 secs] 184916K->117679K(502464K), 0.0137386 secs] [Times: user=0.00 sys=0.00, real=0.01 secs] 
Heap after GC invocations=33 (full 2):
 par new generation   total 109248K, used 21824K [0x00000000e0000000, 0x00000000e8000000, 0x00000000e8000000)
  eden space 87424K,   0% used [0x00000000e0000000, 0x00000000e0000000, 0x00000000e5560000)
  from space 21824K, 100% used [0x00000000e6ab0000, 0x00000000e8000000, 0x00000000e8000000)
  to   space 21824K,   0% used [0x00000000e5560000, 0x00000000e5560000, 0x00000000e6ab0000)
 concurrent mark-sweep generation total 393216K, used 95855K [0x00000000e8000000, 0x0000000100000000, 0x0000000100000000)
 Metaspace       used 30521K, capacity 30920K, committed 31232K, reserved 1077248K
  class space    used 3619K, capacity 3782K, committed 3840K, reserved 1048576K
}
2016-04-18T19:21:34.224+0200: 26.838: Total time for which application threads were stopped: 0.0139789 seconds, Stopping threads took: 0.0000480 seconds
{Heap before GC invocations=33 (full 2):
 par new generation   total 109248K, used 109248K [0x00000000e0000000, 0x00000000e8000000, 0x00000000e8000000)
  eden space 87424K, 100% used [0x00000000e0000000, 0x00000000e5560000, 0x00000000e5560000)
  from space 21824K, 100% used [0x00000000e6ab0000, 0x00000000e8000000, 0x00000000e8000000)
  to   space 21824K,   0% used [0x00000000e5560000, 0x00000000e5560000, 0x00000000e6ab0000)
 concurrent mark-sweep generation total 393216K, used 95855K [0x00000000e8000000, 0x0000000100000000, 0x0000000100000000)
 Metaspace       used 30521K, capacity 30920K, committed 31232K, reserved 1077248K
  class space    used 3619K, capacity 3782K, committed 3840K, reserved 1048576K
2016-04-18T19:21:34.552+0200: 27.165: [GC (Allocation Failure) 2016-04-18T19:21:34.552+0200: 27.165: [ParNew
Desired survivor size 20112992 bytes, new threshold 8 (max 8)
- age   1:    5233568 bytes,    5233568 total
- age   2:    3252920 bytes,    8486488 total
- age   3:    4983112 bytes,   13469600 total
- age   4:    1129128 bytes,   14598728 total
- age   5:    1533184 bytes,   16131912 total
- age   6:    3959424 bytes,   20091336 total
: 109248K->21824K(109248K), 0.0116829 secs] 205103K->135557K(502464K), 0.0117484 secs] [Times: user=0.06 sys=0.00, real=0.01 secs] 
Heap after GC invocations=34 (full 2):
 par new generation   total 109248K, used 21824K [0x00000000e0000000, 0x00000000e8000000, 0x00000000e8000000)
  eden space 87424K,   0% used [0x00000000e0000000, 0x00000000e0000000, 0x00000000e5560000)
  from space 21824K, 100% used [0x00000000e5560000, 0x00000000e6ab0000, 0x00000000e6ab0000)
  to   space 21824K,   0% used [0x00000000e6ab0000, 0x00000000e6ab0000, 0x00000000e8000000)
 concurrent mark-sweep generation total 393216K, used 113733K [0x00000000e8000000, 0x0000000100000000, 0x0000000100000000)
 Metaspace       used 30521K, capacity 30920K, committed 31232K, reserved 1077248K
  class space    used 3619K, capacity 3782K, committed 3840K, reserved 1048576K
}
2016-04-18T19:21:34.564+0200: 27.177: Total time for which application threads were stopped: 0.0119455 seconds, Stopping threads took: 0.0000217 seconds
{Heap before GC invocations=34 (full 2):
 par new generation   total 109248K, used 109248K [0x00000000e0000000, 0x00000000e8000000, 0x00000000e8000000)
  eden space 87424K, 100% used [0x00000000e0000000, 0x00000000e5560000, 0x00000000e5560000)
  from space 21824K, 100% used [0x00000000e5560000, 0x00000000e6ab0000, 0x00000000e6ab0000)
  to   space 21824K,   0% used [0x00000000e6ab0000, 0x00000000e6ab0000, 0x00000000e8000000)
 concurrent mark-sweep generation total 393216K, used 113733K [0x00000000e8000000, 0x0000000100000000, 0x0000000100000000)
 Metaspace       used 30522K, capacity 30920K, committed 31232K, reserved 1077248K
  class space    used 3619K, capacity 3782K, committed 3840K, reserved 1048576K
2016-04-18T19:21:34.901+0200: 27.515: [GC (Allocation Failure) 2016-04-18T19:21:34.901+0200: 27.515: [ParNew
Desired survivor size 20112992 bytes, new threshold 7 (max 8)
- age   1:    3125112 bytes,    3125112 total
- age   2:    3409816 bytes,    6534928 total
- age   3:    3220344 bytes,    9755272 total
- age   4:    4866144 bytes,   14621416 total
- age   5:     778216 bytes,   15399632 total
- age   6:    1515584 bytes,   16915216 total
- age   7:    3949600 bytes,   20864816 total
: 109248K->21824K(109248K), 0.0129531 secs] 222981K->159103K(502464K), 0.0130280 secs] [Times: user=0.06 sys=0.00, real=0.01 secs] 
Heap after GC invocations=35 (full 2):
 par new generation   total 109248K, used 21824K [0x00000000e0000000, 0x00000000e8000000, 0x00000000e8000000)
  eden space 87424K,   0% used [0x00000000e0000000, 0x00000000e0000000, 0x00000000e5560000)
  from space 21824K, 100% used [0x00000000e6ab0000, 0x00000000e8000000, 0x00000000e8000000)
  to   space 21824K,   0% used [0x00000000e5560000, 0x00000000e5560000, 0x00000000e6ab0000)
 concurrent mark-sweep generation total 393216K, used 137279K [0x00000000e8000000, 0x0000000100000000, 0x0000000100000000)
 Metaspace       used 30522K, capacity 30920K, committed 31232K, reserved 1077248K
  class space    used 3619K, capacity 3782K, committed 3840K, reserved 1048576K
}
2016-04-18T19:21:34.914+0200: 27.528: Total time for which application threads were stopped: 0.0132139 seconds, Stopping threads took: 0.0000320 seconds
{Heap before GC invocations=35 (full 2):
 par new generation   total 109248K, used 109248K [0x00000000e0000000, 0x00000000e8000000, 0x00000000e8000000)
  eden space 87424K, 100% used [0x00000000e0000000, 0x00000000e5560000, 0x00000000e5560000)
  from space 21824K, 100% used [0x00000000e6ab0000, 0x00000000e8000000, 0x00000000e8000000)
  to   space 21824K,   0% used [0x00000000e5560000, 0x00000000e5560000, 0x00000000e6ab0000)
 concurrent mark-sweep generation total 393216K, used 137279K [0x00000000e8000000, 0x0000000100000000, 0x0000000100000000)
 Metaspace       used 30522K, capacity 30920K, committed 31232K, reserved 1077248K
  class space    used 3619K, capacity 3782K, committed 3840K, reserved 1048576K
2016-04-18T19:21:35.232+0200: 27.845: [GC (Allocation Failure) 2016-04-18T19:21:35.232+0200: 27.845: [ParNew
Desired survivor size 20112992 bytes, new threshold 8 (max 8)
- age   1:    4936832 bytes,    4936832 total
- age   2:    2157552 bytes,    7094384 total
- age   3:    3347760 bytes,   10442144 total
- age   4:    3194048 bytes,   13636192 total
- age   5:    3742240 bytes,   17378432 total
- age   6:     776200 bytes,   18154632 total
- age   7:    1513560 bytes,   19668192 total
: 109248K->21824K(109248K), 0.0143184 secs] 246527K->182753K(502464K), 0.0143930 secs] [Times: user=0.06 sys=0.00, real=0.01 secs] 
Heap after GC invocations=36 (full 2):
 par new generation   total 109248K, used 21824K [0x00000000e0000000, 0x00000000e8000000, 0x00000000e8000000)
  eden space 87424K,   0% used [0x00000000e0000000, 0x00000000e0000000, 0x00000000e5560000)
  from space 21824K, 100% used [0x00000000e5560000, 0x00000000e6ab0000, 0x00000000e6ab0000)
  to   space 21824K,   0% used [0x00000000e6ab0000, 0x00000000e6ab0000, 0x00000000e8000000)
 concurrent mark-sweep generation total 393216K, used 160929K [0x00000000e8000000, 0x0000000100000000, 0x0000000100000000)
 Metaspace       used 30522K, capacity 30920K, committed 31232K, reserved 1077248K
  class space    used 3619K, capacity 3782K, committed 3840K, reserved 1048576K
}
2016-04-18T19:21:35.246+0200: 27.860: Total time for which application threads were stopped: 0.0145681 seconds, Stopping threads took: 0.0000208 seconds
{Heap before GC invocations=36 (full 2):
 par new generation   total 109248K, used 109248K [0x00000000e0000000, 0x00000000e8000000, 0x00000000e8000000)
  eden space 87424K, 100% used [0x00000000e0000000, 0x00000000e5560000, 0x00000000e5560000)
  from space 21824K, 100% used [0x00000000e5560000, 0x00000000e6ab0000, 0x00000000e6ab0000)
  to   space 21824K,   0% used [0x00000000e6ab0000, 0x00000000e6ab0000, 0x00000000e8000000)
 concurrent mark-sweep generation total 393216K, used 160929K [0x00000000e8000000, 0x0000000100000000, 0x0000000100000000)
 Metaspace       used 30523K, capacity 30920K, committed 31232K, reserved 1077248K
  class space    used 3619K, capacity 3782K, committed 3840K, reserved 1048576K
2016-04-18T19:21:35.577+0200: 28.191: [GC (Allocation Failure) 2016-04-18T19:21:35.577+0200: 28.191: [ParNew
Desired survivor size 20112992 bytes, new threshold 7 (max 8)
- age   1:    7600800 bytes,    7600800 total
- age   2:    2799176 bytes,   10399976 total
- age   3:    1604528 bytes,   12004504 total
- age   4:    2824320 bytes,   14828824 total
- age   5:    2727688 bytes,   17556512 total
- age   6:    2383248 bytes,   19939760 total
- age   7:     723544 bytes,   20663304 total
- age   8:    1947416 bytes,   22610720 total
: 109248K->21824K(109248K), 0.0142991 secs] 270177K->204096K(502464K), 0.0143785 secs] [Times: user=0.06 sys=0.00, real=0.02 secs] 
Heap after GC invocations=37 (full 2):
 par new generation   total 109248K, used 21824K [0x00000000e0000000, 0x00000000e8000000, 0x00000000e8000000)
  eden space 87424K,   0% used [0x00000000e0000000, 0x00000000e0000000, 0x00000000e5560000)
  from space 21824K, 100% used [0x00000000e6ab0000, 0x00000000e8000000, 0x00000000e8000000)
  to   space 21824K,   0% used [0x00000000e5560000, 0x00000000e5560000, 0x00000000e6ab0000)
 concurrent mark-sweep generation total 393216K, used 182272K [0x00000000e8000000, 0x0000000100000000, 0x0000000100000000)
 Metaspace       used 30523K, capacity 30920K, committed 31232K, reserved 1077248K
  class space    used 3619K, capacity 3782K, committed 3840K, reserved 1048576K
}
2016-04-18T19:21:35.592+0200: 28.206: Total time for which application threads were stopped: 0.0145551 seconds, Stopping threads took: 0.0000229 seconds
{Heap before GC invocations=37 (full 2):
 par new generation   total 109248K, used 109248K [0x00000000e0000000, 0x00000000e8000000, 0x00000000e8000000)
  eden space 87424K, 100% used [0x00000000e0000000, 0x00000000e5560000, 0x00000000e5560000)
  from space 21824K, 100% used [0x00000000e6ab0000, 0x00000000e8000000, 0x00000000e8000000)
  to   space 21824K,   0% used [0x00000000e5560000, 0x00000000e5560000, 0x00000000e6ab0000)
 concurrent mark-sweep generation total 393216K, used 182272K [0x00000000e8000000, 0x0000000100000000, 0x0000000100000000)
 Metaspace       used 30523K, capacity 30920K, committed 31232K, reserved 1077248K
  class space    used 3619K, capacity 3782K, committed 3840K, reserved 1048576K
2016-04-18T19:21:35.895+0200: 28.509: [GC (Allocation Failure) 2016-04-18T19:21:35.895+0200: 28.509: [ParNew
Desired survivor size 20112992 bytes, new threshold 7 (max 8)
- age   1:    3339664 bytes,    3339664 total
- age   2:    6400456 bytes,    9740120 total
- age   3:    2763064 bytes,   12503184 total
- age   4:    1601376 bytes,   14104560 total
- age   5:    2756200 bytes,   16860760 total
- age   6:    2694592 bytes,   19555352 total
- age   7:    2377416 bytes,   21932768 total
: 109248K->21824K(109248K), 0.0146339 secs] 291520K->229246K(502464K), 0.0147039 secs] [Times: user=0.06 sys=0.00, real=0.02 secs] 
Heap after GC invocations=38 (full 2):
 par new generation   total 109248K, used 21824K [0x00000000e0000000, 0x00000000e8000000, 0x00000000e8000000)
  eden space 87424K,   0% used [0x00000000e0000000, 0x00000000e0000000, 0x00000000e5560000)
  from space 21824K, 100% used [0x00000000e5560000, 0x00000000e6ab0000, 0x00000000e6ab0000)
  to   space 21824K,   0% used [0x00000000e6ab0000, 0x00000000e6ab0000, 0x00000000e8000000)
 concurrent mark-sweep generation total 393216K, used 207422K [0x00000000e8000000, 0x0000000100000000, 0x0000000100000000)
 Metaspace       used 30523K, capacity 30920K, committed 31232K, reserved 1077248K
  class space    used 3619K, capacity 3782K, committed 3840K, reserved 1048576K
}
2016-04-18T19:21:35.910+0200: 28.524: Total time for which application threads were stopped: 0.0148790 seconds, Stopping threads took: 0.0000232 seconds
2016-04-18T19:21:35.910+0200: 28.524: [GC (CMS Initial Mark) [1 CMS-initial-mark: 207422K(393216K)] 230987K(502464K), 0.0017976 secs] [Times: user=0.00 sys=0.00, real=0.00 secs] 
2016-04-18T19:21:35.912+0200: 28.526: Total time for which application threads were stopped: 0.0019271 seconds, Stopping threads took: 0.0000404 seconds
2016-04-18T19:21:35.912+0200: 28.526: [CMS-concurrent-mark-start]
2016-04-18T19:21:35.932+0200: 28.546: [CMS-concurrent-mark: 0.021/0.021 secs] [Times: user=0.16 sys=0.00, real=0.02 secs] 
2016-04-18T19:21:35.932+0200: 28.546: [CMS-concurrent-preclean-start]
2016-04-18T19:21:35.934+0200: 28.548: [CMS-concurrent-preclean: 0.002/0.002 secs] [Times: user=0.00 sys=0.00, real=0.00 secs] 
2016-04-18T19:21:35.934+0200: 28.548: [CMS-concurrent-abortable-preclean-start]
2016-04-18T19:21:36.077+0200: 28.691: [CMS-concurrent-abortable-preclean: 0.142/0.142 secs] [Times: user=0.28 sys=0.00, real=0.14 secs] 
2016-04-18T19:21:36.077+0200: 28.691: [GC (CMS Final Remark) [YG occupancy: 68781 K (109248 K)]{Heap before GC invocations=38 (full 3):
 par new generation   total 109248K, used 68781K [0x00000000e0000000, 0x00000000e8000000, 0x00000000e8000000)
  eden space 87424K,  53% used [0x00000000e0000000, 0x00000000e2ddb6c8, 0x00000000e5560000)
  from space 21824K, 100% used [0x00000000e5560000, 0x00000000e6ab0000, 0x00000000e6ab0000)
  to   space 21824K,   0% used [0x00000000e6ab0000, 0x00000000e6ab0000, 0x00000000e8000000)
 concurrent mark-sweep generation total 393216K, used 207422K [0x00000000e8000000, 0x0000000100000000, 0x0000000100000000)
 Metaspace       used 30523K, capacity 30920K, committed 31232K, reserved 1077248K
  class space    used 3619K, capacity 3782K, committed 3840K, reserved 1048576K
2016-04-18T19:21:36.077+0200: 28.691: [GC (CMS Final Remark) 2016-04-18T19:21:36.077+0200: 28.691: [ParNew
Desired survivor size 20112992 bytes, new threshold 7 (max 8)
- age   1:    2213296 bytes,    2213296 total
- age   2:    3112448 bytes,    5325744 total
- age   3:    6325840 bytes,   11651584 total
- age   4:    2755008 bytes,   14406592 total
- age   5:    1591600 bytes,   15998192 total
- age   6:    2746024 bytes,   18744216 total
- age   7:    2683856 bytes,   21428072 total
: 68781K->21824K(109248K), 0.0131330 secs] 276203K->241859K(502464K), 0.0131895 secs] [Times: user=0.06 sys=0.00, real=0.01 secs] 
Heap after GC invocations=39 (full 3):
 par new generation   total 109248K, used 21824K [0x00000000e0000000, 0x00000000e8000000, 0x00000000e8000000)
  eden space 87424K,   0% used [0x00000000e0000000, 0x00000000e0000000, 0x00000000e5560000)
  from space 21824K, 100% used [0x00000000e6ab0000, 0x00000000e8000000, 0x00000000e8000000)
  to   space 21824K,   0% used [0x00000000e5560000, 0x00000000e5560000, 0x00000000e6ab0000)
 concurrent mark-sweep generation total 393216K, used 220035K [0x00000000e8000000, 0x0000000100000000, 0x0000000100000000)
 Metaspace       used 30523K, capacity 30920K, committed 31232K, reserved 1077248K
  class space    used 3619K, capacity 3782K, committed 3840K, reserved 1048576K
}
2016-04-18T19:21:36.090+0200: 28.704: [Rescan (parallel) , 0.0043039 secs]2016-04-18T19:21:36.094+0200: 28.708: [weak refs processing, 0.0009620 secs]2016-04-18T19:21:36.095+0200: 28.709: [class unloading, 0.0043296 secs]2016-04-18T19:21:36.100+0200: 28.714: [scrub symbol table, 0.0032245 secs]2016-04-18T19:21:36.103+0200: 28.717: [scrub string table, 0.0004286 secs][1 CMS-remark: 220035K(393216K)] 241859K(502464K), 0.0271475 secs] [Times: user=0.08 sys=0.00, real=0.03 secs] 
2016-04-18T19:21:36.104+0200: 28.718: Total time for which application threads were stopped: 0.0273235 seconds, Stopping threads took: 0.0000785 seconds
2016-04-18T19:21:36.104+0200: 28.718: [CMS-concurrent-sweep-start]
2016-04-18T19:21:36.118+0200: 28.732: [CMS-concurrent-sweep: 0.014/0.014 secs] [Times: user=0.03 sys=0.00, real=0.01 secs] 
2016-04-18T19:21:36.118+0200: 28.732: [CMS-concurrent-reset-start]
2016-04-18T19:21:36.119+0200: 28.733: [CMS-concurrent-reset: 0.000/0.000 secs] [Times: user=0.00 sys=0.00, real=0.00 secs] 
{Heap before GC invocations=39 (full 3):
 par new generation   total 109248K, used 109248K [0x00000000e0000000, 0x00000000e8000000, 0x00000000e8000000)
  eden space 87424K, 100% used [0x00000000e0000000, 0x00000000e5560000, 0x00000000e5560000)
  from space 21824K, 100% used [0x00000000e6ab0000, 0x00000000e8000000, 0x00000000e8000000)
  to   space 21824K,   0% used [0x00000000e5560000, 0x00000000e5560000, 0x00000000e6ab0000)
 concurrent mark-sweep generation total 393216K, used 125598K [0x00000000e8000000, 0x0000000100000000, 0x0000000100000000)
 Metaspace       used 30531K, capacity 30920K, committed 31232K, reserved 1077248K
  class space    used 3619K, capacity 3782K, committed 3840K, reserved 1048576K
2016-04-18T19:21:36.497+0200: 29.111: [GC (Allocation Failure) 2016-04-18T19:21:36.497+0200: 29.111: [ParNew
Desired survivor size 20112992 bytes, new threshold 7 (max 8)
- age   1:    4742728 bytes,    4742728 total
- age   2:    1421000 bytes,    6163728 total
- age   3:    2363856 bytes,    8527584 total
- age   4:    5906864 bytes,   14434448 total
- age   5:    2707416 bytes,   17141864 total
- age   6:    1577680 bytes,   18719544 total
- age   7:    2436472 bytes,   21156016 total
: 109248K->21824K(109248K), 0.0147827 secs] 234846K->168326K(502464K), 0.0148609 secs] [Times: user=0.06 sys=0.00, real=0.02 secs] 
Heap after GC invocations=40 (full 3):
 par new generation   total 109248K, used 21824K [0x00000000e0000000, 0x00000000e8000000, 0x00000000e8000000)
  eden space 87424K,   0% used [0x00000000e0000000, 0x00000000e0000000, 0x00000000e5560000)
  from space 21824K, 100% used [0x00000000e5560000, 0x00000000e6ab0000, 0x00000000e6ab0000)
  to   space 21824K,   0% used [0x00000000e6ab0000, 0x00000000e6ab0000, 0x00000000e8000000)
 concurrent mark-sweep generation total 393216K, used 146502K [0x00000000e8000000, 0x0000000100000000, 0x0000000100000000)
 Metaspace       used 30531K, capacity 30920K, committed 31232K, reserved 1077248K
  class space    used 3619K, capacity 3782K, committed 3840K, reserved 1048576K
}
2016-04-18T19:21:36.512+0200: 29.126: Total time for which application threads were stopped: 0.0150296 seconds, Stopping threads took: 0.0000208 seconds
2016-04-18T19:21:37.512+0200: 30.126: Total time for which application threads were stopped: 0.0001386 seconds, Stopping threads took: 0.0000507 seconds
{Heap before GC invocations=40 (full 3):
 par new generation   total 109248K, used 109248K [0x00000000e0000000, 0x00000000e8000000, 0x00000000e8000000)
  eden space 87424K, 100% used [0x00000000e0000000, 0x00000000e5560000, 0x00000000e5560000)
  from space 21824K, 100% used [0x00000000e5560000, 0x00000000e6ab0000, 0x00000000e6ab0000)
  to   space 21824K,   0% used [0x00000000e6ab0000, 0x00000000e6ab0000, 0x00000000e8000000)
 concurrent mark-sweep generation total 393216K, used 146502K [0x00000000e8000000, 0x0000000100000000, 0x0000000100000000)
 Metaspace       used 30544K, capacity 30920K, committed 31232K, reserved 1077248K
  class space    used 3619K, capacity 3782K, committed 3840K, reserved 1048576K
2016-04-18T19:21:37.935+0200: 30.549: [GC (Allocation Failure) 2016-04-18T19:21:37.935+0200: 30.549: [ParNew
Desired survivor size 20112992 bytes, new threshold 8 (max 8)
- age   1:     590272 bytes,     590272 total
- age   2:    4307048 bytes,    4897320 total
- age   3:    1318152 bytes,    6215472 total
- age   4:    2242696 bytes,    8458168 total
- age   5:    5792712 bytes,   14250880 total
- age   6:    2586952 bytes,   16837832 total
- age   7:    1462016 bytes,   18299848 total
: 109248K->21824K(109248K), 0.0081919 secs] 255750K->170782K(502464K), 0.0082556 secs] [Times: user=0.00 sys=0.02, real=0.01 secs] 
Heap after GC invocations=41 (full 3):
 par new generation   total 109248K, used 21824K [0x00000000e0000000, 0x00000000e8000000, 0x00000000e8000000)
  eden space 87424K,   0% used [0x00000000e0000000, 0x00000000e0000000, 0x00000000e5560000)
  from space 21824K, 100% used [0x00000000e6ab0000, 0x00000000e8000000, 0x00000000e8000000)
  to   space 21824K,   0% used [0x00000000e5560000, 0x00000000e5560000, 0x00000000e6ab0000)
 concurrent mark-sweep generation total 393216K, used 148958K [0x00000000e8000000, 0x0000000100000000, 0x0000000100000000)
 Metaspace       used 30544K, capacity 30920K, committed 31232K, reserved 1077248K
  class space    used 3619K, capacity 3782K, committed 3840K, reserved 1048576K
}
2016-04-18T19:21:37.943+0200: 30.557: Total time for which application threads were stopped: 0.0084448 seconds, Stopping threads took: 0.0000223 seconds
{Heap before GC invocations=41 (full 3):
 par new generation   total 109248K, used 109248K [0x00000000e0000000, 0x00000000e8000000, 0x00000000e8000000)
  eden space 87424K, 100% used [0x00000000e0000000, 0x00000000e5560000, 0x00000000e5560000)
  from space 21824K, 100% used [0x00000000e6ab0000, 0x00000000e8000000, 0x00000000e8000000)
  to   space 21824K,   0% used [0x00000000e5560000, 0x00000000e5560000, 0x00000000e6ab0000)
 concurrent mark-sweep generation total 393216K, used 148958K [0x00000000e8000000, 0x0000000100000000, 0x0000000100000000)
 Metaspace       used 30544K, capacity 30920K, committed 31232K, reserved 1077248K
  class space    used 3619K, capacity 3782K, committed 3840K, reserved 1048576K
2016-04-18T19:21:38.010+0200: 30.624: [GC (Allocation Failure) 2016-04-18T19:21:38.010+0200: 30.624: [ParNew
Desired survivor size 20112992 bytes, new threshold 8 (max 8)
- age   1:      66400 bytes,      66400 total
- age   2:     552960 bytes,     619360 total
- age   3:    4081424 bytes,    4700784 total
- age   4:    1308592 bytes,    6009376 total
- age   5:    2239296 bytes,    8248672 total
- age   6:    5788264 bytes,   14036936 total
- age   7:    2582704 bytes,   16619640 total
- age   8:    1456968 bytes,   18076608 total
: 109248K->21824K(109248K), 0.0077714 secs] 258206K->171031K(502464K), 0.0078457 secs] [Times: user=0.00 sys=0.00, real=0.01 secs] 
Heap after GC invocations=42 (full 3):
 par new generation   total 109248K, used 21824K [0x00000000e0000000, 0x00000000e8000000, 0x00000000e8000000)
  eden space 87424K,   0% used [0x00000000e0000000, 0x00000000e0000000, 0x00000000e5560000)
  from space 21824K, 100% used [0x00000000e5560000, 0x00000000e6ab0000, 0x00000000e6ab0000)
  to   space 21824K,   0% used [0x00000000e6ab0000, 0x00000000e6ab0000, 0x00000000e8000000)
 concurrent mark-sweep generation total 393216K, used 149207K [0x00000000e8000000, 0x0000000100000000, 0x0000000100000000)
 Metaspace       used 30544K, capacity 30920K, committed 31232K, reserved 1077248K
  class space    used 3619K, capacity 3782K, committed 3840K, reserved 1048576K
}
2016-04-18T19:21:38.018+0200: 30.632: Total time for which application threads were stopped: 0.0080388 seconds, Stopping threads took: 0.0000395 seconds
{Heap before GC invocations=42 (full 3):
 par new generation   total 109248K, used 109248K [0x00000000e0000000, 0x00000000e8000000, 0x00000000e8000000)
  eden space 87424K, 100% used [0x00000000e0000000, 0x00000000e5560000, 0x00000000e5560000)
  from space 21824K, 100% used [0x00000000e5560000, 0x00000000e6ab0000, 0x00000000e6ab0000)
  to   space 21824K,   0% used [0x00000000e6ab0000, 0x00000000e6ab0000, 0x00000000e8000000)
 concurrent mark-sweep generation total 393216K, used 149207K [0x00000000e8000000, 0x0000000100000000, 0x0000000100000000)
 Metaspace       used 30544K, capacity 30920K, committed 31232K, reserved 1077248K
  class space    used 3619K, capacity 3782K, committed 3840K, reserved 1048576K
2016-04-18T19:21:38.090+0200: 30.703: [GC (Allocation Failure) 2016-04-18T19:21:38.090+0200: 30.703: [ParNew
Desired survivor size 20112992 bytes, new threshold 8 (max 8)
- age   1:      76280 bytes,      76280 total
- age   2:      34480 bytes,     110760 total
- age   3:     345424 bytes,     456184 total
- age   4:    3974816 bytes,    4431000 total
- age   5:    1292320 bytes,    5723320 total
- age   6:    2215344 bytes,    7938664 total
- age   7:    5766368 bytes,   13705032 total
- age   8:    2569592 bytes,   16274624 total
: 109248K->21824K(109248K), 0.0095980 secs] 258455K->172855K(502464K), 0.0096776 secs] [Times: user=0.00 sys=0.00, real=0.01 secs] 
Heap after GC invocations=43 (full 3):
 par new generation   total 109248K, used 21824K [0x00000000e0000000, 0x00000000e8000000, 0x00000000e8000000)
  eden space 87424K,   0% used [0x00000000e0000000, 0x00000000e0000000, 0x00000000e5560000)
  from space 21824K, 100% used [0x00000000e6ab0000, 0x00000000e8000000, 0x00000000e8000000)
  to   space 21824K,   0% used [0x00000000e5560000, 0x00000000e5560000, 0x00000000e6ab0000)
 concurrent mark-sweep generation total 393216K, used 151031K [0x00000000e8000000, 0x0000000100000000, 0x0000000100000000)
 Metaspace       used 30544K, capacity 30920K, committed 31232K, reserved 1077248K
  class space    used 3619K, capacity 3782K, committed 3840K, reserved 1048576K
}
2016-04-18T19:21:38.099+0200: 30.713: Total time for which application threads were stopped: 0.0098681 seconds, Stopping threads took: 0.0000245 seconds
{Heap before GC invocations=43 (full 3):
 par new generation   total 109248K, used 109248K [0x00000000e0000000, 0x00000000e8000000, 0x00000000e8000000)
  eden space 87424K, 100% used [0x00000000e0000000, 0x00000000e5560000, 0x00000000e5560000)
  from space 21824K, 100% used [0x00000000e6ab0000, 0x00000000e8000000, 0x00000000e8000000)
  to   space 21824K,   0% used [0x00000000e5560000, 0x00000000e5560000, 0x00000000e6ab0000)
 concurrent mark-sweep generation total 393216K, used 151031K [0x00000000e8000000, 0x0000000100000000, 0x0000000100000000)
 Metaspace       used 30545K, capacity 30920K, committed 31232K, reserved 1077248K
  class space    used 3619K, capacity 3782K, committed 3840K, reserved 1048576K
2016-04-18T19:21:38.198+0200: 30.812: [GC (Allocation Failure) 2016-04-18T19:21:38.198+0200: 30.812: [ParNew
Desired survivor size 20112992 bytes, new threshold 8 (max 8)
- age   1:      64880 bytes,      64880 total
- age   2:      32696 bytes,      97576 total
- age   3:      34480 bytes,     132056 total
- age   4:     345424 bytes,     477480 total
- age   5:    3974816 bytes,    4452296 total
- age   6:    1292320 bytes,    5744616 total
- age   7:    2215344 bytes,    7959960 total
- age   8:    5766368 bytes,   13726328 total
: 109248K->18255K(109248K), 0.0078641 secs] 260279K->171819K(502464K), 0.0079302 secs] [Times: user=0.00 sys=0.00, real=0.01 secs] 
Heap after GC invocations=44 (full 3):
 par new generation   total 109248K, used 18255K [0x00000000e0000000, 0x00000000e8000000, 0x00000000e8000000)
  eden space 87424K,   0% used [0x00000000e0000000, 0x00000000e0000000, 0x00000000e5560000)
  from space 21824K,  83% used [0x00000000e5560000, 0x00000000e6733e40, 0x00000000e6ab0000)
  to   space 21824K,   0% used [0x00000000e6ab0000, 0x00000000e6ab0000, 0x00000000e8000000)
 concurrent mark-sweep generation total 393216K, used 153563K [0x00000000e8000000, 0x0000000100000000, 0x0000000100000000)
 Metaspace       used 30545K, capacity 30920K, committed 31232K, reserved 1077248K
  class space    used 3619K, capacity 3782K, committed 3840K, reserved 1048576K
}
2016-04-18T19:21:38.206+0200: 30.820: Total time for which application threads were stopped: 0.0081110 seconds, Stopping threads took: 0.0000245 seconds
{Heap before GC invocations=44 (full 3):
 par new generation   total 109248K, used 105677K [0x00000000e0000000, 0x00000000e8000000, 0x00000000e8000000)
  eden space 87424K,  99% used [0x00000000e0000000, 0x00000000e555f6e8, 0x00000000e5560000)
  from space 21824K,  83% used [0x00000000e5560000, 0x00000000e6733e40, 0x00000000e6ab0000)
  to   space 21824K,   0% used [0x00000000e6ab0000, 0x00000000e6ab0000, 0x00000000e8000000)
 concurrent mark-sweep generation total 393216K, used 153563K [0x00000000e8000000, 0x0000000100000000, 0x0000000100000000)
 Metaspace       used 30545K, capacity 30920K, committed 31232K, reserved 1077248K
  class space    used 3619K, capacity 3782K, committed 3840K, reserved 1048576K
2016-04-18T19:21:38.323+0200: 30.937: [GC (Allocation Failure) 2016-04-18T19:21:38.323+0200: 30.937: [ParNew
Desired survivor size 20112992 bytes, new threshold 8 (max 8)
- age   1:      81896 bytes,      81896 total
- age   2:       1296 bytes,      83192 total
- age   5:     331704 bytes,     414896 total
- age   6:    3974816 bytes,    4389712 total
- age   7:    1292320 bytes,    5682032 total
- age   8:    2215344 bytes,    7897376 total
: 105677K->9543K(109248K), 0.0073162 secs] 259240K->168759K(502464K), 0.0073904 secs] [Times: user=0.00 sys=0.00, real=0.01 secs] 
Heap after GC invocations=45 (full 3):
 par new generation   total 109248K, used 9543K [0x00000000e0000000, 0x00000000e8000000, 0x00000000e8000000)
  eden space 87424K,   0% used [0x00000000e0000000, 0x00000000e0000000, 0x00000000e5560000)
  from space 21824K,  43% used [0x00000000e6ab0000, 0x00000000e7401d48, 0x00000000e8000000)
  to   space 21824K,   0% used [0x00000000e5560000, 0x00000000e5560000, 0x00000000e6ab0000)
 concurrent mark-sweep generation total 393216K, used 159215K [0x00000000e8000000, 0x0000000100000000, 0x0000000100000000)
 Metaspace       used 30545K, capacity 30920K, committed 31232K, reserved 1077248K
  class space    used 3619K, capacity 3782K, committed 3840K, reserved 1048576K
}
2016-04-18T19:21:38.331+0200: 30.944: Total time for which application threads were stopped: 0.0075830 seconds, Stopping threads took: 0.0000241 seconds
{Heap before GC invocations=45 (full 3):
 par new generation   total 109248K, used 96967K [0x00000000e0000000, 0x00000000e8000000, 0x00000000e8000000)
  eden space 87424K, 100% used [0x00000000e0000000, 0x00000000e5560000, 0x00000000e5560000)
  from space 21824K,  43% used [0x00000000e6ab0000, 0x00000000e7401d48, 0x00000000e8000000)
  to   space 21824K,   0% used [0x00000000e5560000, 0x00000000e5560000, 0x00000000e6ab0000)
 concurrent mark-sweep generation total 393216K, used 159215K [0x00000000e8000000, 0x0000000100000000, 0x0000000100000000)
 Metaspace       used 30546K, capacity 30920K, committed 31232K, reserved 1077248K
  class space    used 3619K, capacity 3782K, committed 3840K, reserved 1048576K
2016-04-18T19:21:38.403+0200: 31.017: [GC (Allocation Failure) 2016-04-18T19:21:38.403+0200: 31.017: [ParNew
Desired survivor size 20112992 bytes, new threshold 8 (max 8)
- age   1:     153512 bytes,     153512 total
- age   2:       2016 bytes,     155528 total
- age   3:       1296 bytes,     156824 total
- age   6:     331704 bytes,     488528 total
- age   7:    3974816 bytes,    4463344 total
- age   8:    1292320 bytes,    5755664 total
: 96967K->7692K(109248K), 0.0064302 secs] 256183K->169095K(502464K), 0.0064975 secs] [Times: user=0.00 sys=0.00, real=0.01 secs] 
Heap after GC invocations=46 (full 3):
 par new generation   total 109248K, used 7692K [0x00000000e0000000, 0x00000000e8000000, 0x00000000e8000000)
  eden space 87424K,   0% used [0x00000000e0000000, 0x00000000e0000000, 0x00000000e5560000)
  from space 21824K,  35% used [0x00000000e5560000, 0x00000000e5ce33a0, 0x00000000e6ab0000)
  to   space 21824K,   0% used [0x00000000e6ab0000, 0x00000000e6ab0000, 0x00000000e8000000)
 concurrent mark-sweep generation total 393216K, used 161402K [0x00000000e8000000, 0x0000000100000000, 0x0000000100000000)
 Metaspace       used 30546K, capacity 30920K, committed 31232K, reserved 1077248K
  class space    used 3619K, capacity 3782K, committed 3840K, reserved 1048576K
}
2016-04-18T19:21:38.409+0200: 31.023: Total time for which application threads were stopped: 0.0066853 seconds, Stopping threads took: 0.0000229 seconds
{Heap before GC invocations=46 (full 3):
 par new generation   total 109248K, used 95116K [0x00000000e0000000, 0x00000000e8000000, 0x00000000e8000000)
  eden space 87424K, 100% used [0x00000000e0000000, 0x00000000e5560000, 0x00000000e5560000)
  from space 21824K,  35% used [0x00000000e5560000, 0x00000000e5ce33a0, 0x00000000e6ab0000)
  to   space 21824K,   0% used [0x00000000e6ab0000, 0x00000000e6ab0000, 0x00000000e8000000)
 concurrent mark-sweep generation total 393216K, used 161402K [0x00000000e8000000, 0x0000000100000000, 0x0000000100000000)
 Metaspace       used 30546K, capacity 30920K, committed 31232K, reserved 1077248K
  class space    used 3619K, capacity 3782K, committed 3840K, reserved 1048576K
2016-04-18T19:21:38.469+0200: 31.083: [GC (Allocation Failure) 2016-04-18T19:21:38.469+0200: 31.083: [ParNew
Desired survivor size 20112992 bytes, new threshold 8 (max 8)
- age   1:     144520 bytes,     144520 total
- age   2:      46920 bytes,     191440 total
- age   3:       2016 bytes,     193456 total
- age   4:       1296 bytes,     194752 total
- age   7:     331704 bytes,     526456 total
- age   8:    3974816 bytes,    4501272 total
: 95116K->6046K(109248K), 0.0050362 secs] 256519K->168724K(502464K), 0.0051144 secs] [Times: user=0.00 sys=0.00, real=0.00 secs] 
Heap after GC invocations=47 (full 3):
 par new generation   total 109248K, used 6046K [0x00000000e0000000, 0x00000000e8000000, 0x00000000e8000000)
  eden space 87424K,   0% used [0x00000000e0000000, 0x00000000e0000000, 0x00000000e5560000)
  from space 21824K,  27% used [0x00000000e6ab0000, 0x00000000e7097a30, 0x00000000e8000000)
  to   space 21824K,   0% used [0x00000000e5560000, 0x00000000e5560000, 0x00000000e6ab0000)
 concurrent mark-sweep generation total 393216K, used 162677K [0x00000000e8000000, 0x0000000100000000, 0x0000000100000000)
 Metaspace       used 30546K, capacity 30920K, committed 31232K, reserved 1077248K
  class space    used 3619K, capacity 3782K, committed 3840K, reserved 1048576K
}
2016-04-18T19:21:38.474+0200: 31.088: Total time for which application threads were stopped: 0.0052940 seconds, Stopping threads took: 0.0000217 seconds
{Heap before GC invocations=47 (full 3):
 par new generation   total 109248K, used 93470K [0x00000000e0000000, 0x00000000e8000000, 0x00000000e8000000)
  eden space 87424K, 100% used [0x00000000e0000000, 0x00000000e5560000, 0x00000000e5560000)
  from space 21824K,  27% used [0x00000000e6ab0000, 0x00000000e7097a30, 0x00000000e8000000)
  to   space 21824K,   0% used [0x00000000e5560000, 0x00000000e5560000, 0x00000000e6ab0000)
 concurrent mark-sweep generation total 393216K, used 162677K [0x00000000e8000000, 0x0000000100000000, 0x0000000100000000)
 Metaspace       used 30546K, capacity 30920K, committed 31232K, reserved 1077248K
  class space    used 3619K, capacity 3782K, committed 3840K, reserved 1048576K
2016-04-18T19:21:38.613+0200: 31.227: [GC (Allocation Failure) 2016-04-18T19:21:38.613+0200: 31.227: [ParNew
Desired survivor size 20112992 bytes, new threshold 8 (max 8)
- age   1:    1771360 bytes,    1771360 total
- age   3:        208 bytes,    1771568 total
- age   5:        256 bytes,    1771824 total
- age   8:     281120 bytes,    2052944 total
: 93470K->3984K(109248K), 0.0056590 secs] 256148K->170487K(502464K), 0.0057347 secs] [Times: user=0.08 sys=0.00, real=0.01 secs] 
Heap after GC invocations=48 (full 3):
 par new generation   total 109248K, used 3984K [0x00000000e0000000, 0x00000000e8000000, 0x00000000e8000000)
  eden space 87424K,   0% used [0x00000000e0000000, 0x00000000e0000000, 0x00000000e5560000)
  from space 21824K,  18% used [0x00000000e5560000, 0x00000000e5944120, 0x00000000e6ab0000)
  to   space 21824K,   0% used [0x00000000e6ab0000, 0x00000000e6ab0000, 0x00000000e8000000)
 concurrent mark-sweep generation total 393216K, used 166503K [0x00000000e8000000, 0x0000000100000000, 0x0000000100000000)
 Metaspace       used 30546K, capacity 30920K, committed 31232K, reserved 1077248K
  class space    used 3619K, capacity 3782K, committed 3840K, reserved 1048576K
}
2016-04-18T19:21:38.618+0200: 31.232: Total time for which application threads were stopped: 0.0059476 seconds, Stopping threads took: 0.0000344 seconds
{Heap before GC invocations=48 (full 3):
 par new generation   total 109248K, used 91408K [0x00000000e0000000, 0x00000000e8000000, 0x00000000e8000000)
  eden space 87424K, 100% used [0x00000000e0000000, 0x00000000e5560000, 0x00000000e5560000)
  from space 21824K,  18% used [0x00000000e5560000, 0x00000000e5944120, 0x00000000e6ab0000)
  to   space 21824K,   0% used [0x00000000e6ab0000, 0x00000000e6ab0000, 0x00000000e8000000)
 concurrent mark-sweep generation total 393216K, used 166503K [0x00000000e8000000, 0x0000000100000000, 0x0000000100000000)
 Metaspace       used 30546K, capacity 30920K, committed 31232K, reserved 1077248K
  class space    used 3619K, capacity 3782K, committed 3840K, reserved 1048576K
2016-04-18T19:21:38.902+0200: 31.516: [GC (Allocation Failure) 2016-04-18T19:21:38.902+0200: 31.516: [ParNew
Desired survivor size 20112992 bytes, new threshold 8 (max 8)
- age   1:    9769904 bytes,    9769904 total
- age   2:    1351736 bytes,   11121640 total
- age   4:        208 bytes,   11121848 total
- age   6:        256 bytes,   11122104 total
: 91408K->11477K(109248K), 0.0054072 secs] 257911K->178255K(502464K), 0.0054839 secs] [Times: user=0.00 sys=0.00, real=0.01 secs] 
Heap after GC invocations=49 (full 3):
 par new generation   total 109248K, used 11477K [0x00000000e0000000, 0x00000000e8000000, 0x00000000e8000000)
  eden space 87424K,   0% used [0x00000000e0000000, 0x00000000e0000000, 0x00000000e5560000)
  from space 21824K,  52% used [0x00000000e6ab0000, 0x00000000e75e5750, 0x00000000e8000000)
  to   space 21824K,   0% used [0x00000000e5560000, 0x00000000e5560000, 0x00000000e6ab0000)
 concurrent mark-sweep generation total 393216K, used 166777K [0x00000000e8000000, 0x0000000100000000, 0x0000000100000000)
 Metaspace       used 30546K, capacity 30920K, committed 31232K, reserved 1077248K
  class space    used 3619K, capacity 3782K, committed 3840K, reserved 1048576K
}
2016-04-18T19:21:38.908+0200: 31.521: Total time for which application threads were stopped: 0.0056707 seconds, Stopping threads took: 0.0000241 seconds
{Heap before GC invocations=49 (full 3):
 par new generation   total 109248K, used 98901K [0x00000000e0000000, 0x00000000e8000000, 0x00000000e8000000)
  eden space 87424K, 100% used [0x00000000e0000000, 0x00000000e5560000, 0x00000000e5560000)
  from space 21824K,  52% used [0x00000000e6ab0000, 0x00000000e75e5750, 0x00000000e8000000)
  to   space 21824K,   0% used [0x00000000e5560000, 0x00000000e5560000, 0x00000000e6ab0000)
 concurrent mark-sweep generation total 393216K, used 166777K [0x00000000e8000000, 0x0000000100000000, 0x0000000100000000)
 Metaspace       used 30546K, capacity 30920K, committed 31232K, reserved 1077248K
  class space    used 3619K, capacity 3782K, committed 3840K, reserved 1048576K
2016-04-18T19:21:39.212+0200: 31.825: [GC (Allocation Failure) 2016-04-18T19:21:39.212+0200: 31.826: [ParNew
Desired survivor size 20112992 bytes, new threshold 3 (max 8)
- age   1:   13841944 bytes,   13841944 total
- age   2:    6045632 bytes,   19887576 total
- age   3:    1349152 bytes,   21236728 total
- age   5:        208 bytes,   21236936 total
- age   7:        256 bytes,   21237192 total
: 98901K->21824K(109248K), 0.0086613 secs] 265679K->188643K(502464K), 0.0087238 secs] [Times: user=0.00 sys=0.00, real=0.01 secs] 
Heap after GC invocations=50 (full 3):
 par new generation   total 109248K, used 21824K [0x00000000e0000000, 0x00000000e8000000, 0x00000000e8000000)
  eden space 87424K,   0% used [0x00000000e0000000, 0x00000000e0000000, 0x00000000e5560000)
  from space 21824K, 100% used [0x00000000e5560000, 0x00000000e6ab0000, 0x00000000e6ab0000)
  to   space 21824K,   0% used [0x00000000e6ab0000, 0x00000000e6ab0000, 0x00000000e8000000)
 concurrent mark-sweep generation total 393216K, used 166819K [0x00000000e8000000, 0x0000000100000000, 0x0000000100000000)
 Metaspace       used 30546K, capacity 30920K, committed 31232K, reserved 1077248K
  class space    used 3619K, capacity 3782K, committed 3840K, reserved 1048576K
}
2016-04-18T19:21:39.220+0200: 31.834: Total time for which application threads were stopped: 0.0089049 seconds, Stopping threads took: 0.0000229 seconds
2016-04-18T19:21:39.401+0200: 32.015: Total time for which application threads were stopped: 0.0001799 seconds, Stopping threads took: 0.0000477 seconds
2016-04-18T19:21:39.402+0200: 32.016: Total time for which application threads were stopped: 0.0004223 seconds, Stopping threads took: 0.0003613 seconds
2016-04-18T19:21:39.403+0200: 32.016: Total time for which application threads were stopped: 0.0001337 seconds, Stopping threads took: 0.0000857 seconds
2016-04-18T19:21:39.403+0200: 32.017: Total time for which application threads were stopped: 0.0001446 seconds, Stopping threads took: 0.0000924 seconds
2016-04-18T19:21:39.403+0200: 32.017: Total time for which application threads were stopped: 0.0001730 seconds, Stopping threads took: 0.0001075 seconds
2016-04-18T19:21:39.404+0200: 32.017: Total time for which application threads were stopped: 0.0001558 seconds, Stopping threads took: 0.0000921 seconds
2016-04-18T19:21:39.414+0200: 32.027: Total time for which application threads were stopped: 0.0001884 seconds, Stopping threads took: 0.0000806 seconds
2016-04-18T19:21:39.414+0200: 32.027: Total time for which application threads were stopped: 0.0000598 seconds, Stopping threads took: 0.0000097 seconds
2016-04-18T19:21:39.414+0200: 32.027: Total time for which application threads were stopped: 0.0000561 seconds, Stopping threads took: 0.0000072 seconds
2016-04-18T19:21:39.414+0200: 32.028: Total time for which application threads were stopped: 0.0001090 seconds, Stopping threads took: 0.0000380 seconds
2016-04-18T19:21:39.476+0200: 32.090: Total time for which application threads were stopped: 0.0001893 seconds, Stopping threads took: 0.0000423 seconds
2016-04-18T19:21:39.476+0200: 32.090: Total time for which application threads were stopped: 0.0000812 seconds, Stopping threads took: 0.0000266 seconds
{Heap before GC invocations=50 (full 3):
 par new generation   total 109248K, used 109248K [0x00000000e0000000, 0x00000000e8000000, 0x00000000e8000000)
  eden space 87424K, 100% used [0x00000000e0000000, 0x00000000e5560000, 0x00000000e5560000)
  from space 21824K, 100% used [0x00000000e5560000, 0x00000000e6ab0000, 0x00000000e6ab0000)
  to   space 21824K,   0% used [0x00000000e6ab0000, 0x00000000e6ab0000, 0x00000000e8000000)
 concurrent mark-sweep generation total 393216K, used 166819K [0x00000000e8000000, 0x0000000100000000, 0x0000000100000000)
 Metaspace       used 30557K, capacity 30920K, committed 31232K, reserved 1077248K
  class space    used 3620K, capacity 3782K, committed 3840K, reserved 1048576K
2016-04-18T19:21:39.532+0200: 32.145: [GC (Allocation Failure) 2016-04-18T19:21:39.532+0200: 32.145: [ParNew
Desired survivor size 20112992 bytes, new threshold 8 (max 8)
- age   1:    8495208 bytes,    8495208 total
- age   2:    6147520 bytes,   14642728 total
- age   3:    5051968 bytes,   19694696 total
: 109248K->21824K(109248K), 0.0075329 secs] 276067K->195600K(502464K), 0.0076042 secs] [Times: user=0.06 sys=0.00, real=0.01 secs] 
Heap after GC invocations=51 (full 3):
 par new generation   total 109248K, used 21824K [0x00000000e0000000, 0x00000000e8000000, 0x00000000e8000000)
  eden space 87424K,   0% used [0x00000000e0000000, 0x00000000e0000000, 0x00000000e5560000)
  from space 21824K, 100% used [0x00000000e6ab0000, 0x00000000e8000000, 0x00000000e8000000)
  to   space 21824K,   0% used [0x00000000e5560000, 0x00000000e5560000, 0x00000000e6ab0000)
 concurrent mark-sweep generation total 393216K, used 173776K [0x00000000e8000000, 0x0000000100000000, 0x0000000100000000)
 Metaspace       used 30557K, capacity 30920K, committed 31232K, reserved 1077248K
  class space    used 3620K, capacity 3782K, committed 3840K, reserved 1048576K
}
2016-04-18T19:21:39.539+0200: 32.153: Total time for which application threads were stopped: 0.0077992 seconds, Stopping threads took: 0.0000423 seconds
{Heap before GC invocations=51 (full 3):
 par new generation   total 109248K, used 109248K [0x00000000e0000000, 0x00000000e8000000, 0x00000000e8000000)
  eden space 87424K, 100% used [0x00000000e0000000, 0x00000000e5560000, 0x00000000e5560000)
  from space 21824K, 100% used [0x00000000e6ab0000, 0x00000000e8000000, 0x00000000e8000000)
  to   space 21824K,   0% used [0x00000000e5560000, 0x00000000e5560000, 0x00000000e6ab0000)
 concurrent mark-sweep generation total 393216K, used 173776K [0x00000000e8000000, 0x0000000100000000, 0x0000000100000000)
 Metaspace       used 30558K, capacity 30920K, committed 31232K, reserved 1077248K
  class space    used 3620K, capacity 3782K, committed 3840K, reserved 1048576K
2016-04-18T19:21:39.677+0200: 32.291: [GC (Allocation Failure) 2016-04-18T19:21:39.677+0200: 32.291: [ParNew
Desired survivor size 20112992 bytes, new threshold 4 (max 8)
- age   1:    2816512 bytes,    2816512 total
- age   2:    6099408 bytes,    8915920 total
- age   3:    6147520 bytes,   15063440 total
- age   4:    5051968 bytes,   20115408 total
: 109248K->21824K(109248K), 0.0075580 secs] 283024K->199192K(502464K), 0.0076823 secs] [Times: user=0.06 sys=0.00, real=0.01 secs] 
Heap after GC invocations=52 (full 3):
 par new generation   total 109248K, used 21824K [0x00000000e0000000, 0x00000000e8000000, 0x00000000e8000000)
  eden space 87424K,   0% used [0x00000000e0000000, 0x00000000e0000000, 0x00000000e5560000)
  from space 21824K, 100% used [0x00000000e5560000, 0x00000000e6ab0000, 0x00000000e6ab0000)
  to   space 21824K,   0% used [0x00000000e6ab0000, 0x00000000e6ab0000, 0x00000000e8000000)
 concurrent mark-sweep generation total 393216K, used 177368K [0x00000000e8000000, 0x0000000100000000, 0x0000000100000000)
 Metaspace       used 30558K, capacity 30920K, committed 31232K, reserved 1077248K
  class space    used 3620K, capacity 3782K, committed 3840K, reserved 1048576K
}
2016-04-18T19:21:39.685+0200: 32.299: Total time for which application threads were stopped: 0.0078967 seconds, Stopping threads took: 0.0000501 seconds
{Heap before GC invocations=52 (full 3):
 par new generation   total 109248K, used 109248K [0x00000000e0000000, 0x00000000e8000000, 0x00000000e8000000)
  eden space 87424K, 100% used [0x00000000e0000000, 0x00000000e5560000, 0x00000000e5560000)
  from space 21824K, 100% used [0x00000000e5560000, 0x00000000e6ab0000, 0x00000000e6ab0000)
  to   space 21824K,   0% used [0x00000000e6ab0000, 0x00000000e6ab0000, 0x00000000e8000000)
 concurrent mark-sweep generation total 393216K, used 177368K [0x00000000e8000000, 0x0000000100000000, 0x0000000100000000)
 Metaspace       used 30558K, capacity 30920K, committed 31232K, reserved 1077248K
  class space    used 3620K, capacity 3782K, committed 3840K, reserved 1048576K
2016-04-18T19:21:39.751+0200: 32.365: [GC (Allocation Failure) 2016-04-18T19:21:39.751+0200: 32.365: [ParNew
Desired survivor size 20112992 bytes, new threshold 8 (max 8)
- age   1:    3991096 bytes,    3991096 total
- age   2:    1543680 bytes,    5534776 total
- age   3:    6077720 bytes,   11612496 total
- age   4:    6108440 bytes,   17720936 total
: 109248K->21824K(109248K), 0.0091820 secs] 286616K->204209K(502464K), 0.0092345 secs] [Times: user=0.06 sys=0.00, real=0.01 secs] 
Heap after GC invocations=53 (full 3):
 par new generation   total 109248K, used 21824K [0x00000000e0000000, 0x00000000e8000000, 0x00000000e8000000)
  eden space 87424K,   0% used [0x00000000e0000000, 0x00000000e0000000, 0x00000000e5560000)
  from space 21824K, 100% used [0x00000000e6ab0000, 0x00000000e8000000, 0x00000000e8000000)
  to   space 21824K,   0% used [0x00000000e5560000, 0x00000000e5560000, 0x00000000e6ab0000)
 concurrent mark-sweep generation total 393216K, used 182385K [0x00000000e8000000, 0x0000000100000000, 0x0000000100000000)
 Metaspace       used 30558K, capacity 30920K, committed 31232K, reserved 1077248K
  class space    used 3620K, capacity 3782K, committed 3840K, reserved 1048576K
}
2016-04-18T19:21:39.760+0200: 32.374: Total time for which application threads were stopped: 0.0094515 seconds, Stopping threads took: 0.0000574 seconds
2016-04-18T19:21:39.795+0200: 32.410: Total time for which application threads were stopped: 0.0001286 seconds, Stopping threads took: 0.0000308 seconds
2016-04-18T19:21:39.796+0200: 32.410: Total time for which application threads were stopped: 0.0001017 seconds, Stopping threads took: 0.0000311 seconds
2016-04-18T19:21:39.797+0200: 32.411: Total time for which application threads were stopped: 0.0000936 seconds, Stopping threads took: 0.0000456 seconds
2016-04-18T19:21:39.799+0200: 32.413: Total time for which application threads were stopped: 0.0003945 seconds, Stopping threads took: 0.0000257 seconds
2016-04-18T19:21:39.800+0200: 32.414: Total time for which application threads were stopped: 0.0000866 seconds, Stopping threads took: 0.0000235 seconds
2016-04-18T19:21:39.801+0200: 32.415: Total time for which application threads were stopped: 0.0000927 seconds, Stopping threads took: 0.0000305 seconds
2016-04-18T19:21:39.803+0200: 32.417: Total time for which application threads were stopped: 0.0001117 seconds, Stopping threads took: 0.0000332 seconds
2016-04-18T19:21:39.803+0200: 32.417: Total time for which application threads were stopped: 0.0000978 seconds, Stopping threads took: 0.0000395 seconds
2016-04-18T19:21:39.805+0200: 32.419: Total time for which application threads were stopped: 0.0001162 seconds, Stopping threads took: 0.0000377 seconds
2016-04-18T19:21:39.808+0200: 32.422: Total time for which application threads were stopped: 0.0004051 seconds, Stopping threads took: 0.0000417 seconds
2016-04-18T19:21:39.810+0200: 32.424: Total time for which application threads were stopped: 0.0001491 seconds, Stopping threads took: 0.0000426 seconds
2016-04-18T19:21:39.812+0200: 32.426: Total time for which application threads were stopped: 0.0000978 seconds, Stopping threads took: 0.0000308 seconds
2016-04-18T19:21:39.812+0200: 32.426: Total time for which application threads were stopped: 0.0000815 seconds, Stopping threads took: 0.0000296 seconds
2016-04-18T19:21:39.813+0200: 32.427: Total time for which application threads were stopped: 0.0001041 seconds, Stopping threads took: 0.0000386 seconds
2016-04-18T19:21:39.815+0200: 32.429: Total time for which application threads were stopped: 0.0001395 seconds, Stopping threads took: 0.0000552 seconds
2016-04-18T19:21:39.816+0200: 32.430: Total time for which application threads were stopped: 0.0001204 seconds, Stopping threads took: 0.0000474 seconds
2016-04-18T19:21:39.816+0200: 32.430: Total time for which application threads were stopped: 0.0000981 seconds, Stopping threads took: 0.0000471 seconds
2016-04-18T19:21:39.818+0200: 32.432: Total time for which application threads were stopped: 0.0001298 seconds, Stopping threads took: 0.0000498 seconds
2016-04-18T19:21:39.818+0200: 32.432: Total time for which application threads were stopped: 0.0000646 seconds, Stopping threads took: 0.0000112 seconds
2016-04-18T19:21:39.821+0200: 32.435: Total time for which application threads were stopped: 0.0001380 seconds, Stopping threads took: 0.0000564 seconds
2016-04-18T19:21:39.824+0200: 32.438: Total time for which application threads were stopped: 0.0001588 seconds, Stopping threads took: 0.0000691 seconds
2016-04-18T19:21:39.824+0200: 32.438: Total time for which application threads were stopped: 0.0001316 seconds, Stopping threads took: 0.0000480 seconds
2016-04-18T19:21:39.828+0200: 32.442: Total time for which application threads were stopped: 0.0001579 seconds, Stopping threads took: 0.0000697 seconds
2016-04-18T19:21:39.829+0200: 32.443: Total time for which application threads were stopped: 0.0001204 seconds, Stopping threads took: 0.0000519 seconds
2016-04-18T19:21:39.830+0200: 32.444: Total time for which application threads were stopped: 0.0000990 seconds, Stopping threads took: 0.0000308 seconds
2016-04-18T19:21:39.917+0200: 32.531: Total time for which application threads were stopped: 0.0001989 seconds, Stopping threads took: 0.0000477 seconds
2016-04-18T19:21:39.917+0200: 32.531: Total time for which application threads were stopped: 0.0000836 seconds, Stopping threads took: 0.0000235 seconds
2016-04-18T19:21:39.917+0200: 32.531: Total time for which application threads were stopped: 0.0000897 seconds, Stopping threads took: 0.0000193 seconds
2016-04-18T19:21:39.918+0200: 32.532: Total time for which application threads were stopped: 0.0001790 seconds, Stopping threads took: 0.0000199 seconds
2016-04-18T19:21:39.918+0200: 32.532: Total time for which application threads were stopped: 0.0000851 seconds, Stopping threads took: 0.0000205 seconds
{Heap before GC invocations=53 (full 3):
 par new generation   total 109248K, used 109248K [0x00000000e0000000, 0x00000000e8000000, 0x00000000e8000000)
  eden space 87424K, 100% used [0x00000000e0000000, 0x00000000e5560000, 0x00000000e5560000)
  from space 21824K, 100% used [0x00000000e6ab0000, 0x00000000e8000000, 0x00000000e8000000)
  to   space 21824K,   0% used [0x00000000e5560000, 0x00000000e5560000, 0x00000000e6ab0000)
 concurrent mark-sweep generation total 393216K, used 182385K [0x00000000e8000000, 0x0000000100000000, 0x0000000100000000)
 Metaspace       used 30914K, capacity 31278K, committed 31744K, reserved 1077248K
  class space    used 3655K, capacity 3815K, committed 3840K, reserved 1048576K
2016-04-18T19:21:40.032+0200: 32.646: [GC (Allocation Failure) 2016-04-18T19:21:40.032+0200: 32.646: [ParNew
Desired survivor size 20112992 bytes, new threshold 8 (max 8)
- age   1:    9448616 bytes,    9448616 total
- age   2:    1682456 bytes,   11131072 total
- age   3:     946808 bytes,   12077880 total
- age   4:    3936776 bytes,   16014656 total
- age   5:    3255304 bytes,   19269960 total
: 109248K->21824K(109248K), 0.0100800 secs] 291633K->210084K(502464K), 0.0101718 secs] [Times: user=0.09 sys=0.00, real=0.01 secs] 
Heap after GC invocations=54 (full 3):
 par new generation   total 109248K, used 21824K [0x00000000e0000000, 0x00000000e8000000, 0x00000000e8000000)
  eden space 87424K,   0% used [0x00000000e0000000, 0x00000000e0000000, 0x00000000e5560000)
  from space 21824K, 100% used [0x00000000e5560000, 0x00000000e6ab0000, 0x00000000e6ab0000)
  to   space 21824K,   0% used [0x00000000e6ab0000, 0x00000000e6ab0000, 0x00000000e8000000)
 concurrent mark-sweep generation total 393216K, used 188260K [0x00000000e8000000, 0x0000000100000000, 0x0000000100000000)
 Metaspace       used 30914K, capacity 31278K, committed 31744K, reserved 1077248K
  class space    used 3655K, capacity 3815K, committed 3840K, reserved 1048576K
}
2016-04-18T19:21:40.042+0200: 32.656: Total time for which application threads were stopped: 0.0103656 seconds, Stopping threads took: 0.0000263 seconds
{Heap before GC invocations=54 (full 3):
 par new generation   total 109248K, used 109248K [0x00000000e0000000, 0x00000000e8000000, 0x00000000e8000000)
  eden space 87424K, 100% used [0x00000000e0000000, 0x00000000e5560000, 0x00000000e5560000)
  from space 21824K, 100% used [0x00000000e5560000, 0x00000000e6ab0000, 0x00000000e6ab0000)
  to   space 21824K,   0% used [0x00000000e6ab0000, 0x00000000e6ab0000, 0x00000000e8000000)
 concurrent mark-sweep generation total 393216K, used 188260K [0x00000000e8000000, 0x0000000100000000, 0x0000000100000000)
 Metaspace       used 30914K, capacity 31278K, committed 31744K, reserved 1077248K
  class space    used 3655K, capacity 3815K, committed 3840K, reserved 1048576K
2016-04-18T19:21:40.354+0200: 32.968: [GC (Allocation Failure) 2016-04-18T19:21:40.354+0200: 32.968: [ParNew
Desired survivor size 20112992 bytes, new threshold 8 (max 8)
- age   1:    8569488 bytes,    8569488 total
- age   2:    4132256 bytes,   12701744 total
- age   3:    1208280 bytes,   13910024 total
- age   4:     920320 bytes,   14830344 total
- age   5:    3205008 bytes,   18035352 total
- age   6:    2069536 bytes,   20104888 total
: 109248K->21824K(109248K), 0.0099430 secs] 297508K->219059K(502464K), 0.0100169 secs] [Times: user=0.00 sys=0.00, real=0.01 secs] 
Heap after GC invocations=55 (full 3):
 par new generation   total 109248K, used 21824K [0x00000000e0000000, 0x00000000e8000000, 0x00000000e8000000)
  eden space 87424K,   0% used [0x00000000e0000000, 0x00000000e0000000, 0x00000000e5560000)
  from space 21824K, 100% used [0x00000000e6ab0000, 0x00000000e8000000, 0x00000000e8000000)
  to   space 21824K,   0% used [0x00000000e5560000, 0x00000000e5560000, 0x00000000e6ab0000)
 concurrent mark-sweep generation total 393216K, used 197235K [0x00000000e8000000, 0x0000000100000000, 0x0000000100000000)
 Metaspace       used 30914K, capacity 31278K, committed 31744K, reserved 1077248K
  class space    used 3655K, capacity 3815K, committed 3840K, reserved 1048576K
}
2016-04-18T19:21:40.364+0200: 32.978: Total time for which application threads were stopped: 0.0102011 seconds, Stopping threads took: 0.0000254 seconds
2016-04-18T19:21:40.364+0200: 32.979: [GC (CMS Initial Mark) [1 CMS-initial-mark: 197235K(393216K)] 220382K(502464K), 0.0012560 secs] [Times: user=0.06 sys=0.00, real=0.00 secs] 
2016-04-18T19:21:40.365+0200: 32.980: Total time for which application threads were stopped: 0.0013880 seconds, Stopping threads took: 0.0000420 seconds
2016-04-18T19:21:40.365+0200: 32.980: [CMS-concurrent-mark-start]
2016-04-18T19:21:40.390+0200: 33.004: [CMS-concurrent-mark: 0.025/0.025 secs] [Times: user=0.08 sys=0.00, real=0.03 secs] 
2016-04-18T19:21:40.390+0200: 33.004: [CMS-concurrent-preclean-start]
2016-04-18T19:21:40.391+0200: 33.006: [CMS-concurrent-preclean: 0.001/0.001 secs] [Times: user=0.00 sys=0.00, real=0.00 secs] 
2016-04-18T19:21:40.391+0200: 33.006: [CMS-concurrent-abortable-preclean-start]
2016-04-18T19:21:40.531+0200: 33.145: [CMS-concurrent-abortable-preclean: 0.139/0.140 secs] [Times: user=0.28 sys=0.00, real=0.14 secs] 
2016-04-18T19:21:40.531+0200: 33.145: [GC (CMS Final Remark) [YG occupancy: 68427 K (109248 K)]{Heap before GC invocations=55 (full 4):
 par new generation   total 109248K, used 68427K [0x00000000e0000000, 0x00000000e8000000, 0x00000000e8000000)
  eden space 87424K,  53% used [0x00000000e0000000, 0x00000000e2d82cc0, 0x00000000e5560000)
  from space 21824K, 100% used [0x00000000e6ab0000, 0x00000000e8000000, 0x00000000e8000000)
  to   space 21824K,   0% used [0x00000000e5560000, 0x00000000e5560000, 0x00000000e6ab0000)
 concurrent mark-sweep generation total 393216K, used 197235K [0x00000000e8000000, 0x0000000100000000, 0x0000000100000000)
 Metaspace       used 30914K, capacity 31278K, committed 31744K, reserved 1077248K
  class space    used 3655K, capacity 3815K, committed 3840K, reserved 1048576K
2016-04-18T19:21:40.531+0200: 33.145: [GC (CMS Final Remark) 2016-04-18T19:21:40.531+0200: 33.145: [ParNew
Desired survivor size 20112992 bytes, new threshold 7 (max 8)
- age   1:    4340064 bytes,    4340064 total
- age   2:    6520096 bytes,   10860160 total
- age   3:    3717648 bytes,   14577808 total
- age   4:    1090104 bytes,   15667912 total
- age   5:     673520 bytes,   16341432 total
- age   6:    2923840 bytes,   19265272 total
- age   7:    2001320 bytes,   21266592 total
: 68427K->21824K(109248K), 0.0088675 secs] 265663K->226182K(502464K), 0.0089179 secs] [Times: user=0.06 sys=0.00, real=0.01 secs] 
Heap after GC invocations=56 (full 4):
 par new generation   total 109248K, used 21824K [0x00000000e0000000, 0x00000000e8000000, 0x00000000e8000000)
  eden space 87424K,   0% used [0x00000000e0000000, 0x00000000e0000000, 0x00000000e5560000)
  from space 21824K, 100% used [0x00000000e5560000, 0x00000000e6ab0000, 0x00000000e6ab0000)
  to   space 21824K,   0% used [0x00000000e6ab0000, 0x00000000e6ab0000, 0x00000000e8000000)
 concurrent mark-sweep generation total 393216K, used 204358K [0x00000000e8000000, 0x0000000100000000, 0x0000000100000000)
 Metaspace       used 30914K, capacity 31278K, committed 31744K, reserved 1077248K
  class space    used 3655K, capacity 3815K, committed 3840K, reserved 1048576K
}
2016-04-18T19:21:40.540+0200: 33.154: [Rescan (parallel) , 0.0019669 secs]2016-04-18T19:21:40.542+0200: 33.156: [weak refs processing, 0.0003160 secs]2016-04-18T19:21:40.543+0200: 33.157: [class unloading, 0.0042852 secs]2016-04-18T19:21:40.547+0200: 33.161: [scrub symbol table, 0.0033099 secs]2016-04-18T19:21:40.550+0200: 33.164: [scrub string table, 0.0004634 secs][1 CMS-remark: 204358K(393216K)] 226182K(502464K), 0.0200028 secs] [Times: user=0.06 sys=0.00, real=0.02 secs] 
2016-04-18T19:21:40.551+0200: 33.165: Total time for which application threads were stopped: 0.0201401 seconds, Stopping threads took: 0.0000465 seconds
2016-04-18T19:21:40.551+0200: 33.166: [CMS-concurrent-sweep-start]
2016-04-18T19:21:40.575+0200: 33.189: [CMS-concurrent-sweep: 0.023/0.023 secs] [Times: user=0.06 sys=0.00, real=0.02 secs] 
2016-04-18T19:21:40.575+0200: 33.189: [CMS-concurrent-reset-start]
2016-04-18T19:21:40.576+0200: 33.189: [CMS-concurrent-reset: 0.000/0.000 secs] [Times: user=0.00 sys=0.00, real=0.00 secs] 
{Heap before GC invocations=56 (full 4):
 par new generation   total 109248K, used 108676K [0x00000000e0000000, 0x00000000e8000000, 0x00000000e8000000)
  eden space 87424K,  99% used [0x00000000e0000000, 0x00000000e54d1110, 0x00000000e5560000)
  from space 21824K, 100% used [0x00000000e5560000, 0x00000000e6ab0000, 0x00000000e6ab0000)
  to   space 21824K,   0% used [0x00000000e6ab0000, 0x00000000e6ab0000, 0x00000000e8000000)
 concurrent mark-sweep generation total 393216K, used 83426K [0x00000000e8000000, 0x0000000100000000, 0x0000000100000000)
 Metaspace       used 30914K, capacity 31278K, committed 31744K, reserved 1077248K
  class space    used 3655K, capacity 3815K, committed 3840K, reserved 1048576K
2016-04-18T19:21:40.875+0200: 33.489: [GC (Allocation Failure) 2016-04-18T19:21:40.875+0200: 33.489: [ParNew
Desired survivor size 20112992 bytes, new threshold 8 (max 8)
- age   1:    4799704 bytes,    4799704 total
- age   2:    2357712 bytes,    7157416 total
- age   3:    6084640 bytes,   13242056 total
- age   4:    3577888 bytes,   16819944 total
- age   5:    1072808 bytes,   17892752 total
- age   6:     640360 bytes,   18533112 total
- age   7:    1456208 bytes,   19989320 total
: 108676K->21824K(109248K), 0.0100408 secs] 192102K->120086K(502464K), 0.0101030 secs] [Times: user=0.06 sys=0.00, real=0.01 secs] 
Heap after GC invocations=57 (full 4):
 par new generation   total 109248K, used 21824K [0x00000000e0000000, 0x00000000e8000000, 0x00000000e8000000)
  eden space 87424K,   0% used [0x00000000e0000000, 0x00000000e0000000, 0x00000000e5560000)
  from space 21824K, 100% used [0x00000000e6ab0000, 0x00000000e8000000, 0x00000000e8000000)
  to   space 21824K,   0% used [0x00000000e5560000, 0x00000000e5560000, 0x00000000e6ab0000)
 concurrent mark-sweep generation total 393216K, used 98262K [0x00000000e8000000, 0x0000000100000000, 0x0000000100000000)
 Metaspace       used 30914K, capacity 31278K, committed 31744K, reserved 1077248K
  class space    used 3655K, capacity 3815K, committed 3840K, reserved 1048576K
}
2016-04-18T19:21:40.885+0200: 33.499: Total time for which application threads were stopped: 0.0102823 seconds, Stopping threads took: 0.0000235 seconds
{Heap before GC invocations=57 (full 4):
 par new generation   total 109248K, used 109012K [0x00000000e0000000, 0x00000000e8000000, 0x00000000e8000000)
  eden space 87424K,  99% used [0x00000000e0000000, 0x00000000e55252d0, 0x00000000e5560000)
  from space 21824K, 100% used [0x00000000e6ab0000, 0x00000000e8000000, 0x00000000e8000000)
  to   space 21824K,   0% used [0x00000000e5560000, 0x00000000e5560000, 0x00000000e6ab0000)
 concurrent mark-sweep generation total 393216K, used 98262K [0x00000000e8000000, 0x0000000100000000, 0x0000000100000000)
 Metaspace       used 30914K, capacity 31278K, committed 31744K, reserved 1077248K
  class space    used 3655K, capacity 3815K, committed 3840K, reserved 1048576K
2016-04-18T19:21:41.191+0200: 33.805: [GC (Allocation Failure) 2016-04-18T19:21:41.191+0200: 33.805: [ParNew
Desired survivor size 20112992 bytes, new threshold 7 (max 8)
- age   1:    4718392 bytes,    4718392 total
- age   2:    3317240 bytes,    8035632 total
- age   3:    2320680 bytes,   10356312 total
- age   4:    4893600 bytes,   15249912 total
- age   5:    3525200 bytes,   18775112 total
- age   6:    1069080 bytes,   19844192 total
- age   7:     631744 bytes,   20475936 total
- age   8:    1335480 bytes,   21811416 total
: 109012K->21824K(109248K), 0.0106264 secs] 207275K->136031K(502464K), 0.0106970 secs] [Times: user=0.06 sys=0.00, real=0.01 secs] 
Heap after GC invocations=58 (full 4):
 par new generation   total 109248K, used 21824K [0x00000000e0000000, 0x00000000e8000000, 0x00000000e8000000)
  eden space 87424K,   0% used [0x00000000e0000000, 0x00000000e0000000, 0x00000000e5560000)
  from space 21824K, 100% used [0x00000000e5560000, 0x00000000e6ab0000, 0x00000000e6ab0000)
  to   space 21824K,   0% used [0x00000000e6ab0000, 0x00000000e6ab0000, 0x00000000e8000000)
 concurrent mark-sweep generation total 393216K, used 114207K [0x00000000e8000000, 0x0000000100000000, 0x0000000100000000)
 Metaspace       used 30914K, capacity 31278K, committed 31744K, reserved 1077248K
  class space    used 3655K, capacity 3815K, committed 3840K, reserved 1048576K
}
2016-04-18T19:21:41.202+0200: 33.816: Total time for which application threads were stopped: 0.0108775 seconds, Stopping threads took: 0.0000226 seconds
{Heap before GC invocations=58 (full 4):
 par new generation   total 109248K, used 109248K [0x00000000e0000000, 0x00000000e8000000, 0x00000000e8000000)
  eden space 87424K, 100% used [0x00000000e0000000, 0x00000000e5560000, 0x00000000e5560000)
  from space 21824K, 100% used [0x00000000e5560000, 0x00000000e6ab0000, 0x00000000e6ab0000)
  to   space 21824K,   0% used [0x00000000e6ab0000, 0x00000000e6ab0000, 0x00000000e8000000)
 concurrent mark-sweep generation total 393216K, used 114207K [0x00000000e8000000, 0x0000000100000000, 0x0000000100000000)
 Metaspace       used 30914K, capacity 31278K, committed 31744K, reserved 1077248K
  class space    used 3655K, capacity 3815K, committed 3840K, reserved 1048576K
2016-04-18T19:21:41.527+0200: 34.141: [GC (Allocation Failure) 2016-04-18T19:21:41.527+0200: 34.141: [ParNew
Desired survivor size 20112992 bytes, new threshold 6 (max 8)
- age   1:    4366144 bytes,    4366144 total
- age   2:    4195648 bytes,    8561792 total
- age   3:    2945608 bytes,   11507400 total
- age   4:    2052728 bytes,   13560128 total
- age   5:    4424536 bytes,   17984664 total
- age   6:    3191472 bytes,   21176136 total
- age   7:     969528 bytes,   22145664 total
: 109248K->21824K(109248K), 0.0110861 secs] 223455K->153478K(502464K), 0.0111507 secs] [Times: user=0.00 sys=0.00, real=0.01 secs] 
Heap after GC invocations=59 (full 4):
 par new generation   total 109248K, used 21824K [0x00000000e0000000, 0x00000000e8000000, 0x00000000e8000000)
  eden space 87424K,   0% used [0x00000000e0000000, 0x00000000e0000000, 0x00000000e5560000)
  from space 21824K, 100% used [0x00000000e6ab0000, 0x00000000e8000000, 0x00000000e8000000)
  to   space 21824K,   0% used [0x00000000e5560000, 0x00000000e5560000, 0x00000000e6ab0000)
 concurrent mark-sweep generation total 393216K, used 131654K [0x00000000e8000000, 0x0000000100000000, 0x0000000100000000)
 Metaspace       used 30914K, capacity 31278K, committed 31744K, reserved 1077248K
  class space    used 3655K, capacity 3815K, committed 3840K, reserved 1048576K
}
2016-04-18T19:21:41.538+0200: 34.152: Total time for which application threads were stopped: 0.0113210 seconds, Stopping threads took: 0.0000229 seconds
{Heap before GC invocations=59 (full 4):
 par new generation   total 109248K, used 109248K [0x00000000e0000000, 0x00000000e8000000, 0x00000000e8000000)
  eden space 87424K, 100% used [0x00000000e0000000, 0x00000000e5560000, 0x00000000e5560000)
  from space 21824K, 100% used [0x00000000e6ab0000, 0x00000000e8000000, 0x00000000e8000000)
  to   space 21824K,   0% used [0x00000000e5560000, 0x00000000e5560000, 0x00000000e6ab0000)
 concurrent mark-sweep generation total 393216K, used 131654K [0x00000000e8000000, 0x0000000100000000, 0x0000000100000000)
 Metaspace       used 30915K, capacity 31278K, committed 31744K, reserved 1077248K
  class space    used 3655K, capacity 3815K, committed 3840K, reserved 1048576K
2016-04-18T19:21:41.867+0200: 34.481: [GC (Allocation Failure) 2016-04-18T19:21:41.867+0200: 34.481: [ParNew
Desired survivor size 20112992 bytes, new threshold 6 (max 8)
- age   1:    8432728 bytes,    8432728 total
- age   2:    2408424 bytes,   10841152 total
- age   3:    3545760 bytes,   14386912 total
- age   4:    2035856 bytes,   16422768 total
- age   5:    1848904 bytes,   18271672 total
- age   6:    4062248 bytes,   22333920 total
: 109248K->21824K(109248K), 0.0134319 secs] 240902K->174325K(502464K), 0.0135372 secs] [Times: user=0.00 sys=0.00, real=0.01 secs] 
Heap after GC invocations=60 (full 4):
 par new generation   total 109248K, used 21824K [0x00000000e0000000, 0x00000000e8000000, 0x00000000e8000000)
  eden space 87424K,   0% used [0x00000000e0000000, 0x00000000e0000000, 0x00000000e5560000)
  from space 21824K, 100% used [0x00000000e5560000, 0x00000000e6ab0000, 0x00000000e6ab0000)
  to   space 21824K,   0% used [0x00000000e6ab0000, 0x00000000e6ab0000, 0x00000000e8000000)
 concurrent mark-sweep generation total 393216K, used 152501K [0x00000000e8000000, 0x0000000100000000, 0x0000000100000000)
 Metaspace       used 30915K, capacity 31278K, committed 31744K, reserved 1077248K
  class space    used 3655K, capacity 3815K, committed 3840K, reserved 1048576K
}
2016-04-18T19:21:41.880+0200: 34.494: Total time for which application threads were stopped: 0.0137214 seconds, Stopping threads took: 0.0000245 seconds
{Heap before GC invocations=60 (full 4):
 par new generation   total 109248K, used 109087K [0x00000000e0000000, 0x00000000e8000000, 0x00000000e8000000)
  eden space 87424K,  99% used [0x00000000e0000000, 0x00000000e5537cb0, 0x00000000e5560000)
  from space 21824K, 100% used [0x00000000e5560000, 0x00000000e6ab0000, 0x00000000e6ab0000)
  to   space 21824K,   0% used [0x00000000e6ab0000, 0x00000000e6ab0000, 0x00000000e8000000)
 concurrent mark-sweep generation total 393216K, used 152501K [0x00000000e8000000, 0x0000000100000000, 0x0000000100000000)
 Metaspace       used 30915K, capacity 31278K, committed 31744K, reserved 1077248K
  class space    used 3655K, capacity 3815K, committed 3840K, reserved 1048576K
2016-04-18T19:21:42.206+0200: 34.820: [GC (Allocation Failure) 2016-04-18T19:21:42.207+0200: 34.820: [ParNew
Desired survivor size 20112992 bytes, new threshold 5 (max 8)
- age   1:   11683408 bytes,   11683408 total
- age   2:    2796840 bytes,   14480248 total
- age   3:    1206664 bytes,   15686912 total
- age   4:    2929824 bytes,   18616736 total
- age   5:    1835224 bytes,   20451960 total
- age   6:    1758584 bytes,   22210544 total
: 109087K->21824K(109248K), 0.0121921 secs] 261588K->197787K(502464K), 0.0122589 secs] [Times: user=0.06 sys=0.00, real=0.01 secs] 
Heap after GC invocations=61 (full 4):
 par new generation   total 109248K, used 21824K [0x00000000e0000000, 0x00000000e8000000, 0x00000000e8000000)
  eden space 87424K,   0% used [0x00000000e0000000, 0x00000000e0000000, 0x00000000e5560000)
  from space 21824K, 100% used [0x00000000e6ab0000, 0x00000000e8000000, 0x00000000e8000000)
  to   space 21824K,   0% used [0x00000000e5560000, 0x00000000e5560000, 0x00000000e6ab0000)
 concurrent mark-sweep generation total 393216K, used 175963K [0x00000000e8000000, 0x0000000100000000, 0x0000000100000000)
 Metaspace       used 30915K, capacity 31278K, committed 31744K, reserved 1077248K
  class space    used 3655K, capacity 3815K, committed 3840K, reserved 1048576K
}
2016-04-18T19:21:42.219+0200: 34.833: Total time for which application threads were stopped: 0.0124481 seconds, Stopping threads took: 0.0000266 seconds
2016-04-18T19:21:42.283+0200: 34.897: Total time for which application threads were stopped: 0.0003327 seconds, Stopping threads took: 0.0002246 seconds
2016-04-18T19:21:42.283+0200: 34.897: Total time for which application threads were stopped: 0.0000851 seconds, Stopping threads took: 0.0000281 seconds
2016-04-18T19:21:42.284+0200: 34.898: Total time for which application threads were stopped: 0.0000954 seconds, Stopping threads took: 0.0000308 seconds
2016-04-18T19:21:42.285+0200: 34.898: Total time for which application threads were stopped: 0.0000773 seconds, Stopping threads took: 0.0000284 seconds
2016-04-18T19:21:42.320+0200: 34.934: Total time for which application threads were stopped: 0.0001881 seconds, Stopping threads took: 0.0000507 seconds
{Heap before GC invocations=61 (full 4):
 par new generation   total 109248K, used 109248K [0x00000000e0000000, 0x00000000e8000000, 0x00000000e8000000)
  eden space 87424K, 100% used [0x00000000e0000000, 0x00000000e5560000, 0x00000000e5560000)
  from space 21824K, 100% used [0x00000000e6ab0000, 0x00000000e8000000, 0x00000000e8000000)
  to   space 21824K,   0% used [0x00000000e5560000, 0x00000000e5560000, 0x00000000e6ab0000)
 concurrent mark-sweep generation total 393216K, used 175963K [0x00000000e8000000, 0x0000000100000000, 0x0000000100000000)
 Metaspace       used 30921K, capacity 31342K, committed 31744K, reserved 1077248K
  class space    used 3655K, capacity 3815K, committed 3840K, reserved 1048576K
2016-04-18T19:21:42.468+0200: 35.082: [GC (Allocation Failure) 2016-04-18T19:21:42.468+0200: 35.082: [ParNew
Desired survivor size 20112992 bytes, new threshold 5 (max 8)
- age   1:    7695840 bytes,    7695840 total
- age   2:    8489848 bytes,   16185688 total
- age   3:    2016144 bytes,   18201832 total
- age   4:    1181448 bytes,   19383280 total
- age   5:    2906736 bytes,   22290016 total
: 109248K->21824K(109248K), 0.0093498 secs] 285211K->215326K(502464K), 0.0094129 secs] [Times: user=0.06 sys=0.00, real=0.01 secs] 
Heap after GC invocations=62 (full 4):
 par new generation   total 109248K, used 21824K [0x00000000e0000000, 0x00000000e8000000, 0x00000000e8000000)
  eden space 87424K,   0% used [0x00000000e0000000, 0x00000000e0000000, 0x00000000e5560000)
  from space 21824K, 100% used [0x00000000e5560000, 0x00000000e6ab0000, 0x00000000e6ab0000)
  to   space 21824K,   0% used [0x00000000e6ab0000, 0x00000000e6ab0000, 0x00000000e8000000)
 concurrent mark-sweep generation total 393216K, used 193502K [0x00000000e8000000, 0x0000000100000000, 0x0000000100000000)
 Metaspace       used 30921K, capacity 31342K, committed 31744K, reserved 1077248K
  class space    used 3655K, capacity 3815K, committed 3840K, reserved 1048576K
}
2016-04-18T19:21:42.477+0200: 35.091: Total time for which application threads were stopped: 0.0096447 seconds, Stopping threads took: 0.0000522 seconds
2016-04-18T19:21:42.485+0200: 35.099: Total time for which application threads were stopped: 0.0001512 seconds, Stopping threads took: 0.0000498 seconds
2016-04-18T19:21:42.486+0200: 35.099: Total time for which application threads were stopped: 0.0000948 seconds, Stopping threads took: 0.0000245 seconds
{Heap before GC invocations=62 (full 4):
 par new generation   total 109248K, used 109248K [0x00000000e0000000, 0x00000000e8000000, 0x00000000e8000000)
  eden space 87424K, 100% used [0x00000000e0000000, 0x00000000e5560000, 0x00000000e5560000)
  from space 21824K, 100% used [0x00000000e5560000, 0x00000000e6ab0000, 0x00000000e6ab0000)
  to   space 21824K,   0% used [0x00000000e6ab0000, 0x00000000e6ab0000, 0x00000000e8000000)
 concurrent mark-sweep generation total 393216K, used 193502K [0x00000000e8000000, 0x0000000100000000, 0x0000000100000000)
 Metaspace       used 30922K, capacity 31342K, committed 31744K, reserved 1077248K
  class space    used 3655K, capacity 3815K, committed 3840K, reserved 1048576K
2016-04-18T19:21:42.792+0200: 35.405: [GC (Allocation Failure) 2016-04-18T19:21:42.792+0200: 35.405: [ParNew
Desired survivor size 20112992 bytes, new threshold 8 (max 8)
- age   1:    5789192 bytes,    5789192 total
- age   2:    3394664 bytes,    9183856 total
- age   3:    7216216 bytes,   16400072 total
- age   4:    1825208 bytes,   18225280 total
- age   5:    1097792 bytes,   19323072 total
: 109248K->21824K(109248K), 0.0087352 secs] 302750K->226953K(502464K), 0.0088134 secs] [Times: user=0.00 sys=0.00, real=0.01 secs] 
Heap after GC invocations=63 (full 4):
 par new generation   total 109248K, used 21824K [0x00000000e0000000, 0x00000000e8000000, 0x00000000e8000000)
  eden space 87424K,   0% used [0x00000000e0000000, 0x00000000e0000000, 0x00000000e5560000)
  from space 21824K, 100% used [0x00000000e6ab0000, 0x00000000e8000000, 0x00000000e8000000)
  to   space 21824K,   0% used [0x00000000e5560000, 0x00000000e5560000, 0x00000000e6ab0000)
 concurrent mark-sweep generation total 393216K, used 205129K [0x00000000e8000000, 0x0000000100000000, 0x0000000100000000)
 Metaspace       used 30922K, capacity 31342K, committed 31744K, reserved 1077248K
  class space    used 3655K, capacity 3815K, committed 3840K, reserved 1048576K
}
2016-04-18T19:21:42.801+0200: 35.414: Total time for which application threads were stopped: 0.0090320 seconds, Stopping threads took: 0.0000667 seconds
2016-04-18T19:21:42.801+0200: 35.414: [GC (CMS Initial Mark) [1 CMS-initial-mark: 205129K(393216K)] 228632K(502464K), 0.0009004 secs] [Times: user=0.00 sys=0.00, real=0.00 secs] 
2016-04-18T19:21:42.802+0200: 35.415: Total time for which application threads were stopped: 0.0010245 seconds, Stopping threads took: 0.0000395 seconds
2016-04-18T19:21:42.802+0200: 35.415: [CMS-concurrent-mark-start]
2016-04-18T19:21:42.832+0200: 35.445: [CMS-concurrent-mark: 0.030/0.030 secs] [Times: user=0.19 sys=0.00, real=0.03 secs] 
2016-04-18T19:21:42.832+0200: 35.445: [CMS-concurrent-preclean-start]
2016-04-18T19:21:42.833+0200: 35.447: [CMS-concurrent-preclean: 0.001/0.001 secs] [Times: user=0.00 sys=0.00, real=0.00 secs] 
2016-04-18T19:21:42.833+0200: 35.447: [CMS-concurrent-abortable-preclean-start]
{Heap before GC invocations=63 (full 5):
 par new generation   total 109248K, used 109234K [0x00000000e0000000, 0x00000000e8000000, 0x00000000e8000000)
  eden space 87424K,  99% used [0x00000000e0000000, 0x00000000e555c890, 0x00000000e5560000)
  from space 21824K, 100% used [0x00000000e6ab0000, 0x00000000e8000000, 0x00000000e8000000)
  to   space 21824K,   0% used [0x00000000e5560000, 0x00000000e5560000, 0x00000000e6ab0000)
 concurrent mark-sweep generation total 393216K, used 205129K [0x00000000e8000000, 0x0000000100000000, 0x0000000100000000)
 Metaspace       used 30923K, capacity 31342K, committed 31744K, reserved 1077248K
  class space    used 3655K, capacity 3815K, committed 3840K, reserved 1048576K
2016-04-18T19:21:43.063+0200: 35.677: [GC (Allocation Failure) 2016-04-18T19:21:43.063+0200: 35.677: [ParNew
Desired survivor size 20112992 bytes, new threshold 5 (max 8)
- age   1:    6999016 bytes,    6999016 total
- age   2:    2840000 bytes,    9839016 total
- age   3:    3049408 bytes,   12888424 total
- age   4:    6806344 bytes,   19694768 total
- age   5:    1377496 bytes,   21072264 total
- age   6:    1075336 bytes,   22147600 total
: 109234K->21824K(109248K), 0.0079761 secs] 314363K->232956K(502464K), 0.0080422 secs] [Times: user=0.06 sys=0.00, real=0.01 secs] 
Heap after GC invocations=64 (full 5):
 par new generation   total 109248K, used 21824K [0x00000000e0000000, 0x00000000e8000000, 0x00000000e8000000)
  eden space 87424K,   0% used [0x00000000e0000000, 0x00000000e0000000, 0x00000000e5560000)
  from space 21824K, 100% used [0x00000000e5560000, 0x00000000e6ab0000, 0x00000000e6ab0000)
  to   space 21824K,   0% used [0x00000000e6ab0000, 0x00000000e6ab0000, 0x00000000e8000000)
 concurrent mark-sweep generation total 393216K, used 211132K [0x00000000e8000000, 0x0000000100000000, 0x0000000100000000)
 Metaspace       used 30923K, capacity 31342K, committed 31744K, reserved 1077248K
  class space    used 3655K, capacity 3815K, committed 3840K, reserved 1048576K
}
2016-04-18T19:21:43.071+0200: 35.685: Total time for which application threads were stopped: 0.0082541 seconds, Stopping threads took: 0.0000495 seconds
2016-04-18T19:21:43.122+0200: 35.737: [CMS-concurrent-abortable-preclean: 0.281/0.290 secs] [Times: user=1.05 sys=0.00, real=0.29 secs] 
2016-04-18T19:21:43.122+0200: 35.737: [GC (CMS Final Remark) [YG occupancy: 88978 K (109248 K)]{Heap before GC invocations=64 (full 5):
 par new generation   total 109248K, used 88978K [0x00000000e0000000, 0x00000000e8000000, 0x00000000e8000000)
  eden space 87424K,  76% used [0x00000000e0000000, 0x00000000e4194af8, 0x00000000e5560000)
  from space 21824K, 100% used [0x00000000e5560000, 0x00000000e6ab0000, 0x00000000e6ab0000)
  to   space 21824K,   0% used [0x00000000e6ab0000, 0x00000000e6ab0000, 0x00000000e8000000)
 concurrent mark-sweep generation total 393216K, used 211132K [0x00000000e8000000, 0x0000000100000000, 0x0000000100000000)
 Metaspace       used 30923K, capacity 31342K, committed 31744K, reserved 1077248K
  class space    used 3655K, capacity 3815K, committed 3840K, reserved 1048576K
2016-04-18T19:21:43.123+0200: 35.737: [GC (CMS Final Remark) 2016-04-18T19:21:43.123+0200: 35.737: [ParNew
Desired survivor size 20112992 bytes, new threshold 5 (max 8)
- age   1:    3225832 bytes,    3225832 total
- age   2:    6090896 bytes,    9316728 total
- age   3:    2149800 bytes,   11466528 total
- age   4:    2868664 bytes,   14335192 total
- age   5:    6752120 bytes,   21087312 total
: 88978K->21824K(109248K), 0.0075012 secs] 300111K->238221K(502464K), 0.0075586 secs] [Times: user=0.00 sys=0.00, real=0.01 secs] 
Heap after GC invocations=65 (full 5):
 par new generation   total 109248K, used 21824K [0x00000000e0000000, 0x00000000e8000000, 0x00000000e8000000)
  eden space 87424K,   0% used [0x00000000e0000000, 0x00000000e0000000, 0x00000000e5560000)
  from space 21824K, 100% used [0x00000000e6ab0000, 0x00000000e8000000, 0x00000000e8000000)
  to   space 21824K,   0% used [0x00000000e5560000, 0x00000000e5560000, 0x00000000e6ab0000)
 concurrent mark-sweep generation total 393216K, used 216397K [0x00000000e8000000, 0x0000000100000000, 0x0000000100000000)
 Metaspace       used 30923K, capacity 31342K, committed 31744K, reserved 1077248K
  class space    used 3655K, capacity 3815K, committed 3840K, reserved 1048576K
}
2016-04-18T19:21:43.130+0200: 35.744: [Rescan (parallel) , 0.0020499 secs]2016-04-18T19:21:43.132+0200: 35.747: [weak refs processing, 0.0007628 secs]2016-04-18T19:21:43.133+0200: 35.747: [class unloading, 0.0042629 secs]2016-04-18T19:21:43.137+0200: 35.752: [scrub symbol table, 0.0032607 secs]2016-04-18T19:21:43.141+0200: 35.755: [scrub string table, 0.0004329 secs][1 CMS-remark: 216397K(393216K)] 238221K(502464K), 0.0190721 secs] [Times: user=0.06 sys=0.00, real=0.02 secs] 
2016-04-18T19:21:43.142+0200: 35.756: Total time for which application threads were stopped: 0.0192551 seconds, Stopping threads took: 0.0000924 seconds
2016-04-18T19:21:43.142+0200: 35.756: [CMS-concurrent-sweep-start]
2016-04-18T19:21:43.163+0200: 35.777: [CMS-concurrent-sweep: 0.021/0.021 secs] [Times: user=0.11 sys=0.00, real=0.02 secs] 
2016-04-18T19:21:43.163+0200: 35.777: [CMS-concurrent-reset-start]
2016-04-18T19:21:43.164+0200: 35.778: [CMS-concurrent-reset: 0.000/0.000 secs] [Times: user=0.00 sys=0.00, real=0.00 secs] 
{Heap before GC invocations=65 (full 5):
 par new generation   total 109248K, used 109248K [0x00000000e0000000, 0x00000000e8000000, 0x00000000e8000000)
  eden space 87424K, 100% used [0x00000000e0000000, 0x00000000e5560000, 0x00000000e5560000)
  from space 21824K, 100% used [0x00000000e6ab0000, 0x00000000e8000000, 0x00000000e8000000)
  to   space 21824K,   0% used [0x00000000e5560000, 0x00000000e5560000, 0x00000000e6ab0000)
 concurrent mark-sweep generation total 393216K, used 138470K [0x00000000e8000000, 0x0000000100000000, 0x0000000100000000)
 Metaspace       used 30923K, capacity 31342K, committed 31744K, reserved 1077248K
  class space    used 3655K, capacity 3815K, committed 3840K, reserved 1048576K
2016-04-18T19:21:43.203+0200: 35.818: [GC (Allocation Failure) 2016-04-18T19:21:43.203+0200: 35.818: [ParNew
Desired survivor size 20112992 bytes, new threshold 8 (max 8)
- age   1:    3179008 bytes,    3179008 total
- age   2:    3222600 bytes,    6401608 total
- age   3:    4586608 bytes,   10988216 total
- age   4:    2144184 bytes,   13132400 total
- age   5:    2756672 bytes,   15889072 total
: 109248K->21824K(109248K), 0.0065000 secs] 247718K->165066K(502464K), 0.0065691 secs] [Times: user=0.08 sys=0.00, real=0.01 secs] 
Heap after GC invocations=66 (full 5):
 par new generation   total 109248K, used 21824K [0x00000000e0000000, 0x00000000e8000000, 0x00000000e8000000)
  eden space 87424K,   0% used [0x00000000e0000000, 0x00000000e0000000, 0x00000000e5560000)
  from space 21824K, 100% used [0x00000000e5560000, 0x00000000e6ab0000, 0x00000000e6ab0000)
  to   space 21824K,   0% used [0x00000000e6ab0000, 0x00000000e6ab0000, 0x00000000e8000000)
 concurrent mark-sweep generation total 393216K, used 143242K [0x00000000e8000000, 0x0000000100000000, 0x0000000100000000)
 Metaspace       used 30923K, capacity 31342K, committed 31744K, reserved 1077248K
  class space    used 3655K, capacity 3815K, committed 3840K, reserved 1048576K
}
2016-04-18T19:21:43.210+0200: 35.824: Total time for which application threads were stopped: 0.0067650 seconds, Stopping threads took: 0.0000338 seconds
{Heap before GC invocations=66 (full 5):
 par new generation   total 109248K, used 109248K [0x00000000e0000000, 0x00000000e8000000, 0x00000000e8000000)
  eden space 87424K, 100% used [0x00000000e0000000, 0x00000000e5560000, 0x00000000e5560000)
  from space 21824K, 100% used [0x00000000e5560000, 0x00000000e6ab0000, 0x00000000e6ab0000)
  to   space 21824K,   0% used [0x00000000e6ab0000, 0x00000000e6ab0000, 0x00000000e8000000)
 concurrent mark-sweep generation total 393216K, used 143242K [0x00000000e8000000, 0x0000000100000000, 0x0000000100000000)
 Metaspace       used 30923K, capacity 31342K, committed 31744K, reserved 1077248K
  class space    used 3655K, capacity 3815K, committed 3840K, reserved 1048576K
2016-04-18T19:21:43.296+0200: 35.910: [GC (Allocation Failure) 2016-04-18T19:21:43.296+0200: 35.910: [ParNew
Desired survivor size 20112992 bytes, new threshold 6 (max 8)
- age   1:    7563448 bytes,    7563448 total
- age   2:    1255224 bytes,    8818672 total
- age   3:    2021952 bytes,   10840624 total
- age   4:    4485336 bytes,   15325960 total
- age   5:    2107736 bytes,   17433696 total
- age   6:    2737088 bytes,   20170784 total
: 109248K->21824K(109248K), 0.0062286 secs] 252490K->165248K(502464K), 0.0062992 secs] [Times: user=0.00 sys=0.00, real=0.01 secs] 
Heap after GC invocations=67 (full 5):
 par new generation   total 109248K, used 21824K [0x00000000e0000000, 0x00000000e8000000, 0x00000000e8000000)
  eden space 87424K,   0% used [0x00000000e0000000, 0x00000000e0000000, 0x00000000e5560000)
  from space 21824K, 100% used [0x00000000e6ab0000, 0x00000000e8000000, 0x00000000e8000000)
  to   space 21824K,   0% used [0x00000000e5560000, 0x00000000e5560000, 0x00000000e6ab0000)
 concurrent mark-sweep generation total 393216K, used 143424K [0x00000000e8000000, 0x0000000100000000, 0x0000000100000000)
 Metaspace       used 30923K, capacity 31342K, committed 31744K, reserved 1077248K
  class space    used 3655K, capacity 3815K, committed 3840K, reserved 1048576K
}
2016-04-18T19:21:43.302+0200: 35.917: Total time for which application threads were stopped: 0.0065072 seconds, Stopping threads took: 0.0000513 seconds
{Heap before GC invocations=67 (full 5):
 par new generation   total 109248K, used 109248K [0x00000000e0000000, 0x00000000e8000000, 0x00000000e8000000)
  eden space 87424K, 100% used [0x00000000e0000000, 0x00000000e5560000, 0x00000000e5560000)
  from space 21824K, 100% used [0x00000000e6ab0000, 0x00000000e8000000, 0x00000000e8000000)
  to   space 21824K,   0% used [0x00000000e5560000, 0x00000000e5560000, 0x00000000e6ab0000)
 concurrent mark-sweep generation total 393216K, used 143424K [0x00000000e8000000, 0x0000000100000000, 0x0000000100000000)
 Metaspace       used 30923K, capacity 31342K, committed 31744K, reserved 1077248K
  class space    used 3655K, capacity 3815K, committed 3840K, reserved 1048576K
2016-04-18T19:21:43.385+0200: 35.999: [GC (Allocation Failure) 2016-04-18T19:21:43.385+0200: 35.999: [ParNew
Desired survivor size 20112992 bytes, new threshold 8 (max 8)
- age   1:    2537984 bytes,    2537984 total
- age   2:    6469968 bytes,    9007952 total
- age   3:    1073344 bytes,   10081296 total
- age   4:    1851096 bytes,   11932392 total
- age   5:    4470704 bytes,   16403096 total
- age   6:    2098504 bytes,   18501600 total
: 109248K->21824K(109248K), 0.0070415 secs] 252672K->168717K(502464K), 0.0071073 secs] [Times: user=0.00 sys=0.00, real=0.01 secs] 
Heap after GC invocations=68 (full 5):
 par new generation   total 109248K, used 21824K [0x00000000e0000000, 0x00000000e8000000, 0x00000000e8000000)
  eden space 87424K,   0% used [0x00000000e0000000, 0x00000000e0000000, 0x00000000e5560000)
  from space 21824K, 100% used [0x00000000e5560000, 0x00000000e6ab0000, 0x00000000e6ab0000)
  to   space 21824K,   0% used [0x00000000e6ab0000, 0x00000000e6ab0000, 0x00000000e8000000)
 concurrent mark-sweep generation total 393216K, used 146893K [0x00000000e8000000, 0x0000000100000000, 0x0000000100000000)
 Metaspace       used 30923K, capacity 31342K, committed 31744K, reserved 1077248K
  class space    used 3655K, capacity 3815K, committed 3840K, reserved 1048576K
}
2016-04-18T19:21:43.392+0200: 36.006: Total time for which application threads were stopped: 0.0073331 seconds, Stopping threads took: 0.0000465 seconds
2016-04-18T19:21:43.426+0200: 36.040: Total time for which application threads were stopped: 0.0001168 seconds, Stopping threads took: 0.0000432 seconds
2016-04-18T19:21:43.427+0200: 36.040: Total time for which application threads were stopped: 0.0000667 seconds, Stopping threads took: 0.0000329 seconds
{Heap before GC invocations=68 (full 5):
 par new generation   total 109248K, used 109248K [0x00000000e0000000, 0x00000000e8000000, 0x00000000e8000000)
  eden space 87424K, 100% used [0x00000000e0000000, 0x00000000e5560000, 0x00000000e5560000)
  from space 21824K, 100% used [0x00000000e5560000, 0x00000000e6ab0000, 0x00000000e6ab0000)
  to   space 21824K,   0% used [0x00000000e6ab0000, 0x00000000e6ab0000, 0x00000000e8000000)
 concurrent mark-sweep generation total 393216K, used 146893K [0x00000000e8000000, 0x0000000100000000, 0x0000000100000000)
 Metaspace       used 30947K, capacity 31342K, committed 31744K, reserved 1077248K
  class space    used 3656K, capacity 3815K, committed 3840K, reserved 1048576K
2016-04-18T19:21:43.448+0200: 36.062: [GC (Allocation Failure) 2016-04-18T19:21:43.448+0200: 36.062: [ParNew
Desired survivor size 20112992 bytes, new threshold 8 (max 8)
- age   1:    6646976 bytes,    6646976 total
- age   2:    2200296 bytes,    8847272 total
- age   3:    1340664 bytes,   10187936 total
- age   4:     937248 bytes,   11125184 total
- age   5:    1339848 bytes,   12465032 total
- age   6:    3956008 bytes,   16421040 total
- age   7:    1502584 bytes,   17923624 total
: 109248K->21824K(109248K), 0.0064034 secs] 256141K->170813K(502464K), 0.0064755 secs] [Times: user=0.00 sys=0.00, real=0.01 secs] 
Heap after GC invocations=69 (full 5):
 par new generation   total 109248K, used 21824K [0x00000000e0000000, 0x00000000e8000000, 0x00000000e8000000)
  eden space 87424K,   0% used [0x00000000e0000000, 0x00000000e0000000, 0x00000000e5560000)
  from space 21824K, 100% used [0x00000000e6ab0000, 0x00000000e8000000, 0x00000000e8000000)
  to   space 21824K,   0% used [0x00000000e5560000, 0x00000000e5560000, 0x00000000e6ab0000)
 concurrent mark-sweep generation total 393216K, used 148989K [0x00000000e8000000, 0x0000000100000000, 0x0000000100000000)
 Metaspace       used 30947K, capacity 31342K, committed 31744K, reserved 1077248K
  class space    used 3656K, capacity 3815K, committed 3840K, reserved 1048576K
}
2016-04-18T19:21:43.455+0200: 36.068: Total time for which application threads were stopped: 0.0066494 seconds, Stopping threads took: 0.0000235 seconds
2016-04-18T19:21:43.605+0200: 36.219: Total time for which application threads were stopped: 0.0000957 seconds, Stopping threads took: 0.0000263 seconds
2016-04-18T19:21:43.605+0200: 36.219: Total time for which application threads were stopped: 0.0000395 seconds, Stopping threads took: 0.0000121 seconds
2016-04-18T19:21:43.605+0200: 36.219: Total time for which application threads were stopped: 0.0000417 seconds, Stopping threads took: 0.0000133 seconds
2016-04-18T19:21:43.605+0200: 36.219: Total time for which application threads were stopped: 0.0000453 seconds, Stopping threads took: 0.0000190 seconds
2016-04-18T19:21:43.606+0200: 36.219: Total time for which application threads were stopped: 0.0000335 seconds, Stopping threads took: 0.0000072 seconds
2016-04-18T19:21:43.606+0200: 36.219: Total time for which application threads were stopped: 0.0000459 seconds, Stopping threads took: 0.0000142 seconds
2016-04-18T19:21:43.606+0200: 36.220: Total time for which application threads were stopped: 0.0000335 seconds, Stopping threads took: 0.0000094 seconds
2016-04-18T19:21:43.606+0200: 36.220: Total time for which application threads were stopped: 0.0000392 seconds, Stopping threads took: 0.0000097 seconds
2016-04-18T19:21:43.606+0200: 36.220: Total time for which application threads were stopped: 0.0000411 seconds, Stopping threads took: 0.0000130 seconds
2016-04-18T19:21:43.606+0200: 36.220: Total time for which application threads were stopped: 0.0000365 seconds, Stopping threads took: 0.0000085 seconds
2016-04-18T19:21:43.618+0200: 36.232: Total time for which application threads were stopped: 0.0000815 seconds, Stopping threads took: 0.0000251 seconds
2016-04-18T19:21:43.680+0200: 36.294: Total time for which application threads were stopped: 0.0001029 seconds, Stopping threads took: 0.0000338 seconds
2016-04-18T19:21:43.681+0200: 36.294: Total time for which application threads were stopped: 0.0000401 seconds, Stopping threads took: 0.0000091 seconds
{Heap before GC invocations=69 (full 5):
 par new generation   total 109248K, used 109248K [0x00000000e0000000, 0x00000000e8000000, 0x00000000e8000000)
  eden space 87424K, 100% used [0x00000000e0000000, 0x00000000e5560000, 0x00000000e5560000)
  from space 21824K, 100% used [0x00000000e6ab0000, 0x00000000e8000000, 0x00000000e8000000)
  to   space 21824K,   0% used [0x00000000e5560000, 0x00000000e5560000, 0x00000000e6ab0000)
 concurrent mark-sweep generation total 393216K, used 148989K [0x00000000e8000000, 0x0000000100000000, 0x0000000100000000)
 Metaspace       used 30965K, capacity 31342K, committed 31744K, reserved 1077248K
  class space    used 3659K, capacity 3815K, committed 3840K, reserved 1048576K
2016-04-18T19:21:43.905+0200: 36.519: [GC (Allocation Failure) 2016-04-18T19:21:43.905+0200: 36.519: [ParNew
Desired survivor size 20112992 bytes, new threshold 8 (max 8)
- age   1:     701136 bytes,     701136 total
- age   2:    6538960 bytes,    7240096 total
- age   3:    2137184 bytes,    9377280 total
- age   4:    1280472 bytes,   10657752 total
- age   5:     897080 bytes,   11554832 total
- age   6:    1309912 bytes,   12864744 total
- age   7:    3792760 bytes,   16657504 total
- age   8:    1294088 bytes,   17951592 total
: 109248K->21824K(109248K), 0.0066107 secs] 258237K->171054K(502464K), 0.0066835 secs] [Times: user=0.03 sys=0.00, real=0.01 secs] 
Heap after GC invocations=70 (full 5):
 par new generation   total 109248K, used 21824K [0x00000000e0000000, 0x00000000e8000000, 0x00000000e8000000)
  eden space 87424K,   0% used [0x00000000e0000000, 0x00000000e0000000, 0x00000000e5560000)
  from space 21824K, 100% used [0x00000000e5560000, 0x00000000e6ab0000, 0x00000000e6ab0000)
  to   space 21824K,   0% used [0x00000000e6ab0000, 0x00000000e6ab0000, 0x00000000e8000000)
 concurrent mark-sweep generation total 393216K, used 149230K [0x00000000e8000000, 0x0000000100000000, 0x0000000100000000)
 Metaspace       used 30965K, capacity 31342K, committed 31744K, reserved 1077248K
  class space    used 3659K, capacity 3815K, committed 3840K, reserved 1048576K
}
2016-04-18T19:21:43.912+0200: 36.526: Total time for which application threads were stopped: 0.0068661 seconds, Stopping threads took: 0.0000260 seconds
{Heap before GC invocations=70 (full 5):
 par new generation   total 109248K, used 109248K [0x00000000e0000000, 0x00000000e8000000, 0x00000000e8000000)
  eden space 87424K, 100% used [0x00000000e0000000, 0x00000000e5560000, 0x00000000e5560000)
  from space 21824K, 100% used [0x00000000e5560000, 0x00000000e6ab0000, 0x00000000e6ab0000)
  to   space 21824K,   0% used [0x00000000e6ab0000, 0x00000000e6ab0000, 0x00000000e8000000)
 concurrent mark-sweep generation total 393216K, used 149230K [0x00000000e8000000, 0x0000000100000000, 0x0000000100000000)
 Metaspace       used 30965K, capacity 31342K, committed 31744K, reserved 1077248K
  class space    used 3659K, capacity 3815K, committed 3840K, reserved 1048576K
2016-04-18T19:21:44.102+0200: 36.716: [GC (Allocation Failure) 2016-04-18T19:21:44.102+0200: 36.716: [ParNew
Desired survivor size 20112992 bytes, new threshold 8 (max 8)
- age   1:      94216 bytes,      94216 total
- age   2:     660736 bytes,     754952 total
- age   3:    6538960 bytes,    7293912 total
- age   4:    2137184 bytes,    9431096 total
- age   5:    1280472 bytes,   10711568 total
- age   6:     897080 bytes,   11608648 total
- age   7:    1309912 bytes,   12918560 total
- age   8:    3792760 bytes,   16711320 total
: 109248K->21824K(109248K), 0.0071686 secs] 258478K->172336K(502464K), 0.0072492 secs] [Times: user=0.00 sys=0.00, real=0.01 secs] 
Heap after GC invocations=71 (full 5):
 par new generation   total 109248K, used 21824K [0x00000000e0000000, 0x00000000e8000000, 0x00000000e8000000)
  eden space 87424K,   0% used [0x00000000e0000000, 0x00000000e0000000, 0x00000000e5560000)
  from space 21824K, 100% used [0x00000000e6ab0000, 0x00000000e8000000, 0x00000000e8000000)
  to   space 21824K,   0% used [0x00000000e5560000, 0x00000000e5560000, 0x00000000e6ab0000)
 concurrent mark-sweep generation total 393216K, used 150512K [0x00000000e8000000, 0x0000000100000000, 0x0000000100000000)
 Metaspace       used 30965K, capacity 31342K, committed 31744K, reserved 1077248K
  class space    used 3659K, capacity 3815K, committed 3840K, reserved 1048576K
}
2016-04-18T19:21:44.109+0200: 36.723: Total time for which application threads were stopped: 0.0074786 seconds, Stopping threads took: 0.0000320 seconds
2016-04-18T19:21:44.188+0200: 36.801: Total time for which application threads were stopped: 0.0000652 seconds, Stopping threads took: 0.0000181 seconds
2016-04-18T19:21:44.188+0200: 36.801: Total time for which application threads were stopped: 0.0000329 seconds, Stopping threads took: 0.0000094 seconds
2016-04-18T19:21:44.188+0200: 36.801: Total time for which application threads were stopped: 0.0000380 seconds, Stopping threads took: 0.0000154 seconds
2016-04-18T19:21:44.188+0200: 36.802: Total time for which application threads were stopped: 0.0000374 seconds, Stopping threads took: 0.0000151 seconds
2016-04-18T19:21:44.220+0200: 36.834: Total time for which application threads were stopped: 0.0000779 seconds, Stopping threads took: 0.0000293 seconds
2016-04-18T19:21:44.221+0200: 36.835: Total time for which application threads were stopped: 0.0000534 seconds, Stopping threads took: 0.0000281 seconds
2016-04-18T19:21:44.270+0200: 36.884: Total time for which application threads were stopped: 0.0000803 seconds, Stopping threads took: 0.0000281 seconds
2016-04-18T19:21:44.273+0200: 36.887: Total time for which application threads were stopped: 0.0000700 seconds, Stopping threads took: 0.0000257 seconds
2016-04-18T19:21:46.347+0200: 38.962: Total time for which application threads were stopped: 0.0000688 seconds, Stopping threads took: 0.0000196 seconds
2016-04-18T19:21:46.347+0200: 38.962: Total time for which application threads were stopped: 0.0000296 seconds, Stopping threads took: 0.0000072 seconds
2016-04-18T19:21:46.347+0200: 38.962: Total time for which application threads were stopped: 0.0000284 seconds, Stopping threads took: 0.0000066 seconds
2016-04-18T19:21:46.348+0200: 38.962: Total time for which application threads were stopped: 0.0000290 seconds, Stopping threads took: 0.0000075 seconds
2016-04-18T19:21:46.349+0200: 38.964: Total time for which application threads were stopped: 0.0000933 seconds, Stopping threads took: 0.0000429 seconds
2016-04-18T19:21:46.350+0200: 38.964: Total time for which application threads were stopped: 0.0001132 seconds, Stopping threads took: 0.0000640 seconds
2016-04-18T19:21:46.350+0200: 38.964: Total time for which application threads were stopped: 0.0000320 seconds, Stopping threads took: 0.0000097 seconds
2016-04-18T19:21:46.350+0200: 38.964: Total time for which application threads were stopped: 0.0000317 seconds, Stopping threads took: 0.0000085 seconds
2016-04-18T19:21:46.355+0200: 38.969: Total time for which application threads were stopped: 0.0000866 seconds, Stopping threads took: 0.0000232 seconds
2016-04-18T19:21:46.356+0200: 38.970: Total time for which application threads were stopped: 0.0001135 seconds, Stopping threads took: 0.0000887 seconds
2016-04-18T19:21:46.374+0200: 38.988: Total time for which application threads were stopped: 0.0000912 seconds, Stopping threads took: 0.0000196 seconds
2016-04-18T19:21:47.374+0200: 39.988: Total time for which application threads were stopped: 0.0000715 seconds, Stopping threads took: 0.0000214 seconds
2016-04-18T19:21:55.625+0200: 48.239: Total time for which application threads were stopped: 0.0000939 seconds, Stopping threads took: 0.0000308 seconds
2016-04-18T19:21:55.625+0200: 48.239: Total time for which application threads were stopped: 0.0000764 seconds, Stopping threads took: 0.0000148 seconds
2016-04-18T19:21:55.625+0200: 48.239: Total time for which application threads were stopped: 0.0000531 seconds, Stopping threads took: 0.0000245 seconds
2016-04-18T19:21:55.625+0200: 48.239: Total time for which application threads were stopped: 0.0000483 seconds, Stopping threads took: 0.0000257 seconds
2016-04-18T19:21:55.625+0200: 48.239: Total time for which application threads were stopped: 0.0000598 seconds, Stopping threads took: 0.0000332 seconds
2016-04-18T19:21:55.625+0200: 48.239: Total time for which application threads were stopped: 0.0000601 seconds, Stopping threads took: 0.0000326 seconds
2016-04-18T19:21:55.625+0200: 48.239: Total time for which application threads were stopped: 0.0000450 seconds, Stopping threads took: 0.0000187 seconds
2016-04-18T19:21:55.625+0200: 48.240: Total time for which application threads were stopped: 0.0000477 seconds, Stopping threads took: 0.0000217 seconds
2016-04-18T19:21:55.626+0200: 48.240: Total time for which application threads were stopped: 0.0000613 seconds, Stopping threads took: 0.0000272 seconds
2016-04-18T19:21:55.626+0200: 48.240: Total time for which application threads were stopped: 0.0000471 seconds, Stopping threads took: 0.0000205 seconds
2016-04-18T19:21:55.626+0200: 48.240: Total time for which application threads were stopped: 0.0000634 seconds, Stopping threads took: 0.0000287 seconds
2016-04-18T19:21:55.727+0200: 48.340: Total time for which application threads were stopped: 0.0001229 seconds, Stopping threads took: 0.0000278 seconds
2016-04-18T19:21:55.730+0200: 48.344: Total time for which application threads were stopped: 0.0001310 seconds, Stopping threads took: 0.0000438 seconds
2016-04-18T19:21:55.730+0200: 48.344: Total time for which application threads were stopped: 0.0000731 seconds, Stopping threads took: 0.0000208 seconds
2016-04-18T19:21:55.731+0200: 48.345: Total time for which application threads were stopped: 0.0001395 seconds, Stopping threads took: 0.0000887 seconds
2016-04-18T19:21:55.753+0200: 48.366: Total time for which application threads were stopped: 0.0000984 seconds, Stopping threads took: 0.0000404 seconds
2016-04-18T19:21:55.753+0200: 48.367: Total time for which application threads were stopped: 0.0001141 seconds, Stopping threads took: 0.0000685 seconds
2016-04-18T19:21:55.753+0200: 48.367: Total time for which application threads were stopped: 0.0000546 seconds, Stopping threads took: 0.0000226 seconds
2016-04-18T19:21:55.754+0200: 48.368: Total time for which application threads were stopped: 0.0000863 seconds, Stopping threads took: 0.0000299 seconds
2016-04-18T19:21:55.755+0200: 48.369: Total time for which application threads were stopped: 0.0000685 seconds, Stopping threads took: 0.0000178 seconds
2016-04-18T19:21:55.756+0200: 48.370: Total time for which application threads were stopped: 0.0000580 seconds, Stopping threads took: 0.0000199 seconds
2016-04-18T19:21:55.757+0200: 48.371: Total time for which application threads were stopped: 0.0000890 seconds, Stopping threads took: 0.0000308 seconds
2016-04-18T19:21:55.757+0200: 48.371: Total time for which application threads were stopped: 0.0001361 seconds, Stopping threads took: 0.0000211 seconds
2016-04-18T19:21:55.759+0200: 48.373: Total time for which application threads were stopped: 0.0000803 seconds, Stopping threads took: 0.0000296 seconds
2016-04-18T19:21:55.771+0200: 48.384: Total time for which application threads were stopped: 0.0000890 seconds, Stopping threads took: 0.0000269 seconds
2016-04-18T19:21:55.772+0200: 48.386: Total time for which application threads were stopped: 0.0000788 seconds, Stopping threads took: 0.0000323 seconds
2016-04-18T19:21:55.773+0200: 48.386: Total time for which application threads were stopped: 0.0000691 seconds, Stopping threads took: 0.0000181 seconds
2016-04-18T19:21:55.775+0200: 48.389: Total time for which application threads were stopped: 0.0000746 seconds, Stopping threads took: 0.0000248 seconds
2016-04-18T19:21:55.775+0200: 48.389: Total time for which application threads were stopped: 0.0000827 seconds, Stopping threads took: 0.0000223 seconds
2016-04-18T19:21:55.775+0200: 48.389: Total time for which application threads were stopped: 0.0000552 seconds, Stopping threads took: 0.0000190 seconds
2016-04-18T19:21:55.776+0200: 48.389: Total time for which application threads were stopped: 0.0000537 seconds, Stopping threads took: 0.0000202 seconds
2016-04-18T19:21:55.776+0200: 48.389: Total time for which application threads were stopped: 0.0000592 seconds, Stopping threads took: 0.0000226 seconds
2016-04-18T19:21:55.777+0200: 48.391: Total time for which application threads were stopped: 0.0000788 seconds, Stopping threads took: 0.0000205 seconds
2016-04-18T19:21:55.777+0200: 48.391: Total time for which application threads were stopped: 0.0000679 seconds, Stopping threads took: 0.0000238 seconds
2016-04-18T19:21:55.778+0200: 48.392: Total time for which application threads were stopped: 0.0000640 seconds, Stopping threads took: 0.0000238 seconds
2016-04-18T19:21:55.778+0200: 48.392: Total time for which application threads were stopped: 0.0000495 seconds, Stopping threads took: 0.0000184 seconds
2016-04-18T19:21:55.779+0200: 48.392: Total time for which application threads were stopped: 0.0000643 seconds, Stopping threads took: 0.0000190 seconds
2016-04-18T19:21:55.780+0200: 48.394: Total time for which application threads were stopped: 0.0001340 seconds, Stopping threads took: 0.0000694 seconds
2016-04-18T19:21:55.780+0200: 48.394: Total time for which application threads were stopped: 0.0000652 seconds, Stopping threads took: 0.0000232 seconds
2016-04-18T19:21:55.787+0200: 48.401: Total time for which application threads were stopped: 0.0000927 seconds, Stopping threads took: 0.0000245 seconds
2016-04-18T19:21:55.798+0200: 48.411: Total time for which application threads were stopped: 0.0001693 seconds, Stopping threads took: 0.0000278 seconds
2016-04-18T19:21:56.055+0200: 48.670: Total time for which application threads were stopped: 0.0000824 seconds, Stopping threads took: 0.0000184 seconds
2016-04-18T19:21:56.060+0200: 48.675: Total time for which application threads were stopped: 0.0005107 seconds, Stopping threads took: 0.0000362 seconds
2016-04-18T19:21:56.070+0200: 48.685: Total time for which application threads were stopped: 0.0001111 seconds, Stopping threads took: 0.0000441 seconds
2016-04-18T19:21:57.071+0200: 49.684: Total time for which application threads were stopped: 0.0001063 seconds, Stopping threads took: 0.0000320 seconds
2016-04-18T19:21:58.057+0200: 50.672: Total time for which application threads were stopped: 0.0000712 seconds, Stopping threads took: 0.0000232 seconds
2016-04-18T19:21:59.057+0200: 51.671: Total time for which application threads were stopped: 0.0000993 seconds, Stopping threads took: 0.0000229 seconds
2016-04-18T19:22:45.806+0200: 98.420: Total time for which application threads were stopped: 0.0001687 seconds, Stopping threads took: 0.0000939 seconds
2016-04-18T19:22:45.806+0200: 98.420: Total time for which application threads were stopped: 0.0000549 seconds, Stopping threads took: 0.0000311 seconds
2016-04-18T19:22:47.340+0200: 99.954: Total time for which application threads were stopped: 0.0001168 seconds, Stopping threads took: 0.0000417 seconds
2016-04-18T19:22:47.340+0200: 99.954: Total time for which application threads were stopped: 0.0000652 seconds, Stopping threads took: 0.0000290 seconds
2016-04-18T19:22:47.433+0200: 100.048: Total time for which application threads were stopped: 0.0000845 seconds, Stopping threads took: 0.0000281 seconds
2016-04-18T19:22:47.433+0200: 100.048: Total time for which application threads were stopped: 0.0000616 seconds, Stopping threads took: 0.0000299 seconds
2016-04-18T19:22:47.435+0200: 100.049: Total time for which application threads were stopped: 0.0000604 seconds, Stopping threads took: 0.0000190 seconds
2016-04-18T19:22:47.435+0200: 100.049: Total time for which application threads were stopped: 0.0000441 seconds, Stopping threads took: 0.0000172 seconds
2016-04-18T19:22:47.435+0200: 100.049: Total time for which application threads were stopped: 0.0000519 seconds, Stopping threads took: 0.0000154 seconds
2016-04-18T19:22:47.435+0200: 100.050: Total time for which application threads were stopped: 0.0000429 seconds, Stopping threads took: 0.0000205 seconds
2016-04-18T19:22:47.435+0200: 100.050: Total time for which application threads were stopped: 0.0000386 seconds, Stopping threads took: 0.0000103 seconds
2016-04-18T19:22:47.436+0200: 100.050: Total time for which application threads were stopped: 0.0000426 seconds, Stopping threads took: 0.0000112 seconds
2016-04-18T19:22:47.436+0200: 100.050: Total time for which application threads were stopped: 0.0001609 seconds, Stopping threads took: 0.0000154 seconds
2016-04-18T19:22:47.445+0200: 100.059: Total time for which application threads were stopped: 0.0001250 seconds, Stopping threads took: 0.0000501 seconds
2016-04-18T19:22:47.445+0200: 100.059: Total time for which application threads were stopped: 0.0000712 seconds, Stopping threads took: 0.0000395 seconds
2016-04-18T19:22:47.445+0200: 100.059: Total time for which application threads were stopped: 0.0000818 seconds, Stopping threads took: 0.0000362 seconds
2016-04-18T19:22:47.445+0200: 100.059: Total time for which application threads were stopped: 0.0000610 seconds, Stopping threads took: 0.0000229 seconds
2016-04-18T19:22:48.446+0200: 101.060: Total time for which application threads were stopped: 0.0000906 seconds, Stopping threads took: 0.0000214 seconds
2016-04-18T19:22:51.815+0200: 104.429: Total time for which application threads were stopped: 0.0001298 seconds, Stopping threads took: 0.0000749 seconds
{Heap before GC invocations=71 (full 5):
 par new generation   total 109248K, used 109248K [0x00000000e0000000, 0x00000000e8000000, 0x00000000e8000000)
  eden space 87424K, 100% used [0x00000000e0000000, 0x00000000e5560000, 0x00000000e5560000)
  from space 21824K, 100% used [0x00000000e6ab0000, 0x00000000e8000000, 0x00000000e8000000)
  to   space 21824K,   0% used [0x00000000e5560000, 0x00000000e5560000, 0x00000000e6ab0000)
 concurrent mark-sweep generation total 393216K, used 150512K [0x00000000e8000000, 0x0000000100000000, 0x0000000100000000)
 Metaspace       used 31772K, capacity 32110K, committed 32640K, reserved 1077248K
  class space    used 3741K, capacity 3879K, committed 3968K, reserved 1048576K
2016-04-18T19:22:51.836+0200: 104.450: [GC (Allocation Failure) 2016-04-18T19:22:51.836+0200: 104.450: [ParNew
Desired survivor size 20112992 bytes, new threshold 8 (max 8)
- age   1:    1086560 bytes,    1086560 total
- age   2:       1032 bytes,    1087592 total
- age   3:     220944 bytes,    1308536 total
- age   4:    6516728 bytes,    7825264 total
- age   5:    2058352 bytes,    9883616 total
- age   6:    1211272 bytes,   11094888 total
- age   7:     853904 bytes,   11948792 total
- age   8:    1277352 bytes,   13226144 total
: 109248K->14014K(109248K), 0.0061999 secs] 259760K->168063K(502464K), 0.0062793 secs] [Times: user=0.00 sys=0.00, real=0.01 secs] 
